******************************************************************************
               TMS320C6x Linker PC v7.4.16                     
******************************************************************************
>> Linked Wed Apr 17 20:45:02 2019

OUTPUT FILE NAME:   <Lab2P2.out>
ENTRY POINT SYMBOL: "_c_int00"  address: 11806c60


MEMORY CONFIGURATION

         name            origin    length      used     unused   attr    fill
----------------------  --------  ---------  --------  --------  ----  --------
  VECTORS               11800000   00000200  00000200  00000000  RWIX
  DSPRAM                11800200   0003fe00  0000a0a2  00035d5e  RWIX
  SHAREDRAM             80000000   00020000  00000000  00020000  RWIX
  SDRAM                 c0000000   08000000  00000000  08000000  RWIX


SECTION ALLOCATION MAP

 output                                  attributes/
section   page    origin      length       input sections
--------  ----  ----------  ----------   ----------------
vectors    0    11800000    00000200     
                  11800000    00000200     vectors.obj (vectors)

.text      0    11800200    00007020     
                  11800200    00000dc0     LCDK_Support_DSP.obj (.text)
                  11800fc0    000005a0     rts6740.lib : divd.obj (.text:__divd)
                  11801560    00000580                 : _printfi.obj (.text:__getarg_diouxp)
                  11801ae0    00000520                 : _printfi.obj (.text:__setfield)
                  11802000    00000460     ISRs.obj (.text:retain)
                  11802460    00000440     rts6740.lib : _printfi.obj (.text:__printfi)
                  118028a0    000003a0                 : fputs.obj (.text:_fputs)
                  11802c40    00000320                 : _printfi.obj (.text:__pproc_fge)
                  11802f60    000002c0                 : _printfi.obj (.text:__pproc_fwp)
                  11803220    000002a0                 : _printfi.obj (.text:_ecvt)
                  118034c0    000002a0                 : _printfi.obj (.text:_fcvt)
                  11803760    00000280                 : memory.obj (.text:_free)
                  118039e0    00000260                 : imath64.obj (.text:__divull)
                  11803c40    00000260                 : _printfi.obj (.text:__pconv_e)
                  11803ea0    00000240                 : _printfi.obj (.text:__pproc_diouxp)
                  118040e0    00000220                 : _printfi.obj (.text:__pproc_str)
                  11804300    00000220                 : fputc.obj (.text:_fputc)
                  11804520    00000200                 : _printfi.obj (.text:__pconv_g)
                  11804720    00000200                 : setvbuf.obj (.text:_setvbuf)
                  11804920    000001c0                 : _printfi.obj (.text:__mcpy)
                  11804ae0    000001a0                 : imath40.obj (.text:__divul)
                  11804c80    00000180                 : trgdrv.obj (.text:_HOSTrename)
                  11804e00    00000180                 : memory.obj (.text:_malloc)
                  11804f80    00000140                 : _printfi.obj (.text:__pproc_fflags)
                  118050c0    00000140                 : lowlev.obj (.text:_getdevice)
                  11805200    00000120                 : fclose.obj (.text:__closefile)
                  11805320    00000120                 : _printfi.obj (.text:__ltostr)
                  11805440    00000120                 : fseek.obj (.text:_fseek)
                  11805560    00000100                 : trgdrv.obj (.text:_HOSTlseek)
                  11805660    00000100                 : _io_perm.obj (.text:__wrt_ok)
                  11805760    000000e0                 : trgdrv.obj (.text:_HOSTopen)
                  11805840    000000e0                 : trgdrv.obj (.text:_HOSTread)
                  11805920    000000e0                 : atoi.obj (.text:_atoi)
                  11805a00    000000e0                 : lowlev.obj (.text:_close)
                  11805ae0    000000e0                 : memset.obj (.text:_memset)
                  11805bc0    000000e0                 : printf.obj (.text:_printf)
                  11805ca0    000000c0                 : trgdrv.obj (.text:_HOSTunlink)
                  11805d60    000000c0                 : trgdrv.obj (.text:_HOSTwrite)
                  11805e20    000000c0                 : autoinit.obj (.text:__auto_init)
                  11805ee0    000000c0                 : _printfi.obj (.text:__div)
                  11805fa0    000000c0                 : divu.obj (.text:__divu)
                  11806060    000000c0                 : fflush.obj (.text:__doflush)
                  11806120    000000c0                 : exit.obj (.text:_exit)
                  118061e0    000000c0                 : ltoa.obj (.text:_ltoa)
                  118062a0    000000a0                 : trgdrv.obj (.text:_HOSTclose)
                  11806340    000000a0                 : fopen.obj (.text:__cleanup)
                  118063e0    000000a0                 : imath40.obj (.text:__divli)
                  11806480    000000a0                 : _printfi.obj (.text:__ecpy)
                  11806520    000000a0                 : _printfi.obj (.text:__fcpy)
                  118065c0    000000a0                 : fixdli.obj (.text:__fixdli)
                  11806660    000000a0                 : _printfi.obj (.text:__pconv_f)
                  11806700    000000a0                 : cpy_tbl.obj (.text:_copy_in)
                  118067a0    000000a0                 : lowlev.obj (.text:_finddevice)
                  11806840    000000a0                 : lowlev.obj (.text:_lseek)
                  118068e0    000000a0                 : memcpy64.obj (.text:_memcpy)
                  11806980    000000a0                 : memory.obj (.text:_minsert)
                  11806a20    000000a0                 : memory.obj (.text:_mremove)
                  11806ac0    000000a0                 : lowlev.obj (.text:_write)
                  11806b60    00000080                 : fltlid.obj (.text:__fltlid)
                  11806be0    00000080                 : llshift.obj (.text:__llshl)
                  11806c60    00000080                 : boot.obj (.text:_c_int00)
                  11806ce0    00000080                 : trgmsg.obj (.text:_readmsg)
                  11806d60    00000080                 : lowlev.obj (.text:_unlink)
                  11806de0    00000060                 : cpp_init.obj (.text:___TI_cpp_init)
                  11806e40    00000060                 : imath64.obj (.text:__subcull)
                  11806ea0    00000060                 : memccpy.obj (.text:_memccpy)
                  11806f00    00000060                 : trgmsg.obj (.text:_writemsg)
                  11806f60    00000040                 : isinf.obj (.text:___isinf)
                  11806fa0    00000040                 : _printfi.obj (.text:___isnan)
                  11806fe0    00000040                 : args_main.obj (.text:__args_main)
                  11807020    00000040                 : frcmpyd_div.obj (.text:__frcmpyd_div)
                  11807060    00000040                 : llshift.obj (.text:__llshru)
                  118070a0    00000040                 : imath40.obj (.text:__remli)
                  118070e0    00000040     function.obj (.text)
                  11807120    00000020     StartUp.obj (.text)
                  11807140    00000020     rts6740.lib : negll.obj (.text:__negll)
                  11807160    00000020                 : _lock.obj (.text:__nop)
                  11807180    00000020                 : printf.obj (.text:__outc)
                  118071a0    00000020                 : printf.obj (.text:__outs)
                  118071c0    00000020                 : exit.obj (.text:_abort)
                  118071e0    00000020                 : remove.obj (.text:_remove)
                  11807200    00000020     main.obj (.text)

.far       0    11807220    00002470     UNINITIALIZED
                  11807220    00002008     ISRs.obj (.far)
                  11809228    00000324     rts6740.lib : defs.obj (.far)
                  1180954c    00000004                 : fopen.obj (.far)
                  11809550    0000011c                 : lowlev.obj (.far)
                  1180966c    0000000c                 : exit.obj (.far)
                  11809678    00000008                 : _lock.obj (.far)
                  11809680    00000008                 : memory.obj (.far)
                  11809688    00000008                 : trgdrv.obj (.far)

.stack     0    11809690    00000400     UNINITIALIZED
                  11809690    00000008     rts6740.lib : boot.obj (.stack)
                  11809698    000003f8     --HOLE--

.sysmem    0    11809a90    00000400     UNINITIALIZED
                  11809a90    00000008     rts6740.lib : memory.obj (.sysmem)
                  11809a98    000003f8     --HOLE--

.cinit     0    11809e90    00000194     
                  11809e90    0000005c     rts6740.lib : defs.obj (.cinit)
                  11809eec    00000004     --HOLE-- [fill = 0]
                  11809ef0    0000005c                 : lowlev.obj (.cinit)
                  11809f4c    00000004     --HOLE-- [fill = 0]
                  11809f50    0000002c     ISRs.obj (.cinit)
                  11809f7c    00000004     --HOLE-- [fill = 0]
                  11809f80    0000002c     rts6740.lib : exit.obj (.cinit)
                  11809fac    00000004     --HOLE-- [fill = 0]
                  11809fb0    0000002c                 : memory.obj (.cinit)
                  11809fdc    00000004     --HOLE-- [fill = 0]
                  11809fe0    0000001c                 : _lock.obj (.cinit)
                  11809ffc    00000004     --HOLE-- [fill = 0]
                  1180a000    0000000c     LCDK_Support_DSP.obj (.cinit)
                  1180a00c    00000004     --HOLE-- [fill = 0]
                  1180a010    0000000c     rts6740.lib : fopen.obj (.cinit)
                  1180a01c    00000004     --HOLE-- [fill = 0]
                  1180a020    00000004     (.pad.cinit) [fill = 0]

.const     0    1180a028    00000136     
                  1180a028    00000101     rts6740.lib : ctype.obj (.const:.string:__ctypes_)
                  1180a129    00000023                 : _printfi.obj (.const:.string)
                  1180a14c    00000010     ISRs.obj (.const:.string)
                  1180a15c    00000002     rts6740.lib : fputs.obj (.const:.string)

.cio       0    1180a160    00000120     UNINITIALIZED
                  1180a160    00000120     rts6740.lib : trgmsg.obj (.cio)

.switch    0    1180a280    00000018     
                  1180a280    00000018     LCDK_Support_DSP.obj (.switch:_SetSampleRate_AIC3106)

.bss       0    1180a298    00000010     UNINITIALIZED
                  1180a298    0000000c     ISRs.obj (.bss)
                  1180a2a4    00000004     LCDK_Support_DSP.obj (.bss)


GLOBAL SYMBOLS: SORTED ALPHABETICALLY BY Name 

address    name
--------   ----
1180a298   $bss
1180a298   .bss
11800200   .text
118071c0   C$$EXIT
11806f58   C$$IO$$
118008ec   _AIC3106_write_reg
11800674   _CheckForOverrun
11807220   _CodecDataIn
11807224   _CodecDataOut
11802000   _Codec_ISR
11800208   _DSP_Init
11800228   _DSP_Init_EDMA
1180040c   _EnableInterrupts
11800458   _EnableInterrupts_EDMA
11800200   _GetSampleFreq
118062a0   _HOSTclose
11805560   _HOSTlseek
11805760   _HOSTopen
11805840   _HOSTread
11804c80   _HOSTrename
11805ca0   _HOSTunlink
11805d60   _HOSTwrite
118003a4   _InitDigitalOutputs
11800248   _InitLEDs
118006a4   _Init_AIC3106
118004cc   _Init_I2C
118003c8   _Init_Interrupts
11800448   _Init_Interrupts_EDMA
11800a98   _Init_McASP0
11800e28   _Init_UART2
11800f68   _IsDataReady_UART2
11800f8c   _IsTxReady_UART2
11800f08   _Puts_UART2
1180062c   _ReadCodecData
1180038c   _ReadSwitches
11800f48   _Read_UART2
11800928   _Reset_AIC3106
11800528   _Reset_I2C
11800950   _SetSampleRate_AIC3106
11807120   _StartUp
11800650   _WriteCodecData
118003b0   _WriteDigitalOutputs
118002a8   _WriteLEDs
11800548   _Write_I2C
11800ee0   _Write_UART2
1180a160   __CIOBUF_
11809a90   __STACK_END
00000400   __STACK_SIZE
00000400   __SYSMEM_SIZE
00000001   __TI_args_main
11806de0   ___TI_cpp_init
11809674   ___TI_enable_exit_profile_output
ffffffff   ___TI_pprof_out_hndl
ffffffff   ___TI_prof_data_size
ffffffff   ___TI_prof_data_start
ffffffff   ___binit__
1180a298   ___bss__
ffffffff   ___c_args__
11809e90   ___cinit__
1180a2a8   ___end__
11807220   ___etext__
11806f60   ___isinf
ffffffff   ___pinit__
11800200   ___text__
11806fe0   __args_main
11805e20   __auto_init
11805fa0   __c6xabi_divu
11806340   __cleanup
1180966c   __cleanup_ptr
11805200   __closefile
1180a028   __ctypes_
11800fc0   __divd
118063e0   __divli
11805fa0   __divu
11804ae0   __divul
118039e0   __divull
11806060   __doflush
11809670   __dtors_ptr
118065c0   __fixdli
11806b60   __fltlid
11807020   __frcmpyd_div
11809548   __ft_end
11809228   __ftable
11806be0   __llshl
11807060   __llshru
11809678   __lock
11807140   __negll
11807160   __nop
11802460   __printfi
118070a0   __remli
11809690   __stack
11806e40   __subcull
11809a90   __sys_memory
11809408   __tmpnams
1180967c   __unlock
11805660   __wrt_ok
118071c0   _abort
11805920   _atoi
11807228   _bufL
11807a28   _bufR
11806c60   _c_int00
11805a00   _close
11806700   _copy_in
11806120   _exit
11804300   _fputc
118028a0   _fputs
11803760   _free
11805440   _fseek
1180a298   _ii
1180a29c   _iii
1180a2a0   _ij
11806840   _lseek
118061e0   _ltoa
11807200   _main
11804e00   _malloc
11806ea0   _memccpy
118068e0   _memcpy
11805ae0   _memset
11805bc0   _printf
11804300   _putc
11806ce0   _readmsg
118071e0   _remove
11808228   _resL
11808a28   _resR
118070e0   _reversefunc
11804720   _setvbuf
11806d60   _unlink
11800498   _wait
11806ac0   _write
11806f00   _writemsg
ffffffff   binit
11809e90   cinit
1180a2a8   end
11807220   etext
ffffffff   pinit


GLOBAL SYMBOLS: SORTED BY Symbol Address 

address    name
--------   ----
00000001   __TI_args_main
00000400   __STACK_SIZE
00000400   __SYSMEM_SIZE
11800200   .text
11800200   _GetSampleFreq
11800200   ___text__
11800208   _DSP_Init
11800228   _DSP_Init_EDMA
11800248   _InitLEDs
118002a8   _WriteLEDs
1180038c   _ReadSwitches
118003a4   _InitDigitalOutputs
118003b0   _WriteDigitalOutputs
118003c8   _Init_Interrupts
1180040c   _EnableInterrupts
11800448   _Init_Interrupts_EDMA
11800458   _EnableInterrupts_EDMA
11800498   _wait
118004cc   _Init_I2C
11800528   _Reset_I2C
11800548   _Write_I2C
1180062c   _ReadCodecData
11800650   _WriteCodecData
11800674   _CheckForOverrun
118006a4   _Init_AIC3106
118008ec   _AIC3106_write_reg
11800928   _Reset_AIC3106
11800950   _SetSampleRate_AIC3106
11800a98   _Init_McASP0
11800e28   _Init_UART2
11800ee0   _Write_UART2
11800f08   _Puts_UART2
11800f48   _Read_UART2
11800f68   _IsDataReady_UART2
11800f8c   _IsTxReady_UART2
11800fc0   __divd
11802000   _Codec_ISR
11802460   __printfi
118028a0   _fputs
11803760   _free
118039e0   __divull
11804300   _fputc
11804300   _putc
11804720   _setvbuf
11804ae0   __divul
11804c80   _HOSTrename
11804e00   _malloc
11805200   __closefile
11805440   _fseek
11805560   _HOSTlseek
11805660   __wrt_ok
11805760   _HOSTopen
11805840   _HOSTread
11805920   _atoi
11805a00   _close
11805ae0   _memset
11805bc0   _printf
11805ca0   _HOSTunlink
11805d60   _HOSTwrite
11805e20   __auto_init
11805fa0   __c6xabi_divu
11805fa0   __divu
11806060   __doflush
11806120   _exit
118061e0   _ltoa
118062a0   _HOSTclose
11806340   __cleanup
118063e0   __divli
118065c0   __fixdli
11806700   _copy_in
11806840   _lseek
118068e0   _memcpy
11806ac0   _write
11806b60   __fltlid
11806be0   __llshl
11806c60   _c_int00
11806ce0   _readmsg
11806d60   _unlink
11806de0   ___TI_cpp_init
11806e40   __subcull
11806ea0   _memccpy
11806f00   _writemsg
11806f58   C$$IO$$
11806f60   ___isinf
11806fe0   __args_main
11807020   __frcmpyd_div
11807060   __llshru
118070a0   __remli
118070e0   _reversefunc
11807120   _StartUp
11807140   __negll
11807160   __nop
118071c0   C$$EXIT
118071c0   _abort
118071e0   _remove
11807200   _main
11807220   _CodecDataIn
11807220   ___etext__
11807220   etext
11807224   _CodecDataOut
11807228   _bufL
11807a28   _bufR
11808228   _resL
11808a28   _resR
11809228   __ftable
11809408   __tmpnams
11809548   __ft_end
1180966c   __cleanup_ptr
11809670   __dtors_ptr
11809674   ___TI_enable_exit_profile_output
11809678   __lock
1180967c   __unlock
11809690   __stack
11809a90   __STACK_END
11809a90   __sys_memory
11809e90   ___cinit__
11809e90   cinit
1180a028   __ctypes_
1180a160   __CIOBUF_
1180a298   $bss
1180a298   .bss
1180a298   ___bss__
1180a298   _ii
1180a29c   _iii
1180a2a0   _ij
1180a2a8   ___end__
1180a2a8   end
ffffffff   ___TI_pprof_out_hndl
ffffffff   ___TI_prof_data_size
ffffffff   ___TI_prof_data_start
ffffffff   ___binit__
ffffffff   ___c_args__
ffffffff   ___pinit__
ffffffff   binit
ffffffff   pinit

[135 symbols]
