******************************************************************************
               TMS320C6x Linker PC v7.4.16                     
******************************************************************************
>> Linked Thu Apr 18 00:23:20 2019

OUTPUT FILE NAME:   <Lab2P2.out>
ENTRY POINT SYMBOL: "_c_int00"  address: 11803740


MEMORY CONFIGURATION

         name            origin    length      used     unused   attr    fill
----------------------  --------  ---------  --------  --------  ----  --------
  VECTORS               11800000   00000200  00000200  00000000  RWIX
  DSPRAM                11800200   0003fe00  00003b90  0003c270  RWIX
  SHAREDRAM             80000000   00020000  00000000  00020000  RWIX
  SDRAM                 c0000000   08000000  00000000  08000000  RWIX


SECTION ALLOCATION MAP

 output                                  attributes/
section   page    origin      length       input sections
--------  ----  ----------  ----------   ----------------
vectors    0    11800000    00000200     
                  11800000    00000200     vectors.obj (vectors)

.far       0    11800200    00002014     UNINITIALIZED
                  11800200    00002008     ISRs.obj (.far)
                  11802208    0000000c     rts6740.lib : exit.obj (.far)

.text      0    11802220    000016e0     
                  11802220    00000dc0     LCDK_Support_DSP.obj (.text)
                  11802fe0    000003e0     ISRs.obj (.text:retain)
                  118033c0    000000c0     rts6740.lib : autoinit.obj (.text:__auto_init)
                  11803480    000000c0                 : divu.obj (.text:__divu)
                  11803540    000000c0                 : exit.obj (.text:_exit)
                  11803600    000000a0                 : cpy_tbl.obj (.text:_copy_in)
                  118036a0    000000a0                 : memcpy64.obj (.text:_memcpy)
                  11803740    00000080                 : boot.obj (.text:_c_int00)
                  118037c0    00000060                 : cpp_init.obj (.text:___TI_cpp_init)
                  11803820    00000040                 : args_main.obj (.text:__args_main)
                  11803860    00000040     function.obj (.text)
                  118038a0    00000020     StartUp.obj (.text)
                  118038c0    00000020     rts6740.lib : exit.obj (.text:_abort)
                  118038e0    00000020     main.obj (.text)

.stack     0    11803900    00000400     UNINITIALIZED
                  11803900    00000008     rts6740.lib : boot.obj (.stack)
                  11803908    000003f8     --HOLE--

.cinit     0    11803d00    00000074     
                  11803d00    0000002c     ISRs.obj (.cinit)
                  11803d2c    00000004     --HOLE-- [fill = 0]
                  11803d30    0000002c     rts6740.lib : exit.obj (.cinit)
                  11803d5c    00000004     --HOLE-- [fill = 0]
                  11803d60    0000000c     LCDK_Support_DSP.obj (.cinit)
                  11803d6c    00000004     --HOLE-- [fill = 0]
                  11803d70    00000004     (.pad.cinit) [fill = 0]

.switch    0    11803d74    00000018     
                  11803d74    00000018     LCDK_Support_DSP.obj (.switch:_SetSampleRate_AIC3106)

.bss       0    11803d8c    00000010     UNINITIALIZED
                  11803d8c    0000000c     ISRs.obj (.bss)
                  11803d98    00000004     LCDK_Support_DSP.obj (.bss)


GLOBAL SYMBOLS: SORTED ALPHABETICALLY BY Name 

address    name
--------   ----
11803d8c   $bss
11803d8c   .bss
11802220   .text
118038c0   C$$EXIT
1180290c   _AIC3106_write_reg
11802694   _CheckForOverrun
11800200   _CodecDataIn
11800204   _CodecDataOut
11802fe0   _Codec_ISR
11802228   _DSP_Init
11802248   _DSP_Init_EDMA
1180242c   _EnableInterrupts
11802478   _EnableInterrupts_EDMA
11802220   _GetSampleFreq
118023c4   _InitDigitalOutputs
11802268   _InitLEDs
118026c4   _Init_AIC3106
118024ec   _Init_I2C
118023e8   _Init_Interrupts
11802468   _Init_Interrupts_EDMA
11802ab8   _Init_McASP0
11802e48   _Init_UART2
11802f88   _IsDataReady_UART2
11802fac   _IsTxReady_UART2
11802f28   _Puts_UART2
1180264c   _ReadCodecData
118023ac   _ReadSwitches
11802f68   _Read_UART2
11802948   _Reset_AIC3106
11802548   _Reset_I2C
11802970   _SetSampleRate_AIC3106
118038a0   _StartUp
11802670   _WriteCodecData
118023d0   _WriteDigitalOutputs
118022c8   _WriteLEDs
11802568   _Write_I2C
11802f00   _Write_UART2
11803d00   __STACK_END
00000400   __STACK_SIZE
00000001   __TI_args_main
118037c0   ___TI_cpp_init
11802210   ___TI_enable_exit_profile_output
ffffffff   ___TI_pprof_out_hndl
ffffffff   ___TI_prof_data_size
ffffffff   ___TI_prof_data_start
ffffffff   ___binit__
11803d8c   ___bss__
ffffffff   ___c_args__
11803d00   ___cinit__
11803d9c   ___end__
11803900   ___etext__
ffffffff   ___pinit__
11802220   ___text__
11803820   __args_main
118033c0   __auto_init
11803480   __c6xabi_divu
11802208   __cleanup_ptr
11803480   __divu
1180220c   __dtors_ptr
11803900   __stack
118038c0   _abort
11800208   _bufL
11800a08   _bufR
11803740   _c_int00
11803600   _copy_in
11803540   _exit
11803d8c   _ii
11803d90   _iii
11803d94   _ij
118038e0   _main
118036a0   _memcpy
11801208   _resL
11801a08   _resR
11803860   _reversefunc
118024b8   _wait
ffffffff   binit
11803d00   cinit
11803d9c   end
11803900   etext
ffffffff   pinit


GLOBAL SYMBOLS: SORTED BY Symbol Address 

address    name
--------   ----
00000001   __TI_args_main
00000400   __STACK_SIZE
11800200   _CodecDataIn
11800204   _CodecDataOut
11800208   _bufL
11800a08   _bufR
11801208   _resL
11801a08   _resR
11802208   __cleanup_ptr
1180220c   __dtors_ptr
11802210   ___TI_enable_exit_profile_output
11802220   .text
11802220   _GetSampleFreq
11802220   ___text__
11802228   _DSP_Init
11802248   _DSP_Init_EDMA
11802268   _InitLEDs
118022c8   _WriteLEDs
118023ac   _ReadSwitches
118023c4   _InitDigitalOutputs
118023d0   _WriteDigitalOutputs
118023e8   _Init_Interrupts
1180242c   _EnableInterrupts
11802468   _Init_Interrupts_EDMA
11802478   _EnableInterrupts_EDMA
118024b8   _wait
118024ec   _Init_I2C
11802548   _Reset_I2C
11802568   _Write_I2C
1180264c   _ReadCodecData
11802670   _WriteCodecData
11802694   _CheckForOverrun
118026c4   _Init_AIC3106
1180290c   _AIC3106_write_reg
11802948   _Reset_AIC3106
11802970   _SetSampleRate_AIC3106
11802ab8   _Init_McASP0
11802e48   _Init_UART2
11802f00   _Write_UART2
11802f28   _Puts_UART2
11802f68   _Read_UART2
11802f88   _IsDataReady_UART2
11802fac   _IsTxReady_UART2
11802fe0   _Codec_ISR
118033c0   __auto_init
11803480   __c6xabi_divu
11803480   __divu
11803540   _exit
11803600   _copy_in
118036a0   _memcpy
11803740   _c_int00
118037c0   ___TI_cpp_init
11803820   __args_main
11803860   _reversefunc
118038a0   _StartUp
118038c0   C$$EXIT
118038c0   _abort
118038e0   _main
11803900   ___etext__
11803900   __stack
11803900   etext
11803d00   __STACK_END
11803d00   ___cinit__
11803d00   cinit
11803d8c   $bss
11803d8c   .bss
11803d8c   ___bss__
11803d8c   _ii
11803d90   _iii
11803d94   _ij
11803d9c   ___end__
11803d9c   end
ffffffff   ___TI_pprof_out_hndl
ffffffff   ___TI_prof_data_size
ffffffff   ___TI_prof_data_start
ffffffff   ___binit__
ffffffff   ___c_args__
ffffffff   ___pinit__
ffffffff   binit
ffffffff   pinit

[80 symbols]
