******************************************************************************
               TMS320C6x Linker Unix v8.3.3                    
******************************************************************************
>> Linked Tue May 28 03:54:23 2019

OUTPUT FILE NAME:   <Lab4p1.out>
ENTRY POINT SYMBOL: "_c_int00"  address: 11808700


MEMORY CONFIGURATION

         name            origin    length      used     unused   attr    fill
----------------------  --------  ---------  --------  --------  ----  --------
  VECTORS               11800000   00000200  00000200  00000000  RWIX
  DSPRAM                11800200   0003fe00  0000b19c  00034c64  RWIX
  SHAREDRAM             80000000   00020000  00000000  00020000  RWIX
  SDRAM                 c0000000   08000000  00000000  08000000  RWIX


SEGMENT ALLOCATION MAP

run origin  load origin   length   init length attrs members
----------  ----------- ---------- ----------- ----- -------
11800000    11800000    00009380   00009380    r-x
  11800000    11800000    00000200   00000200    r-x vectors
  11800200    11800200    00009180   00009180    r-x .text
11809380    11809380    00000df0   00000000    rw-
  11809380    11809380    00000df0   00000000    rw- .far
1180a170    1180a170    00000470   00000470    r--
  1180a170    1180a170    00000470   00000470    r-- .const
1180a5e0    1180a5e0    00000c70   00000000    rw-
  1180a5e0    1180a5e0    00000400   00000000    rw- .stack
  1180a9e0    1180a9e0    00000400   00000000    rw- .sysmem
  1180ade0    1180ade0    00000350   00000000    rw- .fardata
  1180b130    1180b130    00000120   00000000    rw- .cio
1180b250    1180b250    00000050   00000050    r--
  1180b250    1180b250    00000050   00000050    r-- .switch
1180b2a0    1180b2a0    00000010   00000000    rw-
  1180b2a0    1180b2a0    0000000c   00000000    rw- .neardata
  1180b2ac    1180b2ac    00000004   00000000    rw- .bss
1180b2b0    1180b2b0    000000f0   000000f0    r--
  1180b2b0    1180b2b0    00000004   00000004    r-- .init_array
  1180b2b8    1180b2b8    000000e8   000000e8    r-- .cinit


SECTION ALLOCATION MAP

 output                                  attributes/
section   page    origin      length       input sections
--------  ----  ----------  ----------   ----------------
vectors    0    11800000    00000200     
                  11800000    00000200     vectors.obj (vectors)

.text      0    11800200    00009180     
                  11800200    00001fe0     rts6740_elf.lib : _printfi.c.obj (.text:__TI_printfi)
                  118021e0    00000d60     LCDK_Support_DSP.obj (.text)
                  11802f40    00000660     rts6740_elf.lib : _printfi.c.obj (.text:_pconv_a)
                  118035a0    00000600                     : divd.c.obj (.text:__c6xabi_divd)
                  11803ba0    00000400                     : _printfi.c.obj (.text:_pconv_g)
                  11803fa0    000003c0                     : memory.c.obj (.text:free)
                  11804360    00000320                     : fputs.c.obj (.text:fputs)
                  11804680    000002e0     synth.obj (.text)
                  11804960    000002c0     pitchshift.obj (.text)
                  11804c20    000002a0     rts6740_elf.lib : _printfi.c.obj (.text:_pconv_e)
                  11804ec0    000002a0                     : _printfi.c.obj (.text:fcvt)
                  11805160    00000280                     : exp.c.obj (.text:exp)
                  118053e0    00000260                     : imath64.c.obj (.text:__c6xabi_divull)
                  11805640    00000200                     : _printfi.c.obj (.text:_ltostr)
                  11805840    000001c0                     : imath40.c.obj (.text:__c6xabi_divul)
                  11805a00    000001c0                     : fputc.c.obj (.text:fputc)
                  11805bc0    000001c0                     : frexp.c.obj (.text:frexp)
                  11805d80    000001c0                     : ldexp.c.obj (.text:ldexp)
                  11805f40    000001c0                     : memory.c.obj (.text:malloc)
                  11806100    000001c0                     : setvbuf.c.obj (.text:setvbuf)
                  118062c0    000001a0                     : hostrename.c.obj (.text:HOSTrename)
                  11806460    000001a0     synth.obj (.text:_ZN3RCH11Oscillators9Templates8Triangle4tickEv)
                  11806600    00000180     ISRs.obj (.text:retain)
                  11806780    00000120     rts6740_elf.lib : _printfi.c.obj (.text:_pconv_f)
                  118068a0    00000120                     : getdevice.c.obj (.text:getdevice)
                  118069c0    00000100                     : autoinit.c.obj (.text:__TI_auto_init_nobinit:__TI_auto_init_nobinit)
                  11806ac0    00000100                     : fclose.c.obj (.text:__TI_closefile)
                  11806bc0    00000100                     : copy_decompress_rle.c.obj (.text:__TI_decompress_rle_core)
                  11806cc0    00000100                     : _printfi.c.obj (.text:_mcpy)
                  11806dc0    00000100                     : atoi.c.obj (.text:atoi)
                  11806ec0    00000100                     : fflush.c.obj (.text:fflush)
                  11806fc0    00000100                     : fseek.c.obj (.text:fseek)
                  118070c0    000000e0                     : hostlseek.c.obj (.text:HOSTlseek)
                  118071a0    000000e0                     : hostopen.c.obj (.text:HOSTopen)
                  11807280    000000e0                     : hostwrite.c.obj (.text:HOSTwrite)
                  11807360    000000e0                     : _ltoa.c.obj (.text:__TI_ltoa)
                  11807440    000000e0                     : _io_perm.c.obj (.text:__TI_wrt_ok)
                  11807520    000000e0                     : close.c.obj (.text:close)
                  11807600    000000e0                     : exit.c.obj (.text:exit)
                  118076e0    000000e0                     : memset.c.obj (.text:memset)
                  118077c0    000000e0                     : printf.c.obj (.text:printf)
                  118078a0    000000c0                     : hostread.c.obj (.text:HOSTread)
                  11807960    000000c0                     : hostunlink.c.obj (.text:HOSTunlink)
                  11807a20    000000c0                     : dtor_list.c.obj (.text:_Z23__finalize_destructionsPP20a_needed_destructionPv)
                  11807ae0    000000c0                     : dtor_list.c.obj (.text:_ZN33_INTERNAL_11_dtor_list_c_14e673d611__TI_atexitEPFYvPvES0_S0_)
                  11807ba0    000000c0     synth.obj (.text:_ZN3RCH7Helpers8SkeletonC1Ev)
                  11807c60    000000c0     rts6740_elf.lib : divu.asm.obj (.text:__divu)
                  11807d20    000000c0                     : remi.asm.obj (.text:__remi)
                  11807de0    000000c0                     : modf.c.obj (.text:modf)
                  11807ea0    000000c0                     : memory.c.obj (.text:mremove)
                  11807f60    000000c0                     : tls.c.obj (.text:tls:init:__TI_tls_init)
                  11808020    000000a0                     : hostclose.c.obj (.text:HOSTclose)
                  118080c0    000000a0                     : fopen.c.obj (.text:__TI_cleanup)
                  11808160    000000a0                     : fflush.c.obj (.text:__TI_doflush)
                  11808200    000000a0                     : _printfi.c.obj (.text:_ecpy)
                  118082a0    000000a0                     : getdevice.c.obj (.text:finddevice)
                  11808340    000000a0                     : memcpy64.asm.obj (.text:memcpy)
                  118083e0    000000a0                     : memory.c.obj (.text:minsert)
                  11808480    00000080     synth.obj (.text:_ZN3RCH7Helpers7WrapperINS_11Oscillators9Templates8TriangleEE5setupERKdS7_S7_S7_)
                  11808500    00000080     synth.obj (.text:_ZN3RCH7Helpers8Skeleton12setFrequencyERKd)
                  11808580    00000080     synth.obj (.text:_ZN3RCH7Helpers8Skeleton13setSampleRateERKd)
                  11808600    00000080     rts6740_elf.lib : trgmsg.c.obj (.text:__TI_readmsg)
                  11808680    00000080                     : llshift.c.obj (.text:__c6xabi_llshl)
                  11808700    00000080                     : boot.c.obj (.text:_c_int00)
                  11808780    00000080                     : unlink.c.obj (.text:unlink)
                  11808800    00000060                     : trgmsg.c.obj (.text:__TI_writemsg)
                  11808860    00000060                     : llshift.c.obj (.text:__c6xabi_llshru)
                  118088c0    00000060                     : imath64.c.obj (.text:_subcull)
                  11808920    00000060                     : lseek.c.obj (.text:lseek)
                  11808980    00000060                     : memccpy.c.obj (.text:memccpy)
                  118089e0    00000060                     : write.c.obj (.text:write)
                  11808a40    00000040                     : typeinfo.c.obj (.text:_ZN10__cxxabiv117__class_type_infoD0Ev)
                  11808a80    00000040                     : typeinfo.c.obj (.text:_ZN10__cxxabiv120__si_class_type_infoD0Ev)
                  11808ac0    00000040                     : typeinfo.c.obj (.text:_ZN10__cxxabiv121__vmi_class_type_infoD0Ev)
                  11808b00    00000040     synth.obj (.text:_ZN3RCH11Oscillators8TriangleC1Ev)
                  11808b40    00000040     synth.obj (.text:_ZN3RCH11Oscillators9Templates8TriangleC1Ev)
                  11808b80    00000040     synth.obj (.text:_ZN3RCH7Helpers7WrapperINS_11Oscillators9Templates8TriangleEEC1Ev)
                  11808bc0    00000040     synth.obj (.text:_ZN3RCH7Helpers8Decibels6ToGainERKd)
                  11808c00    00000040     synth.obj (.text:_ZN3RCH7Helpers8Skeleton12setAmplitudeERKf)
                  11808c40    00000040     synth.obj (.text:_ZN3RCH7Helpers8Skeleton14setPhaseOffsetERKd)
                  11808c80    00000040     synth.obj (.text:_ZN3RCH7Helpers8Skeleton5resetEv)
                  11808cc0    00000040     synth.obj (.text:_ZN3RCH7Helpers8Skeleton9setVolumeERKd)
                  11808d00    00000040     rts6740_elf.lib : frcmpyd_div.c.obj (.text:__TI_frcmpyd_div)
                  11808d40    00000040                     : assert.c.obj (.text:__c6xabi_abort_msg)
                  11808d80    00000040                     : isinf.c.obj (.text:__c6xabi_isinf)
                  11808dc0    00000040                     : _printfi.c.obj (.text:__c6xabi_isnan)
                  11808e00    00000040                     : args_main.c.obj (.text:_args_main)
                  11808e40    00000040                     : wcslen.c.obj (.text:wcslen)
                  11808e80    00000020     StartUp.obj (.text)
                  11808ea0    00000020     rts6740_elf.lib : typeinfo.c.obj (.text:_ZN10__cxxabiv117__class_type_infoD1Ev)
                  11808ec0    00000020                     : typeinfo.c.obj (.text:_ZN10__cxxabiv120__si_class_type_infoD1Ev)
                  11808ee0    00000020                     : typeinfo.c.obj (.text:_ZN10__cxxabiv121__vmi_class_type_infoD1Ev)
                  11808f00    00000020     synth.obj (.text:_ZN3RCH11Oscillators8TriangleD0Ev)
                  11808f20    00000020     synth.obj (.text:_ZN3RCH11Oscillators8TriangleD1Ev)
                  11808f40    00000020     synth.obj (.text:_ZN3RCH11Oscillators9Templates8TriangleD0Ev)
                  11808f60    00000020     synth.obj (.text:_ZN3RCH11Oscillators9Templates8TriangleD1Ev)
                  11808f80    00000020     synth.obj (.text:_ZN3RCH7Helpers7WrapperINS_11Oscillators9Templates8TriangleEE12setFrequencyERKd)
                  11808fa0    00000020     synth.obj (.text:_ZN3RCH7Helpers7WrapperINS_11Oscillators9Templates8TriangleEE13setSampleRateERKd)
                  11808fc0    00000020     synth.obj (.text:_ZN3RCH7Helpers7WrapperINS_11Oscillators9Templates8TriangleEE14setPhaseOffsetERKd)
                  11808fe0    00000020     synth.obj (.text:_ZN3RCH7Helpers7WrapperINS_11Oscillators9Templates8TriangleEE4tickEv)
                  11809000    00000020     synth.obj (.text:_ZN3RCH7Helpers7WrapperINS_11Oscillators9Templates8TriangleEE9setVolumeERKd)
                  11809020    00000020     synth.obj (.text:_ZN3RCH7Helpers7WrapperINS_11Oscillators9Templates8TriangleEEC2Ev)
                  11809040    00000020     synth.obj (.text:_ZN3RCH7Helpers7WrapperINS_11Oscillators9Templates8TriangleEED0Ev)
                  11809060    00000020     synth.obj (.text:_ZN3RCH7Helpers7WrapperINS_11Oscillators9Templates8TriangleEED1Ev)
                  11809080    00000020     synth.obj (.text:_ZN3RCH7Helpers7WrapperINS_11Oscillators9Templates8TriangleEED2Ev)
                  118090a0    00000020     synth.obj (.text:_ZN3RCH7Helpers8Skeleton4tickEv)
                  118090c0    00000020     synth.obj (.text:_ZN3RCH7Helpers8SkeletonC2Ev)
                  118090e0    00000020     synth.obj (.text:_ZN3RCH7Helpers8SkeletonD0Ev)
                  11809100    00000020     synth.obj (.text:_ZN3RCH7Helpers8SkeletonD1Ev)
                  11809120    00000020     synth.obj (.text:_ZN3RCH7Helpers8SkeletonD2Ev)
                  11809140    00000020     rts6740_elf.lib : stdlib_typeinfo.cpp.obj (.text:_ZNSt9type_infoD1Ev)
                  11809160    00000020                     : new.cpp.obj (.text:_ZdlPv)
                  11809180    00000020                     : new.cpp.obj (.text:_ZdlPvj)
                  118091a0    00000020                     : errno.c.obj (.text:__c6xabi_errno_addr)
                  118091c0    00000020                     : trunc.c.obj (.text:__c6xabi_trunc)
                  118091e0    00000020                     : dtor_list.c.obj (.text:__cxa_ia64_exit)
                  11809200    00000020                     : push.asm.obj (.text:__pop_rts)
                  11809220    00000020                     : push.asm.obj (.text:__push_rts)
                  11809240    00000020                     : _lock.c.obj (.text:_nop)
                  11809260    00000020                     : printf.c.obj (.text:_outc)
                  11809280    00000020                     : printf.c.obj (.text:_outs)
                  118092a0    00000020                     : signbit.c.obj (.text:_signbit)
                  118092c0    00000020                     : startup.c.obj (.text:_system_post_cinit)
                  118092e0    00000020                     : pre_init.c.obj (.text:_system_pre_init)
                  11809300    00000020                     : exit.c.obj (.text:abort)
                  11809320    00000020                     : copy_decompress_none.c.obj (.text:decompress:none:__TI_decompress_none)
                  11809340    00000020                     : copy_decompress_rle.c.obj (.text:decompress:rle24:__TI_decompress_rle24)
                  11809360    00000020     main.obj (.text)

.far       0    11809380    00000df0     UNINITIALIZED
                  11809380    000005a0     (.common:pitchShift_bufL)
                  11809920    000005a0     (.common:pitchShift_bufR)
                  11809ec0    00000140     (.common:__TI_tmpnams)
                  1180a000    00000058     synth.obj (.far:oscTriangle1)
                  1180a058    00000058     synth.obj (.far:oscTriangle2)
                  1180a0b0    00000058     synth.obj (.far:oscTriangle3)
                  1180a108    00000058     synth.obj (.far:oscTriangle)
                  1180a160    00000008     (.common:parmbuf)
                  1180a168    00000004     (.common:CodecDataIn)
                  1180a16c    00000004     (.common:CodecDataOut)

.const     0    1180a170    00000470     
                  1180a170    00000101     rts6740_elf.lib : ctype.c.obj (.const:.string:_ctypes_)
                  1180a271    00000007     --HOLE-- [fill = 0]
                  1180a278    0000008e     synth.obj (.const:.string:_ZZN3RCH11Oscillators9Templates8Triangle4tickEvEs_2)
                  1180a306    00000002     --HOLE-- [fill = 0]
                  1180a308    00000089     synth.obj (.const:.string:_ZZN3RCH11Oscillators9Templates8Triangle4tickEvEs_0)
                  1180a391    00000007     --HOLE-- [fill = 0]
                  1180a398    0000003d     synth.obj (.const:.typeinfo:_ZTSN3RCH7Helpers7WrapperINS_11Oscillators9Templates8TriangleEEE)
                  1180a3d5    00000003     --HOLE-- [fill = 0]
                  1180a3d8    00000027     synth.obj (.const:.typeinfo:_ZTSN3RCH11Oscillators9Templates8TriangleE)
                  1180a3ff    00000001     --HOLE-- [fill = 0]
                  1180a400    00000026     rts6740_elf.lib : typeinfo.c.obj (.const:.typeinfo:_ZTSN10__cxxabiv121__vmi_class_type_infoE)
                  1180a426    00000002     --HOLE-- [fill = 0]
                  1180a428    00000025                     : typeinfo.c.obj (.const:.typeinfo:_ZTSN10__cxxabiv120__si_class_type_infoE)
                  1180a44d    00000003     --HOLE-- [fill = 0]
                  1180a450    00000024                     : _printfi.c.obj (.const:.string)
                  1180a474    00000004     --HOLE-- [fill = 0]
                  1180a478    00000022                     : typeinfo.c.obj (.const:.typeinfo:_ZTSN10__cxxabiv117__class_type_infoE)
                  1180a49a    00000006     --HOLE-- [fill = 0]
                  1180a4a0    0000001d     synth.obj (.const:.typeinfo:_ZTSN3RCH11Oscillators8TriangleE)
                  1180a4bd    00000003     --HOLE-- [fill = 0]
                  1180a4c0    00000018     synth.obj (.const:.typeinfo:_ZTIN3RCH11Oscillators8TriangleE)
                  1180a4d8    00000018     synth.obj (.const:.typeinfo:_ZTIN3RCH11Oscillators9Templates8TriangleE)
                  1180a4f0    00000018     synth.obj (.const:.typeinfo:_ZTSN3RCH7Helpers8SkeletonE)
                  1180a508    00000014     synth.obj (.const:_ZTVN3RCH11Oscillators9Templates8TriangleE)
                  1180a51c    00000004     --HOLE-- [fill = 0]
                  1180a520    00000014     synth.obj (.const:_ZTVN3RCH7Helpers8SkeletonE)
                  1180a534    00000004     --HOLE-- [fill = 0]
                  1180a538    00000010     rts6740_elf.lib : typeinfo.c.obj (.const:_ZTVN10__cxxabiv117__class_type_infoE)
                  1180a548    00000010                     : typeinfo.c.obj (.const:_ZTVN10__cxxabiv120__si_class_type_infoE)
                  1180a558    00000010                     : typeinfo.c.obj (.const:_ZTVN10__cxxabiv121__vmi_class_type_infoE)
                  1180a568    00000010     synth.obj (.const:_ZTVN3RCH11Oscillators8TriangleE)
                  1180a578    00000010     synth.obj (.const:_ZTVN3RCH7Helpers7WrapperINS_11Oscillators9Templates8TriangleEEE)
                  1180a588    0000000d     rts6740_elf.lib : stdlib_typeinfo.cpp.obj (.const:.typeinfo:_ZTSSt9type_info)
                  1180a595    00000003     --HOLE-- [fill = 0]
                  1180a598    0000000c     synth.obj (.const:.string)
                  1180a5a4    0000000c     rts6740_elf.lib : typeinfo.c.obj (.const:.typeinfo:_ZTIN10__cxxabiv117__class_type_infoE)
                  1180a5b0    0000000c                     : typeinfo.c.obj (.const:.typeinfo:_ZTIN10__cxxabiv120__si_class_type_infoE)
                  1180a5bc    0000000c                     : typeinfo.c.obj (.const:.typeinfo:_ZTIN10__cxxabiv121__vmi_class_type_infoE)
                  1180a5c8    00000008     synth.obj (.const:.typeinfo:_ZTIN3RCH7Helpers7WrapperINS_11Oscillators9Templates8TriangleEEE)
                  1180a5d0    00000008     synth.obj (.const:.typeinfo:_ZTIN3RCH7Helpers8SkeletonE)
                  1180a5d8    00000008     rts6740_elf.lib : stdlib_typeinfo.cpp.obj (.const:.typeinfo:_ZTISt9type_info)

.stack     0    1180a5e0    00000400     UNINITIALIZED
                  1180a5e0    00000008     rts6740_elf.lib : boot.c.obj (.stack)
                  1180a5e8    000003f8     --HOLE--

.sysmem    0    1180a9e0    00000400     UNINITIALIZED
                  1180a9e0    00000008     rts6740_elf.lib : memory.c.obj (.sysmem)
                  1180a9e8    000003f8     --HOLE--

.cio       0    1180b130    00000120     UNINITIALIZED
                  1180b130    00000120     rts6740_elf.lib : trgmsg.c.obj (.cio)

.switch    0    1180b250    00000050     
                  1180b250    00000038     rts6740_elf.lib : _printfi.c.obj (.switch:__TI_printfi)
                  1180b288    00000018     LCDK_Support_DSP.obj (.switch:SetSampleRate_AIC3106)

.bss       0    1180b2ac    00000004     UNINITIALIZED
                  1180b2ac    00000004     (.common:__dso_handle)

.cinit     0    1180b2b8    000000e8     
                  1180b2b8    0000009c     (.cinit..fardata.load) [load image, compression = rle]
                  1180b354    0000000b     (.cinit..far.load) [load image, compression = rle]
                  1180b35f    00000009     (.cinit..bss.load) [load image, compression = rle]
                  1180b368    00000009     (.cinit..neardata.load) [load image, compression = rle]
                  1180b371    00000003     --HOLE-- [fill = 0]
                  1180b374    00000008     (__TI_handler_table)
                  1180b37c    00000004     --HOLE-- [fill = 0]
                  1180b380    00000020     (__TI_cinit_table)

.fardata   0    1180ade0    00000350     UNINITIALIZED
                  1180ade0    000001e0     rts6740_elf.lib : defs.c.obj (.fardata:_ftable)
                  1180afc0    000000a0                     : write.c.obj (.fardata:_stream)
                  1180b060    00000078                     : write.c.obj (.fardata:_device)
                  1180b0d8    00000018                     : exp.c.obj (.fardata:P$1)
                  1180b0f0    00000018                     : exp.c.obj (.fardata:Q$2)
                  1180b108    0000000c                     : exit.c.obj (.fardata)
                  1180b114    00000008                     : memory.c.obj (.fardata)
                  1180b11c    00000004                     : _lock.c.obj (.fardata:_lock)
                  1180b120    00000004                     : _lock.c.obj (.fardata:_unlock)
                  1180b124    00000004                     : defs.c.obj (.fardata)
                  1180b128    00000004                     : dtor_list.c.obj (.fardata)
                  1180b12c    00000004                     : errno.c.obj (.fardata)

.neardata 
*          0    1180b2a0    0000000c     UNINITIALIZED
                  1180b2a0    00000008     pitchshift.obj (.neardata)
                  1180b2a8    00000004     LCDK_Support_DSP.obj (.neardata)

.rodata    0    1180b2ac    00000000     UNINITIALIZED

.init_array 
*          0    1180b2b0    00000004     
                  1180b2b0    00000004     synth.obj (.init_array)

MODULE SUMMARY

       Module                       code    ro data   rw data
       ------                       ----    -------   -------
    ./
       LCDK_Support_DSP.obj         3424    24        4      
       ISRs.obj                     384     0         2888   
       vectors.obj                  512     0         0      
       StartUp.obj                  32      0         0      
       main.obj                     32      0         0      
    +--+----------------------------+-------+---------+---------+
       Total:                       4384    24        2892   
                                                             
    ./stuff/
       synth.obj                    2816    584       352    
       pitchshift.obj               704     0         8      
    +--+----------------------------+-------+---------+---------+
       Total:                       3520    584       360    
                                                             
    /home/taylor/ti/ccs901/ccs/tools/compiler/ti-cgt-c6000_8.3.3/lib/rts6740_elf.lib
       _printfi.c.obj               13440   92        0      
       memory.c.obj                 1760    0         8      
       divd.c.obj                   1536    0         0      
       defs.c.obj                   0       0         804    
       fputs.c.obj                  800     0         0      
       imath64.c.obj                704     0         0      
       exp.c.obj                    640     0         48     
       trgmsg.c.obj                 224     0         288    
       typeinfo.c.obj               288     193       0      
       fputc.c.obj                  448     0         0      
       frexp.c.obj                  448     0         0      
       getdevice.c.obj              448     0         0      
       imath40.c.obj                448     0         0      
       ldexp.c.obj                  448     0         0      
       setvbuf.c.obj                448     0         0      
       dtor_list.c.obj              416     0         8      
       fflush.c.obj                 416     0         0      
       hostrename.c.obj             416     0         0      
       write.c.obj                  96      0         280    
       copy_decompress_rle.c.obj    288     0         0      
       printf.c.obj                 288     0         0      
       exit.c.obj                   256     0         12     
       ctype.c.obj                  0       257       0      
       atoi.c.obj                   256     0         0      
       autoinit.c.obj               256     0         0      
       fclose.c.obj                 256     0         0      
       fseek.c.obj                  256     0         0      
       hostopen.c.obj               224     0         8      
       _io_perm.c.obj               224     0         0      
       _ltoa.c.obj                  224     0         0      
       close.c.obj                  224     0         0      
       hostlseek.c.obj              224     0         0      
       hostwrite.c.obj              224     0         0      
       llshift.c.obj                224     0         0      
       memset.c.obj                 224     0         0      
       divu.asm.obj                 192     0         0      
       hostread.c.obj               192     0         0      
       hostunlink.c.obj             192     0         0      
       modf.c.obj                   192     0         0      
       remi.asm.obj                 192     0         0      
       tls.c.obj                    192     0         0      
       fopen.c.obj                  160     0         0      
       hostclose.c.obj              160     0         0      
       memcpy64.asm.obj             160     0         0      
       boot.c.obj                   128     0         0      
       unlink.c.obj                 128     0         0      
       lseek.c.obj                  96      0         0      
       memccpy.c.obj                96      0         0      
       args_main.c.obj              64      0         0      
       assert.c.obj                 64      0         0      
       frcmpyd_div.c.obj            64      0         0      
       isinf.c.obj                  64      0         0      
       new.cpp.obj                  64      0         0      
       push.asm.obj                 64      0         0      
       wcslen.c.obj                 64      0         0      
       stdlib_typeinfo.cpp.obj      32      21        0      
       _lock.c.obj                  32      0         8      
       errno.c.obj                  32      0         4      
       copy_decompress_none.c.obj   32      0         0      
       pre_init.c.obj               32      0         0      
       signbit.c.obj                32      0         0      
       startup.c.obj                32      0         0      
       trunc.c.obj                  32      0         0      
    +--+----------------------------+-------+---------+---------+
       Total:                       29856   563       1468   
                                                             
       Heap:                        0       0         1024   
       Stack:                       0       0         1024   
       Linker Generated:            0       225       0      
    +--+----------------------------+-------+---------+---------+
       Grand Total:                 37760   1396      6768   


LINKER GENERATED COPY TABLES

__TI_cinit_table @ 1180b380 records: 4, size/record: 8, table size: 32
	.fardata: load addr=1180b2b8, load size=0000009c bytes, run addr=1180ade0, run size=00000350 bytes, compression=rle
	.far: load addr=1180b354, load size=0000000b bytes, run addr=11809380, run size=00000df0 bytes, compression=rle
	.bss: load addr=1180b35f, load size=00000009 bytes, run addr=1180b2ac, run size=00000004 bytes, compression=rle
	.neardata: load addr=1180b368, load size=00000009 bytes, run addr=1180b2a0, run size=0000000c bytes, compression=rle


LINKER GENERATED HANDLER TABLE

__TI_handler_table @ 1180b374 records: 2, size/record: 4, table size: 8
	index: 0, handler: __TI_decompress_rle24
	index: 1, handler: __TI_decompress_none


GLOBAL SYMBOLS: SORTED ALPHABETICALLY BY Name 

address   name                                                                             
-------   ----                                                                             
118028d8  AIC3106_write_reg                                                                
11809300  C$$EXIT                                                                          
11808858  C$$IO$$                                                                          
11802674  CheckForOverrun                                                                  
1180a168  CodecDataIn                                                                      
1180a16c  CodecDataOut                                                                     
11806600  Codec_ISR                                                                        
118021ec  DSP_Init                                                                         
1180220c  DSP_Init_EDMA                                                                    
11802420  EnableInterrupts                                                                 
11802470  EnableInterrupts_EDMA                                                            
118021e0  GetSampleFreq                                                                    
11808020  HOSTclose                                                                        
118070c0  HOSTlseek                                                                        
118071a0  HOSTopen                                                                         
118078a0  HOSTread                                                                         
118062c0  HOSTrename                                                                       
11807960  HOSTunlink                                                                       
11807280  HOSTwrite                                                                        
118023b8  InitDigitalOutputs                                                               
1180222c  InitLEDs                                                                         
11802698  Init_AIC3106                                                                     
118024e4  Init_I2C                                                                         
118023e8  Init_Interrupts                                                                  
1180245c  Init_Interrupts_EDMA                                                             
11802a90  Init_McASP0                                                                      
11802d90  Init_UART2                                                                       
11802ec8  IsDataReady_UART2                                                                
11802ef4  IsTxReady_UART2                                                                  
11802e64  Puts_UART2                                                                       
11802630  ReadCodecData                                                                    
11802398  ReadSwitches                                                                     
11802ea4  Read_UART2                                                                       
11802918  Reset_AIC3106                                                                    
11802530  Reset_I2C                                                                        
11804680  SYNTH_Init                                                                       
11804800  SYNTH_Tick                                                                       
11802944  SetSampleRate_AIC3106                                                            
11808e80  StartUp                                                                          
11802650  WriteCodecData                                                                   
118023c8  WriteDigitalOutputs                                                              
118022b0  WriteLEDs                                                                        
11802554  Write_I2C                                                                        
11802e34  Write_UART2                                                                      
11807a20  _Z23__finalize_destructionsPP20a_needed_destructionPv                            
11808a40  _ZN10__cxxabiv117__class_type_infoD0Ev                                           
11808ea0  _ZN10__cxxabiv117__class_type_infoD1Ev                                           
11808ea0  _ZN10__cxxabiv117__class_type_infoD2Ev                                           
11808a80  _ZN10__cxxabiv120__si_class_type_infoD0Ev                                        
11808ec0  _ZN10__cxxabiv120__si_class_type_infoD1Ev                                        
11808ec0  _ZN10__cxxabiv120__si_class_type_infoD2Ev                                        
11808ac0  _ZN10__cxxabiv121__vmi_class_type_infoD0Ev                                       
11808ee0  _ZN10__cxxabiv121__vmi_class_type_infoD1Ev                                       
11808ee0  _ZN10__cxxabiv121__vmi_class_type_infoD2Ev                                       
11808b00  _ZN3RCH11Oscillators8TriangleC1Ev                                                
11808f00  _ZN3RCH11Oscillators8TriangleD0Ev                                                
11808f20  _ZN3RCH11Oscillators8TriangleD1Ev                                                
11806460  _ZN3RCH11Oscillators9Templates8Triangle4tickEv                                   
11808b40  _ZN3RCH11Oscillators9Templates8TriangleC1Ev                                      
11808f40  _ZN3RCH11Oscillators9Templates8TriangleD0Ev                                      
11808f60  _ZN3RCH11Oscillators9Templates8TriangleD1Ev                                      
11808f80  _ZN3RCH7Helpers7WrapperINS_11Oscillators9Templates8TriangleEE12setFrequencyERKd  
11808fa0  _ZN3RCH7Helpers7WrapperINS_11Oscillators9Templates8TriangleEE13setSampleRateERKd 
11808fc0  _ZN3RCH7Helpers7WrapperINS_11Oscillators9Templates8TriangleEE14setPhaseOffsetERKd
11808fe0  _ZN3RCH7Helpers7WrapperINS_11Oscillators9Templates8TriangleEE4tickEv             
11808480  _ZN3RCH7Helpers7WrapperINS_11Oscillators9Templates8TriangleEE5setupERKdS7_S7_S7_ 
11809000  _ZN3RCH7Helpers7WrapperINS_11Oscillators9Templates8TriangleEE9setVolumeERKd      
11808b80  _ZN3RCH7Helpers7WrapperINS_11Oscillators9Templates8TriangleEEC1Ev                
11809020  _ZN3RCH7Helpers7WrapperINS_11Oscillators9Templates8TriangleEEC2Ev                
11809040  _ZN3RCH7Helpers7WrapperINS_11Oscillators9Templates8TriangleEED0Ev                
11809060  _ZN3RCH7Helpers7WrapperINS_11Oscillators9Templates8TriangleEED1Ev                
11809080  _ZN3RCH7Helpers7WrapperINS_11Oscillators9Templates8TriangleEED2Ev                
11808bc0  _ZN3RCH7Helpers8Decibels6ToGainERKd                                              
11808c00  _ZN3RCH7Helpers8Skeleton12setAmplitudeERKf                                       
11808500  _ZN3RCH7Helpers8Skeleton12setFrequencyERKd                                       
11808580  _ZN3RCH7Helpers8Skeleton13setSampleRateERKd                                      
11808c40  _ZN3RCH7Helpers8Skeleton14setPhaseOffsetERKd                                     
118090a0  _ZN3RCH7Helpers8Skeleton4tickEv                                                  
11808c80  _ZN3RCH7Helpers8Skeleton5resetEv                                                 
11808cc0  _ZN3RCH7Helpers8Skeleton9setVolumeERKd                                           
11807ba0  _ZN3RCH7Helpers8SkeletonC1Ev                                                     
118090c0  _ZN3RCH7Helpers8SkeletonC2Ev                                                     
118090e0  _ZN3RCH7Helpers8SkeletonD0Ev                                                     
11809100  _ZN3RCH7Helpers8SkeletonD1Ev                                                     
11809120  _ZN3RCH7Helpers8SkeletonD2Ev                                                     
11809140  _ZNSt9type_infoD1Ev                                                              
11809140  _ZNSt9type_infoD2Ev                                                              
11809300  _ZSt17__throw_bad_allocv                                                         
1180a5a4  _ZTIN10__cxxabiv117__class_type_infoE                                            
1180a5b0  _ZTIN10__cxxabiv120__si_class_type_infoE                                         
1180a5bc  _ZTIN10__cxxabiv121__vmi_class_type_infoE                                        
1180a4c0  _ZTIN3RCH11Oscillators8TriangleE                                                 
1180a4d8  _ZTIN3RCH11Oscillators9Templates8TriangleE                                       
1180a5c8  _ZTIN3RCH7Helpers7WrapperINS_11Oscillators9Templates8TriangleEEE                 
1180a5d0  _ZTIN3RCH7Helpers8SkeletonE                                                      
1180a5d8  _ZTISt9type_info                                                                 
1180a478  _ZTSN10__cxxabiv117__class_type_infoE                                            
1180a428  _ZTSN10__cxxabiv120__si_class_type_infoE                                         
1180a400  _ZTSN10__cxxabiv121__vmi_class_type_infoE                                        
1180a4a0  _ZTSN3RCH11Oscillators8TriangleE                                                 
1180a3d8  _ZTSN3RCH11Oscillators9Templates8TriangleE                                       
1180a398  _ZTSN3RCH7Helpers7WrapperINS_11Oscillators9Templates8TriangleEEE                 
1180a4f0  _ZTSN3RCH7Helpers8SkeletonE                                                      
1180a588  _ZTSSt9type_info                                                                 
1180a538  _ZTVN10__cxxabiv117__class_type_infoE                                            
1180a548  _ZTVN10__cxxabiv120__si_class_type_infoE                                         
1180a558  _ZTVN10__cxxabiv121__vmi_class_type_infoE                                        
1180a568  _ZTVN3RCH11Oscillators8TriangleE                                                 
1180a508  _ZTVN3RCH11Oscillators9Templates8TriangleE                                       
1180a578  _ZTVN3RCH7Helpers7WrapperINS_11Oscillators9Templates8TriangleEEE                 
1180a520  _ZTVN3RCH7Helpers8SkeletonE                                                      
1180a308  _ZZN3RCH11Oscillators9Templates8Triangle4tickEvEs_0                              
1180a278  _ZZN3RCH11Oscillators9Templates8Triangle4tickEvEs_2                              
11809160  _ZdlPv                                                                           
11809180  _ZdlPvj                                                                          
1180b130  __CIOBUF_                                                                        
1180b380  __TI_CINIT_Base                                                                  
1180b3a0  __TI_CINIT_Limit                                                                 
1180b374  __TI_Handler_Table_Base                                                          
1180b37c  __TI_Handler_Table_Limit                                                         
1180b2b0  __TI_INITARRAY_Base                                                              
1180b2b4  __TI_INITARRAY_Limit                                                             
1180a9e0  __TI_STACK_END                                                                   
00000400  __TI_STACK_SIZE                                                                  
1180b2a0  __TI_STATIC_BASE                                                                 
00000400  __TI_SYSMEM_SIZE                                                                 
UNDEFED   __TI_TLS_INIT_Base                                                               
UNDEFED   __TI_TLS_INIT_Limit                                                              
118069c0  __TI_auto_init_nobinit                                                           
118080c0  __TI_cleanup                                                                     
1180b108  __TI_cleanup_ptr                                                                 
11806ac0  __TI_closefile                                                                   
11809320  __TI_decompress_none                                                             
11809340  __TI_decompress_rle24                                                            
11808160  __TI_doflush                                                                     
1180b10c  __TI_dtors_ptr                                                                   
1180b110  __TI_enable_exit_profile_output                                                  
11808d00  __TI_frcmpyd_div                                                                 
1180b124  __TI_ft_end                                                                      
11807360  __TI_ltoa                                                                        
ffffffff  __TI_pprof_out_hndl                                                              
11800200  __TI_printfi                                                                     
ffffffff  __TI_prof_data_size                                                              
ffffffff  __TI_prof_data_start                                                             
11808600  __TI_readmsg                                                                     
11807f60  __TI_tls_init                                                                    
11809ec0  __TI_tmpnams                                                                     
11808800  __TI_writemsg                                                                    
11807440  __TI_wrt_ok                                                                      
ffffffff  __binit__                                                                        
11808d40  __c6xabi_abort_msg                                                               
118035a0  __c6xabi_divd                                                                    
11807c60  __c6xabi_divu                                                                    
11805840  __c6xabi_divul                                                                   
118053e0  __c6xabi_divull                                                                  
118091a0  __c6xabi_errno_addr                                                              
11808d80  __c6xabi_isinf                                                                   
11808680  __c6xabi_llshl                                                                   
11808860  __c6xabi_llshru                                                                  
11809200  __c6xabi_pop_rts                                                                 
11809220  __c6xabi_push_rts                                                                
11807d20  __c6xabi_remi                                                                    
118091c0  __c6xabi_trunc                                                                   
118091c0  __c6xabi_truncl                                                                  
ffffffff  __c_args__                                                                       
11807ae0  __cxa_atexit                                                                     
118091e0  __cxa_ia64_exit                                                                  
11807c60  __divu                                                                           
1180b2ac  __dso_handle                                                                     
1180b12c  __errno                                                                          
11809200  __pop_rts                                                                        
11809220  __push_rts                                                                       
11807d20  __remi                                                                           
11804890  __sti___9_synth_cpp_93f88050                                                     
11808e00  _args_main                                                                       
11808700  _c_int00                                                                         
1180a170  _ctypes_                                                                         
1180b060  _device                                                                          
1180ade0  _ftable                                                                          
1180b11c  _lock                                                                            
11809240  _nop                                                                             
118092a0  _signbit                                                                         
1180a5e0  _stack                                                                           
1180afc0  _stream                                                                          
118088c0  _subcull                                                                         
1180a9e0  _sys_memory                                                                      
118092c0  _system_post_cinit                                                               
118092e0  _system_pre_init                                                                 
1180b120  _unlock                                                                          
11809300  abort                                                                            
11806dc0  atoi                                                                             
ffffffff  binit                                                                            
11807520  close                                                                            
1180b12c  errno                                                                            
11807600  exit                                                                             
11805160  exp                                                                              
11805160  expl                                                                             
11806ec0  fflush                                                                           
118082a0  finddevice                                                                       
11805a00  fputc                                                                            
11804360  fputs                                                                            
11803fa0  free                                                                             
11805bc0  frexp                                                                            
11805bc0  frexpl                                                                           
11806fc0  fseek                                                                            
118068a0  getdevice                                                                        
11805d80  ldexp                                                                            
11805d80  ldexpl                                                                           
11808920  lseek                                                                            
11809360  main                                                                             
11805f40  malloc                                                                           
11808980  memccpy                                                                          
11808340  memcpy                                                                           
118076e0  memset                                                                           
11807de0  modf                                                                             
11807de0  modfl                                                                            
1180a108  oscTriangle                                                                      
1180a000  oscTriangle1                                                                     
1180a058  oscTriangle2                                                                     
1180a0b0  oscTriangle3                                                                     
1180a160  parmbuf                                                                          
11804960  pitchShift                                                                       
11809380  pitchShift_bufL                                                                  
11809920  pitchShift_bufR                                                                  
1180b2a4  pitchShift_delay                                                                 
1180b2a0  pitchShift_ii                                                                    
118077c0  printf                                                                           
11805a00  putc                                                                             
11808780  remove                                                                           
11805d80  scalbn                                                                           
11805d80  scalbnl                                                                          
11806100  setvbuf                                                                          
11808780  unlink                                                                           
118024b0  wait                                                                             
11808e40  wcslen                                                                           
118089e0  write                                                                            


GLOBAL SYMBOLS: SORTED BY Symbol Address 

address   name                                                                             
-------   ----                                                                             
00000400  __TI_STACK_SIZE                                                                  
00000400  __TI_SYSMEM_SIZE                                                                 
11800200  __TI_printfi                                                                     
118021e0  GetSampleFreq                                                                    
118021ec  DSP_Init                                                                         
1180220c  DSP_Init_EDMA                                                                    
1180222c  InitLEDs                                                                         
118022b0  WriteLEDs                                                                        
11802398  ReadSwitches                                                                     
118023b8  InitDigitalOutputs                                                               
118023c8  WriteDigitalOutputs                                                              
118023e8  Init_Interrupts                                                                  
11802420  EnableInterrupts                                                                 
1180245c  Init_Interrupts_EDMA                                                             
11802470  EnableInterrupts_EDMA                                                            
118024b0  wait                                                                             
118024e4  Init_I2C                                                                         
11802530  Reset_I2C                                                                        
11802554  Write_I2C                                                                        
11802630  ReadCodecData                                                                    
11802650  WriteCodecData                                                                   
11802674  CheckForOverrun                                                                  
11802698  Init_AIC3106                                                                     
118028d8  AIC3106_write_reg                                                                
11802918  Reset_AIC3106                                                                    
11802944  SetSampleRate_AIC3106                                                            
11802a90  Init_McASP0                                                                      
11802d90  Init_UART2                                                                       
11802e34  Write_UART2                                                                      
11802e64  Puts_UART2                                                                       
11802ea4  Read_UART2                                                                       
11802ec8  IsDataReady_UART2                                                                
11802ef4  IsTxReady_UART2                                                                  
118035a0  __c6xabi_divd                                                                    
11803fa0  free                                                                             
11804360  fputs                                                                            
11804680  SYNTH_Init                                                                       
11804800  SYNTH_Tick                                                                       
11804890  __sti___9_synth_cpp_93f88050                                                     
11804960  pitchShift                                                                       
11805160  exp                                                                              
11805160  expl                                                                             
118053e0  __c6xabi_divull                                                                  
11805840  __c6xabi_divul                                                                   
11805a00  fputc                                                                            
11805a00  putc                                                                             
11805bc0  frexp                                                                            
11805bc0  frexpl                                                                           
11805d80  ldexp                                                                            
11805d80  ldexpl                                                                           
11805d80  scalbn                                                                           
11805d80  scalbnl                                                                          
11805f40  malloc                                                                           
11806100  setvbuf                                                                          
118062c0  HOSTrename                                                                       
11806460  _ZN3RCH11Oscillators9Templates8Triangle4tickEv                                   
11806600  Codec_ISR                                                                        
118068a0  getdevice                                                                        
118069c0  __TI_auto_init_nobinit                                                           
11806ac0  __TI_closefile                                                                   
11806dc0  atoi                                                                             
11806ec0  fflush                                                                           
11806fc0  fseek                                                                            
118070c0  HOSTlseek                                                                        
118071a0  HOSTopen                                                                         
11807280  HOSTwrite                                                                        
11807360  __TI_ltoa                                                                        
11807440  __TI_wrt_ok                                                                      
11807520  close                                                                            
11807600  exit                                                                             
118076e0  memset                                                                           
118077c0  printf                                                                           
118078a0  HOSTread                                                                         
11807960  HOSTunlink                                                                       
11807a20  _Z23__finalize_destructionsPP20a_needed_destructionPv                            
11807ae0  __cxa_atexit                                                                     
11807ba0  _ZN3RCH7Helpers8SkeletonC1Ev                                                     
11807c60  __c6xabi_divu                                                                    
11807c60  __divu                                                                           
11807d20  __c6xabi_remi                                                                    
11807d20  __remi                                                                           
11807de0  modf                                                                             
11807de0  modfl                                                                            
11807f60  __TI_tls_init                                                                    
11808020  HOSTclose                                                                        
118080c0  __TI_cleanup                                                                     
11808160  __TI_doflush                                                                     
118082a0  finddevice                                                                       
11808340  memcpy                                                                           
11808480  _ZN3RCH7Helpers7WrapperINS_11Oscillators9Templates8TriangleEE5setupERKdS7_S7_S7_ 
11808500  _ZN3RCH7Helpers8Skeleton12setFrequencyERKd                                       
11808580  _ZN3RCH7Helpers8Skeleton13setSampleRateERKd                                      
11808600  __TI_readmsg                                                                     
11808680  __c6xabi_llshl                                                                   
11808700  _c_int00                                                                         
11808780  remove                                                                           
11808780  unlink                                                                           
11808800  __TI_writemsg                                                                    
11808858  C$$IO$$                                                                          
11808860  __c6xabi_llshru                                                                  
118088c0  _subcull                                                                         
11808920  lseek                                                                            
11808980  memccpy                                                                          
118089e0  write                                                                            
11808a40  _ZN10__cxxabiv117__class_type_infoD0Ev                                           
11808a80  _ZN10__cxxabiv120__si_class_type_infoD0Ev                                        
11808ac0  _ZN10__cxxabiv121__vmi_class_type_infoD0Ev                                       
11808b00  _ZN3RCH11Oscillators8TriangleC1Ev                                                
11808b40  _ZN3RCH11Oscillators9Templates8TriangleC1Ev                                      
11808b80  _ZN3RCH7Helpers7WrapperINS_11Oscillators9Templates8TriangleEEC1Ev                
11808bc0  _ZN3RCH7Helpers8Decibels6ToGainERKd                                              
11808c00  _ZN3RCH7Helpers8Skeleton12setAmplitudeERKf                                       
11808c40  _ZN3RCH7Helpers8Skeleton14setPhaseOffsetERKd                                     
11808c80  _ZN3RCH7Helpers8Skeleton5resetEv                                                 
11808cc0  _ZN3RCH7Helpers8Skeleton9setVolumeERKd                                           
11808d00  __TI_frcmpyd_div                                                                 
11808d40  __c6xabi_abort_msg                                                               
11808d80  __c6xabi_isinf                                                                   
11808e00  _args_main                                                                       
11808e40  wcslen                                                                           
11808e80  StartUp                                                                          
11808ea0  _ZN10__cxxabiv117__class_type_infoD1Ev                                           
11808ea0  _ZN10__cxxabiv117__class_type_infoD2Ev                                           
11808ec0  _ZN10__cxxabiv120__si_class_type_infoD1Ev                                        
11808ec0  _ZN10__cxxabiv120__si_class_type_infoD2Ev                                        
11808ee0  _ZN10__cxxabiv121__vmi_class_type_infoD1Ev                                       
11808ee0  _ZN10__cxxabiv121__vmi_class_type_infoD2Ev                                       
11808f00  _ZN3RCH11Oscillators8TriangleD0Ev                                                
11808f20  _ZN3RCH11Oscillators8TriangleD1Ev                                                
11808f40  _ZN3RCH11Oscillators9Templates8TriangleD0Ev                                      
11808f60  _ZN3RCH11Oscillators9Templates8TriangleD1Ev                                      
11808f80  _ZN3RCH7Helpers7WrapperINS_11Oscillators9Templates8TriangleEE12setFrequencyERKd  
11808fa0  _ZN3RCH7Helpers7WrapperINS_11Oscillators9Templates8TriangleEE13setSampleRateERKd 
11808fc0  _ZN3RCH7Helpers7WrapperINS_11Oscillators9Templates8TriangleEE14setPhaseOffsetERKd
11808fe0  _ZN3RCH7Helpers7WrapperINS_11Oscillators9Templates8TriangleEE4tickEv             
11809000  _ZN3RCH7Helpers7WrapperINS_11Oscillators9Templates8TriangleEE9setVolumeERKd      
11809020  _ZN3RCH7Helpers7WrapperINS_11Oscillators9Templates8TriangleEEC2Ev                
11809040  _ZN3RCH7Helpers7WrapperINS_11Oscillators9Templates8TriangleEED0Ev                
11809060  _ZN3RCH7Helpers7WrapperINS_11Oscillators9Templates8TriangleEED1Ev                
11809080  _ZN3RCH7Helpers7WrapperINS_11Oscillators9Templates8TriangleEED2Ev                
118090a0  _ZN3RCH7Helpers8Skeleton4tickEv                                                  
118090c0  _ZN3RCH7Helpers8SkeletonC2Ev                                                     
118090e0  _ZN3RCH7Helpers8SkeletonD0Ev                                                     
11809100  _ZN3RCH7Helpers8SkeletonD1Ev                                                     
11809120  _ZN3RCH7Helpers8SkeletonD2Ev                                                     
11809140  _ZNSt9type_infoD1Ev                                                              
11809140  _ZNSt9type_infoD2Ev                                                              
11809160  _ZdlPv                                                                           
11809180  _ZdlPvj                                                                          
118091a0  __c6xabi_errno_addr                                                              
118091c0  __c6xabi_trunc                                                                   
118091c0  __c6xabi_truncl                                                                  
118091e0  __cxa_ia64_exit                                                                  
11809200  __c6xabi_pop_rts                                                                 
11809200  __pop_rts                                                                        
11809220  __c6xabi_push_rts                                                                
11809220  __push_rts                                                                       
11809240  _nop                                                                             
118092a0  _signbit                                                                         
118092c0  _system_post_cinit                                                               
118092e0  _system_pre_init                                                                 
11809300  C$$EXIT                                                                          
11809300  _ZSt17__throw_bad_allocv                                                         
11809300  abort                                                                            
11809320  __TI_decompress_none                                                             
11809340  __TI_decompress_rle24                                                            
11809360  main                                                                             
11809380  pitchShift_bufL                                                                  
11809920  pitchShift_bufR                                                                  
11809ec0  __TI_tmpnams                                                                     
1180a000  oscTriangle1                                                                     
1180a058  oscTriangle2                                                                     
1180a0b0  oscTriangle3                                                                     
1180a108  oscTriangle                                                                      
1180a160  parmbuf                                                                          
1180a168  CodecDataIn                                                                      
1180a16c  CodecDataOut                                                                     
1180a170  _ctypes_                                                                         
1180a278  _ZZN3RCH11Oscillators9Templates8Triangle4tickEvEs_2                              
1180a308  _ZZN3RCH11Oscillators9Templates8Triangle4tickEvEs_0                              
1180a398  _ZTSN3RCH7Helpers7WrapperINS_11Oscillators9Templates8TriangleEEE                 
1180a3d8  _ZTSN3RCH11Oscillators9Templates8TriangleE                                       
1180a400  _ZTSN10__cxxabiv121__vmi_class_type_infoE                                        
1180a428  _ZTSN10__cxxabiv120__si_class_type_infoE                                         
1180a478  _ZTSN10__cxxabiv117__class_type_infoE                                            
1180a4a0  _ZTSN3RCH11Oscillators8TriangleE                                                 
1180a4c0  _ZTIN3RCH11Oscillators8TriangleE                                                 
1180a4d8  _ZTIN3RCH11Oscillators9Templates8TriangleE                                       
1180a4f0  _ZTSN3RCH7Helpers8SkeletonE                                                      
1180a508  _ZTVN3RCH11Oscillators9Templates8TriangleE                                       
1180a520  _ZTVN3RCH7Helpers8SkeletonE                                                      
1180a538  _ZTVN10__cxxabiv117__class_type_infoE                                            
1180a548  _ZTVN10__cxxabiv120__si_class_type_infoE                                         
1180a558  _ZTVN10__cxxabiv121__vmi_class_type_infoE                                        
1180a568  _ZTVN3RCH11Oscillators8TriangleE                                                 
1180a578  _ZTVN3RCH7Helpers7WrapperINS_11Oscillators9Templates8TriangleEEE                 
1180a588  _ZTSSt9type_info                                                                 
1180a5a4  _ZTIN10__cxxabiv117__class_type_infoE                                            
1180a5b0  _ZTIN10__cxxabiv120__si_class_type_infoE                                         
1180a5bc  _ZTIN10__cxxabiv121__vmi_class_type_infoE                                        
1180a5c8  _ZTIN3RCH7Helpers7WrapperINS_11Oscillators9Templates8TriangleEEE                 
1180a5d0  _ZTIN3RCH7Helpers8SkeletonE                                                      
1180a5d8  _ZTISt9type_info                                                                 
1180a5e0  _stack                                                                           
1180a9e0  __TI_STACK_END                                                                   
1180a9e0  _sys_memory                                                                      
1180ade0  _ftable                                                                          
1180afc0  _stream                                                                          
1180b060  _device                                                                          
1180b108  __TI_cleanup_ptr                                                                 
1180b10c  __TI_dtors_ptr                                                                   
1180b110  __TI_enable_exit_profile_output                                                  
1180b11c  _lock                                                                            
1180b120  _unlock                                                                          
1180b124  __TI_ft_end                                                                      
1180b12c  __errno                                                                          
1180b12c  errno                                                                            
1180b130  __CIOBUF_                                                                        
1180b2a0  __TI_STATIC_BASE                                                                 
1180b2a0  pitchShift_ii                                                                    
1180b2a4  pitchShift_delay                                                                 
1180b2ac  __dso_handle                                                                     
1180b2b0  __TI_INITARRAY_Base                                                              
1180b2b4  __TI_INITARRAY_Limit                                                             
1180b374  __TI_Handler_Table_Base                                                          
1180b37c  __TI_Handler_Table_Limit                                                         
1180b380  __TI_CINIT_Base                                                                  
1180b3a0  __TI_CINIT_Limit                                                                 
ffffffff  __TI_pprof_out_hndl                                                              
ffffffff  __TI_prof_data_size                                                              
ffffffff  __TI_prof_data_start                                                             
ffffffff  __binit__                                                                        
ffffffff  __c_args__                                                                       
ffffffff  binit                                                                            
UNDEFED   __TI_TLS_INIT_Base                                                               
UNDEFED   __TI_TLS_INIT_Limit                                                              

[236 symbols]
