******************************************************************************
               TMS320C6x Linker PC v7.4.16                     
******************************************************************************
>> Linked Tue Apr 09 16:10:00 2019

OUTPUT FILE NAME:   <Lab1P5.out>
ENTRY POINT SYMBOL: "_c_int00"  address: 118018a0


MEMORY CONFIGURATION

         name            origin    length      used     unused   attr    fill
----------------------  --------  ---------  --------  --------  ----  --------
  VECTORS               11800000   00000200  00000200  00000000  RWIX
  DSPRAM                11800200   0003fe00  00001cdc  0003e124  RWIX
  SHAREDRAM             80000000   00020000  00000000  00020000  RWIX
  SDRAM                 c0000000   08000000  00000000  08000000  RWIX


SECTION ALLOCATION MAP

 output                                  attributes/
section   page    origin      length       input sections
--------  ----  ----------  ----------   ----------------
vectors    0    11800000    00000200     
                  11800000    00000200     vectors.obj (vectors)

.text      0    11800200    00001820     
                  11800200    00000dc0     LCDK_Support_DSP.obj (.text)
                  11800fc0    000002e0     ISRs.obj (.text:retain)
                  118012a0    00000280     rts6740.lib : divf.obj (.text:__divf)
                  11801520    000000c0                 : autoinit.obj (.text:__auto_init)
                  118015e0    000000c0                 : divu.obj (.text:__divu)
                  118016a0    000000c0                 : exit.obj (.text:_exit)
                  11801760    000000a0                 : cpy_tbl.obj (.text:_copy_in)
                  11801800    000000a0                 : memcpy64.obj (.text:_memcpy)
                  118018a0    00000080                 : boot.obj (.text:_c_int00)
                  11801920    00000060                 : cpp_init.obj (.text:___TI_cpp_init)
                  11801980    00000040                 : args_main.obj (.text:__args_main)
                  118019c0    00000020     StartUp.obj (.text)
                  118019e0    00000020     rts6740.lib : exit.obj (.text:_abort)
                  11801a00    00000020     main.obj (.text)

.stack     0    11801a20    00000400     UNINITIALIZED
                  11801a20    00000008     rts6740.lib : boot.obj (.stack)
                  11801a28    000003f8     --HOLE--

.cinit     0    11801e20    00000074     
                  11801e20    0000002c     ISRs.obj (.cinit)
                  11801e4c    00000004     --HOLE-- [fill = 0]
                  11801e50    0000002c     rts6740.lib : exit.obj (.cinit)
                  11801e7c    00000004     --HOLE-- [fill = 0]
                  11801e80    0000000c     LCDK_Support_DSP.obj (.cinit)
                  11801e8c    00000004     --HOLE-- [fill = 0]
                  11801e90    00000004     (.pad.cinit) [fill = 0]

.far       0    11801e98    00000028     UNINITIALIZED
                  11801e98    0000001c     ISRs.obj (.far)
                  11801eb4    0000000c     rts6740.lib : exit.obj (.far)

.switch    0    11801ec0    00000018     
                  11801ec0    00000018     LCDK_Support_DSP.obj (.switch:_SetSampleRate_AIC3106)

.bss       0    11801ed8    00000008     UNINITIALIZED
                  11801ed8    00000004     ISRs.obj (.bss)
                  11801edc    00000004     LCDK_Support_DSP.obj (.bss)


GLOBAL SYMBOLS: SORTED ALPHABETICALLY BY Name 

address    name
--------   ----
11801ed8   $bss
11801ed8   .bss
11800200   .text
118019e0   C$$EXIT
118008ec   _AIC3106_write_reg
11800674   _CheckForOverrun
11801e98   _CodecDataIn
11801e9c   _CodecDataOut
11800fc0   _Codec_ISR
11800208   _DSP_Init
11800228   _DSP_Init_EDMA
1180040c   _EnableInterrupts
11800458   _EnableInterrupts_EDMA
11800200   _GetSampleFreq
118003a4   _InitDigitalOutputs
11800248   _InitLEDs
118006a4   _Init_AIC3106
118004cc   _Init_I2C
118003c8   _Init_Interrupts
11800448   _Init_Interrupts_EDMA
11800a98   _Init_McASP0
11800e28   _Init_UART2
11800f68   _IsDataReady_UART2
11800f8c   _IsTxReady_UART2
11800f08   _Puts_UART2
1180062c   _ReadCodecData
1180038c   _ReadSwitches
11800f48   _Read_UART2
11800928   _Reset_AIC3106
11800528   _Reset_I2C
11800950   _SetSampleRate_AIC3106
118019c0   _StartUp
11800650   _WriteCodecData
118003b0   _WriteDigitalOutputs
118002a8   _WriteLEDs
11800548   _Write_I2C
11800ee0   _Write_UART2
11801e20   __STACK_END
00000400   __STACK_SIZE
00000001   __TI_args_main
11801920   ___TI_cpp_init
11801ebc   ___TI_enable_exit_profile_output
ffffffff   ___TI_pprof_out_hndl
ffffffff   ___TI_prof_data_size
ffffffff   ___TI_prof_data_start
ffffffff   ___binit__
11801ed8   ___bss__
ffffffff   ___c_args__
11801e20   ___cinit__
11801ee0   ___end__
11801a20   ___etext__
ffffffff   ___pinit__
11800200   ___text__
11801980   __args_main
11801520   __auto_init
118015e0   __c6xabi_divu
11801eb4   __cleanup_ptr
118012a0   __divf
118015e0   __divu
11801eb8   __dtors_ptr
11801a20   __stack
118019e0   _abort
118018a0   _c_int00
11801760   _copy_in
118016a0   _exit
11801ed8   _ii
11801a00   _main
11801800   _memcpy
11801ea0   _sinewave
11800498   _wait
ffffffff   binit
11801e20   cinit
11801ee0   end
11801a20   etext
ffffffff   pinit


GLOBAL SYMBOLS: SORTED BY Symbol Address 

address    name
--------   ----
00000001   __TI_args_main
00000400   __STACK_SIZE
11800200   .text
11800200   _GetSampleFreq
11800200   ___text__
11800208   _DSP_Init
11800228   _DSP_Init_EDMA
11800248   _InitLEDs
118002a8   _WriteLEDs
1180038c   _ReadSwitches
118003a4   _InitDigitalOutputs
118003b0   _WriteDigitalOutputs
118003c8   _Init_Interrupts
1180040c   _EnableInterrupts
11800448   _Init_Interrupts_EDMA
11800458   _EnableInterrupts_EDMA
11800498   _wait
118004cc   _Init_I2C
11800528   _Reset_I2C
11800548   _Write_I2C
1180062c   _ReadCodecData
11800650   _WriteCodecData
11800674   _CheckForOverrun
118006a4   _Init_AIC3106
118008ec   _AIC3106_write_reg
11800928   _Reset_AIC3106
11800950   _SetSampleRate_AIC3106
11800a98   _Init_McASP0
11800e28   _Init_UART2
11800ee0   _Write_UART2
11800f08   _Puts_UART2
11800f48   _Read_UART2
11800f68   _IsDataReady_UART2
11800f8c   _IsTxReady_UART2
11800fc0   _Codec_ISR
118012a0   __divf
11801520   __auto_init
118015e0   __c6xabi_divu
118015e0   __divu
118016a0   _exit
11801760   _copy_in
11801800   _memcpy
118018a0   _c_int00
11801920   ___TI_cpp_init
11801980   __args_main
118019c0   _StartUp
118019e0   C$$EXIT
118019e0   _abort
11801a00   _main
11801a20   ___etext__
11801a20   __stack
11801a20   etext
11801e20   __STACK_END
11801e20   ___cinit__
11801e20   cinit
11801e98   _CodecDataIn
11801e9c   _CodecDataOut
11801ea0   _sinewave
11801eb4   __cleanup_ptr
11801eb8   __dtors_ptr
11801ebc   ___TI_enable_exit_profile_output
11801ed8   $bss
11801ed8   .bss
11801ed8   ___bss__
11801ed8   _ii
11801ee0   ___end__
11801ee0   end
ffffffff   ___TI_pprof_out_hndl
ffffffff   ___TI_prof_data_size
ffffffff   ___TI_prof_data_start
ffffffff   ___binit__
ffffffff   ___c_args__
ffffffff   ___pinit__
ffffffff   binit
ffffffff   pinit

[75 symbols]
