******************************************************************************
               TMS320C6x Linker PC v7.4.16                     
******************************************************************************
>> Linked Thu Apr 18 03:39:02 2019

OUTPUT FILE NAME:   <Lab2P3.out>
ENTRY POINT SYMBOL: "_c_int00"  address: 11806e00


MEMORY CONFIGURATION

         name            origin    length      used     unused   attr    fill
----------------------  --------  ---------  --------  --------  ----  --------
  VECTORS               11800000   00000200  00000200  00000000  RWIX
  DSPRAM                11800200   0003fe00  00008c8f  00037171  RWIX
  SHAREDRAM             80000000   00020000  00000000  00020000  RWIX
  SDRAM                 c0000000   08000000  00000000  08000000  RWIX


SECTION ALLOCATION MAP

 output                                  attributes/
section   page    origin      length       input sections
--------  ----  ----------  ----------   ----------------
vectors    0    11800000    00000200     
                  11800000    00000200     vectors.obj (vectors)

.text      0    11800200    00007240     
                  11800200    00000dc0     LCDK_Support_DSP.obj (.text)
                  11800fc0    000005a0     rts6740.lib : divd.obj (.text:__divd)
                  11801560    00000580                 : _printfi.obj (.text:__getarg_diouxp)
                  11801ae0    00000560     ISRs.obj (.text:retain)
                  11802040    00000520     rts6740.lib : _printfi.obj (.text:__setfield)
                  11802560    00000440                 : _printfi.obj (.text:__printfi)
                  118029a0    000003a0                 : fputs.obj (.text:_fputs)
                  11802d40    00000320                 : _printfi.obj (.text:__pproc_fge)
                  11803060    000002c0                 : _printfi.obj (.text:__pproc_fwp)
                  11803320    000002a0                 : _printfi.obj (.text:_ecvt)
                  118035c0    000002a0                 : _printfi.obj (.text:_fcvt)
                  11803860    00000280                 : memory.obj (.text:_free)
                  11803ae0    00000260                 : imath64.obj (.text:__divull)
                  11803d40    00000260                 : _printfi.obj (.text:__pconv_e)
                  11803fa0    00000240                 : _printfi.obj (.text:__pproc_diouxp)
                  118041e0    00000220                 : _printfi.obj (.text:__pproc_str)
                  11804400    00000220                 : fputc.obj (.text:_fputc)
                  11804620    00000200                 : _printfi.obj (.text:__pconv_g)
                  11804820    00000200                 : setvbuf.obj (.text:_setvbuf)
                  11804a20    000001c0                 : _printfi.obj (.text:__mcpy)
                  11804be0    000001a0                 : imath40.obj (.text:__divul)
                  11804d80    00000180                 : trgdrv.obj (.text:_HOSTrename)
                  11804f00    00000180                 : memory.obj (.text:_malloc)
                  11805080    00000140                 : _printfi.obj (.text:__pproc_fflags)
                  118051c0    00000140                 : lowlev.obj (.text:_getdevice)
                  11805300    00000120                 : fclose.obj (.text:__closefile)
                  11805420    00000120                 : _printfi.obj (.text:__ltostr)
                  11805540    00000120                 : fseek.obj (.text:_fseek)
                  11805660    00000100                 : trgdrv.obj (.text:_HOSTlseek)
                  11805760    00000100                 : _io_perm.obj (.text:__wrt_ok)
                  11805860    000000e0                 : trgdrv.obj (.text:_HOSTopen)
                  11805940    000000e0                 : trgdrv.obj (.text:_HOSTread)
                  11805a20    000000e0                 : atoi.obj (.text:_atoi)
                  11805b00    000000e0                 : lowlev.obj (.text:_close)
                  11805be0    000000e0                 : memset.obj (.text:_memset)
                  11805cc0    000000e0                 : printf.obj (.text:_printf)
                  11805da0    000000c0                 : trgdrv.obj (.text:_HOSTunlink)
                  11805e60    000000c0                 : trgdrv.obj (.text:_HOSTwrite)
                  11805f20    000000c0                 : autoinit.obj (.text:__auto_init)
                  11805fe0    000000c0                 : _printfi.obj (.text:__div)
                  118060a0    000000c0                 : divu.obj (.text:__divu)
                  11806160    000000c0                 : fflush.obj (.text:__doflush)
                  11806220    000000c0                 : exit.obj (.text:_exit)
                  118062e0    000000c0                 : ltoa.obj (.text:_ltoa)
                  118063a0    000000a0                 : trgdrv.obj (.text:_HOSTclose)
                  11806440    000000a0                 : trgdrv.obj (.text:_HOSTtime)
                  118064e0    000000a0                 : fopen.obj (.text:__cleanup)
                  11806580    000000a0                 : imath40.obj (.text:__divli)
                  11806620    000000a0                 : _printfi.obj (.text:__ecpy)
                  118066c0    000000a0                 : _printfi.obj (.text:__fcpy)
                  11806760    000000a0                 : fixdli.obj (.text:__fixdli)
                  11806800    000000a0                 : _printfi.obj (.text:__pconv_f)
                  118068a0    000000a0                 : cpy_tbl.obj (.text:_copy_in)
                  11806940    000000a0                 : lowlev.obj (.text:_finddevice)
                  118069e0    000000a0                 : lowlev.obj (.text:_lseek)
                  11806a80    000000a0                 : memcpy64.obj (.text:_memcpy)
                  11806b20    000000a0                 : memory.obj (.text:_minsert)
                  11806bc0    000000a0                 : memory.obj (.text:_mremove)
                  11806c60    000000a0                 : lowlev.obj (.text:_write)
                  11806d00    00000080                 : fltlid.obj (.text:__fltlid)
                  11806d80    00000080                 : llshift.obj (.text:__llshl)
                  11806e00    00000080                 : boot.obj (.text:_c_int00)
                  11806e80    00000080                 : trgmsg.obj (.text:_readmsg)
                  11806f00    00000080                 : lowlev.obj (.text:_unlink)
                  11806f80    00000080     function.obj (.text)
                  11807000    00000060     rts6740.lib : cpp_init.obj (.text:___TI_cpp_init)
                  11807060    00000060                 : imath64.obj (.text:__subcull)
                  118070c0    00000060                 : memccpy.obj (.text:_memccpy)
                  11807120    00000060                 : trgmsg.obj (.text:_writemsg)
                  11807180    00000040                 : isinf.obj (.text:___isinf)
                  118071c0    00000040                 : _printfi.obj (.text:___isnan)
                  11807200    00000040                 : args_main.obj (.text:__args_main)
                  11807240    00000040                 : frcmpyd_div.obj (.text:__frcmpyd_div)
                  11807280    00000040                 : llshift.obj (.text:__llshru)
                  118072c0    00000040                 : imath40.obj (.text:__remli)
                  11807300    00000040                 : time.obj (.text:_time)
                  11807340    00000020     StartUp.obj (.text)
                  11807360    00000020     rts6740.lib : negll.obj (.text:__negll)
                  11807380    00000020                 : _lock.obj (.text:__nop)
                  118073a0    00000020                 : printf.obj (.text:__outc)
                  118073c0    00000020                 : printf.obj (.text:__outs)
                  118073e0    00000020                 : exit.obj (.text:_abort)
                  11807400    00000020                 : remove.obj (.text:_remove)
                  11807420    00000020     main.obj (.text)

.far       0    11807440    00000db0     UNINITIALIZED
                  11807440    00000948     ISRs.obj (.far)
                  11807d88    00000324     rts6740.lib : defs.obj (.far)
                  118080ac    00000004                 : fopen.obj (.far)
                  118080b0    0000011c                 : lowlev.obj (.far)
                  118081cc    0000000c                 : exit.obj (.far)
                  118081d8    00000008                 : _lock.obj (.far)
                  118081e0    00000008                 : memory.obj (.far)
                  118081e8    00000008                 : trgdrv.obj (.far)

.stack     0    118081f0    00000400     UNINITIALIZED
                  118081f0    00000008     rts6740.lib : boot.obj (.stack)
                  118081f8    000003f8     --HOLE--

.sysmem    0    118085f0    00000400     UNINITIALIZED
                  118085f0    00000008     rts6740.lib : memory.obj (.sysmem)
                  118085f8    000003f8     --HOLE--

.const     0    118089f0    000001af     
                  118089f0    00000101     rts6740.lib : ctype.obj (.const:.string:__ctypes_)
                  11808af1    00000002                 : fputs.obj (.const:.string)
                  11808af3    00000001     --HOLE-- [fill = 0]
                  11808af4    00000088     ISRs.obj (.const:.string)
                  11808b7c    00000023     rts6740.lib : _printfi.obj (.const:.string)

.cinit     0    11808ba0    000001a4     
                  11808ba0    0000005c     rts6740.lib : defs.obj (.cinit)
                  11808bfc    00000004     --HOLE-- [fill = 0]
                  11808c00    0000005c                 : lowlev.obj (.cinit)
                  11808c5c    00000004     --HOLE-- [fill = 0]
                  11808c60    0000003c     ISRs.obj (.cinit)
                  11808c9c    00000004     --HOLE-- [fill = 0]
                  11808ca0    0000002c     rts6740.lib : exit.obj (.cinit)
                  11808ccc    00000004     --HOLE-- [fill = 0]
                  11808cd0    0000002c                 : memory.obj (.cinit)
                  11808cfc    00000004     --HOLE-- [fill = 0]
                  11808d00    0000001c                 : _lock.obj (.cinit)
                  11808d1c    00000004     --HOLE-- [fill = 0]
                  11808d20    0000000c     LCDK_Support_DSP.obj (.cinit)
                  11808d2c    00000004     --HOLE-- [fill = 0]
                  11808d30    0000000c     rts6740.lib : fopen.obj (.cinit)
                  11808d3c    00000004     --HOLE-- [fill = 0]
                  11808d40    00000004     (.pad.cinit) [fill = 0]

.cio       0    11808d48    00000120     UNINITIALIZED
                  11808d48    00000120     rts6740.lib : trgmsg.obj (.cio)

.switch    0    11808e68    00000018     
                  11808e68    00000018     LCDK_Support_DSP.obj (.switch:_SetSampleRate_AIC3106)

.bss       0    11808e80    00000014     UNINITIALIZED
                  11808e80    00000010     ISRs.obj (.bss)
                  11808e90    00000004     LCDK_Support_DSP.obj (.bss)


GLOBAL SYMBOLS: SORTED ALPHABETICALLY BY Name 

address    name
--------   ----
11808e80   $bss
11808e80   .bss
11800200   .text
118073e0   C$$EXIT
11807178   C$$IO$$
118008ec   _AIC3106_write_reg
11800674   _CheckForOverrun
11807440   _CodecDataIn
11807444   _CodecDataOut
11801ae0   _Codec_ISR
11800208   _DSP_Init
11800228   _DSP_Init_EDMA
1180040c   _EnableInterrupts
11800458   _EnableInterrupts_EDMA
11800200   _GetSampleFreq
118063a0   _HOSTclose
11805660   _HOSTlseek
11805860   _HOSTopen
11805940   _HOSTread
11804d80   _HOSTrename
11806440   _HOSTtime
11805da0   _HOSTunlink
11805e60   _HOSTwrite
118003a4   _InitDigitalOutputs
11800248   _InitLEDs
118006a4   _Init_AIC3106
118004cc   _Init_I2C
118003c8   _Init_Interrupts
11800448   _Init_Interrupts_EDMA
11800a98   _Init_McASP0
11800e28   _Init_UART2
11800f68   _IsDataReady_UART2
11800f8c   _IsTxReady_UART2
11800f08   _Puts_UART2
1180062c   _ReadCodecData
1180038c   _ReadSwitches
11800f48   _Read_UART2
11800928   _Reset_AIC3106
11800528   _Reset_I2C
11800950   _SetSampleRate_AIC3106
11807340   _StartUp
11800650   _WriteCodecData
118003b0   _WriteDigitalOutputs
118002a8   _WriteLEDs
11800548   _Write_I2C
11800ee0   _Write_UART2
11808d48   __CIOBUF_
118085f0   __STACK_END
00000400   __STACK_SIZE
00000400   __SYSMEM_SIZE
00000001   __TI_args_main
11807000   ___TI_cpp_init
118081d4   ___TI_enable_exit_profile_output
ffffffff   ___TI_pprof_out_hndl
ffffffff   ___TI_prof_data_size
ffffffff   ___TI_prof_data_start
ffffffff   ___binit__
11808e80   ___bss__
ffffffff   ___c_args__
11808ba0   ___cinit__
11808e94   ___end__
11807440   ___etext__
11807180   ___isinf
ffffffff   ___pinit__
11800200   ___text__
11807200   __args_main
11805f20   __auto_init
118060a0   __c6xabi_divu
118064e0   __cleanup
118081cc   __cleanup_ptr
11805300   __closefile
118089f0   __ctypes_
11800fc0   __divd
11806580   __divli
118060a0   __divu
11804be0   __divul
11803ae0   __divull
11806160   __doflush
118081d0   __dtors_ptr
11806760   __fixdli
11806d00   __fltlid
11807240   __frcmpyd_div
118080a8   __ft_end
11807d88   __ftable
11806d80   __llshl
11807280   __llshru
118081d8   __lock
11807360   __negll
11807380   __nop
11802560   __printfi
118072c0   __remli
118081f0   __stack
11807060   __subcull
118085f0   __sys_memory
11807f68   __tmpnams
118081dc   __unlock
11805760   __wrt_ok
118073e0   _abort
11805a20   _atoi
11806f80   _autocorr
11807c98   _bL
11807d38   _bLasm
11807c48   _bR
11807ce8   _bRasm
11807448   _bufL
11807848   _bufR
11806e00   _c_int00
11805b00   _close
118068a0   _copy_in
11806220   _exit
11804400   _fputc
118029a0   _fputs
11803860   _free
11805540   _fseek
11808e80   _ii
11808e8c   _iii
11808e88   _j
11808e84   _k
118069e0   _lseek
118062e0   _ltoa
11807420   _main
11804f00   _malloc
118070c0   _memccpy
11806a80   _memcpy
11805be0   _memset
11805cc0   _printf
11804400   _putc
11806e80   _readmsg
11807400   _remove
11804820   _setvbuf
11807300   _time
11806f00   _unlink
11800498   _wait
11806c60   _write
11807120   _writemsg
ffffffff   binit
11808ba0   cinit
11808e94   end
11807440   etext
ffffffff   pinit


GLOBAL SYMBOLS: SORTED BY Symbol Address 

address    name
--------   ----
00000001   __TI_args_main
00000400   __STACK_SIZE
00000400   __SYSMEM_SIZE
11800200   .text
11800200   _GetSampleFreq
11800200   ___text__
11800208   _DSP_Init
11800228   _DSP_Init_EDMA
11800248   _InitLEDs
118002a8   _WriteLEDs
1180038c   _ReadSwitches
118003a4   _InitDigitalOutputs
118003b0   _WriteDigitalOutputs
118003c8   _Init_Interrupts
1180040c   _EnableInterrupts
11800448   _Init_Interrupts_EDMA
11800458   _EnableInterrupts_EDMA
11800498   _wait
118004cc   _Init_I2C
11800528   _Reset_I2C
11800548   _Write_I2C
1180062c   _ReadCodecData
11800650   _WriteCodecData
11800674   _CheckForOverrun
118006a4   _Init_AIC3106
118008ec   _AIC3106_write_reg
11800928   _Reset_AIC3106
11800950   _SetSampleRate_AIC3106
11800a98   _Init_McASP0
11800e28   _Init_UART2
11800ee0   _Write_UART2
11800f08   _Puts_UART2
11800f48   _Read_UART2
11800f68   _IsDataReady_UART2
11800f8c   _IsTxReady_UART2
11800fc0   __divd
11801ae0   _Codec_ISR
11802560   __printfi
118029a0   _fputs
11803860   _free
11803ae0   __divull
11804400   _fputc
11804400   _putc
11804820   _setvbuf
11804be0   __divul
11804d80   _HOSTrename
11804f00   _malloc
11805300   __closefile
11805540   _fseek
11805660   _HOSTlseek
11805760   __wrt_ok
11805860   _HOSTopen
11805940   _HOSTread
11805a20   _atoi
11805b00   _close
11805be0   _memset
11805cc0   _printf
11805da0   _HOSTunlink
11805e60   _HOSTwrite
11805f20   __auto_init
118060a0   __c6xabi_divu
118060a0   __divu
11806160   __doflush
11806220   _exit
118062e0   _ltoa
118063a0   _HOSTclose
11806440   _HOSTtime
118064e0   __cleanup
11806580   __divli
11806760   __fixdli
118068a0   _copy_in
118069e0   _lseek
11806a80   _memcpy
11806c60   _write
11806d00   __fltlid
11806d80   __llshl
11806e00   _c_int00
11806e80   _readmsg
11806f00   _unlink
11806f80   _autocorr
11807000   ___TI_cpp_init
11807060   __subcull
118070c0   _memccpy
11807120   _writemsg
11807178   C$$IO$$
11807180   ___isinf
11807200   __args_main
11807240   __frcmpyd_div
11807280   __llshru
118072c0   __remli
11807300   _time
11807340   _StartUp
11807360   __negll
11807380   __nop
118073e0   C$$EXIT
118073e0   _abort
11807400   _remove
11807420   _main
11807440   _CodecDataIn
11807440   ___etext__
11807440   etext
11807444   _CodecDataOut
11807448   _bufL
11807848   _bufR
11807c48   _bR
11807c98   _bL
11807ce8   _bRasm
11807d38   _bLasm
11807d88   __ftable
11807f68   __tmpnams
118080a8   __ft_end
118081cc   __cleanup_ptr
118081d0   __dtors_ptr
118081d4   ___TI_enable_exit_profile_output
118081d8   __lock
118081dc   __unlock
118081f0   __stack
118085f0   __STACK_END
118085f0   __sys_memory
118089f0   __ctypes_
11808ba0   ___cinit__
11808ba0   cinit
11808d48   __CIOBUF_
11808e80   $bss
11808e80   .bss
11808e80   ___bss__
11808e80   _ii
11808e84   _k
11808e88   _j
11808e8c   _iii
11808e94   ___end__
11808e94   end
ffffffff   ___TI_pprof_out_hndl
ffffffff   ___TI_prof_data_size
ffffffff   ___TI_prof_data_start
ffffffff   ___binit__
ffffffff   ___c_args__
ffffffff   ___pinit__
ffffffff   binit
ffffffff   pinit

[140 symbols]
