******************************************************************************
               TMS320C6x Linker PC v7.4.16                     
******************************************************************************
>> Linked Wed Apr 17 23:04:00 2019

OUTPUT FILE NAME:   <Lab2P3.out>
ENTRY POINT SYMBOL: "_c_int00"  address: 11806d00


MEMORY CONFIGURATION

         name            origin    length      used     unused   attr    fill
----------------------  --------  ---------  --------  --------  ----  --------
  VECTORS               11800000   00000200  00000200  00000000  RWIX
  DSPRAM                11800200   0003fe00  00008a63  0003739d  RWIX
  SHAREDRAM             80000000   00020000  00000000  00020000  RWIX
  SDRAM                 c0000000   08000000  00000000  08000000  RWIX


SECTION ALLOCATION MAP

 output                                  attributes/
section   page    origin      length       input sections
--------  ----  ----------  ----------   ----------------
vectors    0    11800000    00000200     
                  11800000    00000200     vectors.obj (vectors)

.text      0    11800200    00007100     
                  11800200    00000dc0     LCDK_Support_DSP.obj (.text)
                  11800fc0    000005a0     rts6740.lib : divd.obj (.text:__divd)
                  11801560    00000580                 : _printfi.obj (.text:__getarg_diouxp)
                  11801ae0    00000520                 : _printfi.obj (.text:__setfield)
                  11802000    00000500     ISRs.obj (.text:retain)
                  11802500    00000440     rts6740.lib : _printfi.obj (.text:__printfi)
                  11802940    000003a0                 : fputs.obj (.text:_fputs)
                  11802ce0    00000320                 : _printfi.obj (.text:__pproc_fge)
                  11803000    000002c0                 : _printfi.obj (.text:__pproc_fwp)
                  118032c0    000002a0                 : _printfi.obj (.text:_ecvt)
                  11803560    000002a0                 : _printfi.obj (.text:_fcvt)
                  11803800    00000280                 : memory.obj (.text:_free)
                  11803a80    00000260                 : imath64.obj (.text:__divull)
                  11803ce0    00000260                 : _printfi.obj (.text:__pconv_e)
                  11803f40    00000240                 : _printfi.obj (.text:__pproc_diouxp)
                  11804180    00000220                 : _printfi.obj (.text:__pproc_str)
                  118043a0    00000220                 : fputc.obj (.text:_fputc)
                  118045c0    00000200                 : _printfi.obj (.text:__pconv_g)
                  118047c0    00000200                 : setvbuf.obj (.text:_setvbuf)
                  118049c0    000001c0                 : _printfi.obj (.text:__mcpy)
                  11804b80    000001a0                 : imath40.obj (.text:__divul)
                  11804d20    00000180                 : trgdrv.obj (.text:_HOSTrename)
                  11804ea0    00000180                 : memory.obj (.text:_malloc)
                  11805020    00000140                 : _printfi.obj (.text:__pproc_fflags)
                  11805160    00000140                 : lowlev.obj (.text:_getdevice)
                  118052a0    00000120                 : fclose.obj (.text:__closefile)
                  118053c0    00000120                 : _printfi.obj (.text:__ltostr)
                  118054e0    00000120                 : fseek.obj (.text:_fseek)
                  11805600    00000100                 : trgdrv.obj (.text:_HOSTlseek)
                  11805700    00000100                 : _io_perm.obj (.text:__wrt_ok)
                  11805800    000000e0                 : trgdrv.obj (.text:_HOSTopen)
                  118058e0    000000e0                 : trgdrv.obj (.text:_HOSTread)
                  118059c0    000000e0                 : atoi.obj (.text:_atoi)
                  11805aa0    000000e0                 : lowlev.obj (.text:_close)
                  11805b80    000000e0                 : memset.obj (.text:_memset)
                  11805c60    000000e0                 : printf.obj (.text:_printf)
                  11805d40    000000c0                 : trgdrv.obj (.text:_HOSTunlink)
                  11805e00    000000c0                 : trgdrv.obj (.text:_HOSTwrite)
                  11805ec0    000000c0                 : autoinit.obj (.text:__auto_init)
                  11805f80    000000c0                 : _printfi.obj (.text:__div)
                  11806040    000000c0                 : divu.obj (.text:__divu)
                  11806100    000000c0                 : fflush.obj (.text:__doflush)
                  118061c0    000000c0                 : exit.obj (.text:_exit)
                  11806280    000000c0                 : ltoa.obj (.text:_ltoa)
                  11806340    000000a0                 : trgdrv.obj (.text:_HOSTclose)
                  118063e0    000000a0                 : fopen.obj (.text:__cleanup)
                  11806480    000000a0                 : imath40.obj (.text:__divli)
                  11806520    000000a0                 : _printfi.obj (.text:__ecpy)
                  118065c0    000000a0                 : _printfi.obj (.text:__fcpy)
                  11806660    000000a0                 : fixdli.obj (.text:__fixdli)
                  11806700    000000a0                 : _printfi.obj (.text:__pconv_f)
                  118067a0    000000a0                 : cpy_tbl.obj (.text:_copy_in)
                  11806840    000000a0                 : lowlev.obj (.text:_finddevice)
                  118068e0    000000a0                 : lowlev.obj (.text:_lseek)
                  11806980    000000a0                 : memcpy64.obj (.text:_memcpy)
                  11806a20    000000a0                 : memory.obj (.text:_minsert)
                  11806ac0    000000a0                 : memory.obj (.text:_mremove)
                  11806b60    000000a0                 : lowlev.obj (.text:_write)
                  11806c00    00000080                 : fltlid.obj (.text:__fltlid)
                  11806c80    00000080                 : llshift.obj (.text:__llshl)
                  11806d00    00000080                 : boot.obj (.text:_c_int00)
                  11806d80    00000080                 : trgmsg.obj (.text:_readmsg)
                  11806e00    00000080                 : lowlev.obj (.text:_unlink)
                  11806e80    00000080     function.obj (.text)
                  11806f00    00000060     rts6740.lib : cpp_init.obj (.text:___TI_cpp_init)
                  11806f60    00000060                 : imath64.obj (.text:__subcull)
                  11806fc0    00000060                 : memccpy.obj (.text:_memccpy)
                  11807020    00000060                 : trgmsg.obj (.text:_writemsg)
                  11807080    00000040                 : isinf.obj (.text:___isinf)
                  118070c0    00000040                 : _printfi.obj (.text:___isnan)
                  11807100    00000040                 : args_main.obj (.text:__args_main)
                  11807140    00000040                 : frcmpyd_div.obj (.text:__frcmpyd_div)
                  11807180    00000040                 : llshift.obj (.text:__llshru)
                  118071c0    00000040                 : imath40.obj (.text:__remli)
                  11807200    00000020     StartUp.obj (.text)
                  11807220    00000020     rts6740.lib : negll.obj (.text:__negll)
                  11807240    00000020                 : _lock.obj (.text:__nop)
                  11807260    00000020                 : printf.obj (.text:__outc)
                  11807280    00000020                 : printf.obj (.text:__outs)
                  118072a0    00000020                 : exit.obj (.text:_abort)
                  118072c0    00000020                 : remove.obj (.text:_remove)
                  118072e0    00000020     main.obj (.text)

.far       0    11807300    00000d10     UNINITIALIZED
                  11807300    000008a8     ISRs.obj (.far)
                  11807ba8    00000324     rts6740.lib : defs.obj (.far)
                  11807ecc    00000004                 : fopen.obj (.far)
                  11807ed0    0000011c                 : lowlev.obj (.far)
                  11807fec    0000000c                 : exit.obj (.far)
                  11807ff8    00000008                 : _lock.obj (.far)
                  11808000    00000008                 : memory.obj (.far)
                  11808008    00000008                 : trgdrv.obj (.far)

.stack     0    11808010    00000400     UNINITIALIZED
                  11808010    00000008     rts6740.lib : boot.obj (.stack)
                  11808018    000003f8     --HOLE--

.sysmem    0    11808410    00000400     UNINITIALIZED
                  11808410    00000008     rts6740.lib : memory.obj (.sysmem)
                  11808418    000003f8     --HOLE--

.cinit     0    11808810    000001a4     
                  11808810    0000005c     rts6740.lib : defs.obj (.cinit)
                  1180886c    00000004     --HOLE-- [fill = 0]
                  11808870    0000005c                 : lowlev.obj (.cinit)
                  118088cc    00000004     --HOLE-- [fill = 0]
                  118088d0    0000003c     ISRs.obj (.cinit)
                  1180890c    00000004     --HOLE-- [fill = 0]
                  11808910    0000002c     rts6740.lib : exit.obj (.cinit)
                  1180893c    00000004     --HOLE-- [fill = 0]
                  11808940    0000002c                 : memory.obj (.cinit)
                  1180896c    00000004     --HOLE-- [fill = 0]
                  11808970    0000001c                 : _lock.obj (.cinit)
                  1180898c    00000004     --HOLE-- [fill = 0]
                  11808990    0000000c     LCDK_Support_DSP.obj (.cinit)
                  1180899c    00000004     --HOLE-- [fill = 0]
                  118089a0    0000000c     rts6740.lib : fopen.obj (.cinit)
                  118089ac    00000004     --HOLE-- [fill = 0]
                  118089b0    00000004     (.pad.cinit) [fill = 0]

.const     0    118089b8    00000163     
                  118089b8    00000101     rts6740.lib : ctype.obj (.const:.string:__ctypes_)
                  11808ab9    00000002                 : fputs.obj (.const:.string)
                  11808abb    00000001     --HOLE-- [fill = 0]
                  11808abc    0000003c     ISRs.obj (.const:.string)
                  11808af8    00000023     rts6740.lib : _printfi.obj (.const:.string)

.cio       0    11808b20    00000120     UNINITIALIZED
                  11808b20    00000120     rts6740.lib : trgmsg.obj (.cio)

.switch    0    11808c40    00000018     
                  11808c40    00000018     LCDK_Support_DSP.obj (.switch:_SetSampleRate_AIC3106)

.bss       0    11808c58    00000014     UNINITIALIZED
                  11808c58    00000010     ISRs.obj (.bss)
                  11808c68    00000004     LCDK_Support_DSP.obj (.bss)


GLOBAL SYMBOLS: SORTED ALPHABETICALLY BY Name 

address    name
--------   ----
11808c58   $bss
11808c58   .bss
11800200   .text
118072a0   C$$EXIT
11807078   C$$IO$$
118008ec   _AIC3106_write_reg
11800674   _CheckForOverrun
11807300   _CodecDataIn
11807304   _CodecDataOut
11802000   _Codec_ISR
11800208   _DSP_Init
11800228   _DSP_Init_EDMA
1180040c   _EnableInterrupts
11800458   _EnableInterrupts_EDMA
11800200   _GetSampleFreq
11806340   _HOSTclose
11805600   _HOSTlseek
11805800   _HOSTopen
118058e0   _HOSTread
11804d20   _HOSTrename
11805d40   _HOSTunlink
11805e00   _HOSTwrite
118003a4   _InitDigitalOutputs
11800248   _InitLEDs
118006a4   _Init_AIC3106
118004cc   _Init_I2C
118003c8   _Init_Interrupts
11800448   _Init_Interrupts_EDMA
11800a98   _Init_McASP0
11800e28   _Init_UART2
11800f68   _IsDataReady_UART2
11800f8c   _IsTxReady_UART2
11800f08   _Puts_UART2
1180062c   _ReadCodecData
1180038c   _ReadSwitches
11800f48   _Read_UART2
11800928   _Reset_AIC3106
11800528   _Reset_I2C
11800950   _SetSampleRate_AIC3106
11807200   _StartUp
11800650   _WriteCodecData
118003b0   _WriteDigitalOutputs
118002a8   _WriteLEDs
11800548   _Write_I2C
11800ee0   _Write_UART2
11808b20   __CIOBUF_
11808410   __STACK_END
00000400   __STACK_SIZE
00000400   __SYSMEM_SIZE
00000001   __TI_args_main
11806f00   ___TI_cpp_init
11807ff4   ___TI_enable_exit_profile_output
ffffffff   ___TI_pprof_out_hndl
ffffffff   ___TI_prof_data_size
ffffffff   ___TI_prof_data_start
ffffffff   ___binit__
11808c58   ___bss__
ffffffff   ___c_args__
11808810   ___cinit__
11808c6c   ___end__
11807300   ___etext__
11807080   ___isinf
ffffffff   ___pinit__
11800200   ___text__
11807100   __args_main
11805ec0   __auto_init
11806040   __c6xabi_divu
118063e0   __cleanup
11807fec   __cleanup_ptr
118052a0   __closefile
118089b8   __ctypes_
11800fc0   __divd
11806480   __divli
11806040   __divu
11804b80   __divul
11803a80   __divull
11806100   __doflush
11807ff0   __dtors_ptr
11806660   __fixdli
11806c00   __fltlid
11807140   __frcmpyd_div
11807ec8   __ft_end
11807ba8   __ftable
11806c80   __llshl
11807180   __llshru
11807ff8   __lock
11807220   __negll
11807240   __nop
11802500   __printfi
118071c0   __remli
11808010   __stack
11806f60   __subcull
11808410   __sys_memory
11807d88   __tmpnams
11807ffc   __unlock
11805700   __wrt_ok
118072a0   _abort
118059c0   _atoi
11806e80   _autocorr
11807b30   _bL
11807b80   _bLasm
11807b08   _bR
11807b58   _bRasm
11807308   _bufL
11807708   _bufR
11806d00   _c_int00
11805aa0   _close
118067a0   _copy_in
118061c0   _exit
118043a0   _fputc
11802940   _fputs
11803800   _free
118054e0   _fseek
11808c58   _ii
11808c64   _iii
11808c60   _j
11808c5c   _k
118068e0   _lseek
11806280   _ltoa
118072e0   _main
11804ea0   _malloc
11806fc0   _memccpy
11806980   _memcpy
11805b80   _memset
11805c60   _printf
118043a0   _putc
11806d80   _readmsg
118072c0   _remove
118047c0   _setvbuf
11806e00   _unlink
11800498   _wait
11806b60   _write
11807020   _writemsg
ffffffff   binit
11808810   cinit
11808c6c   end
11807300   etext
ffffffff   pinit


GLOBAL SYMBOLS: SORTED BY Symbol Address 

address    name
--------   ----
00000001   __TI_args_main
00000400   __STACK_SIZE
00000400   __SYSMEM_SIZE
11800200   .text
11800200   _GetSampleFreq
11800200   ___text__
11800208   _DSP_Init
11800228   _DSP_Init_EDMA
11800248   _InitLEDs
118002a8   _WriteLEDs
1180038c   _ReadSwitches
118003a4   _InitDigitalOutputs
118003b0   _WriteDigitalOutputs
118003c8   _Init_Interrupts
1180040c   _EnableInterrupts
11800448   _Init_Interrupts_EDMA
11800458   _EnableInterrupts_EDMA
11800498   _wait
118004cc   _Init_I2C
11800528   _Reset_I2C
11800548   _Write_I2C
1180062c   _ReadCodecData
11800650   _WriteCodecData
11800674   _CheckForOverrun
118006a4   _Init_AIC3106
118008ec   _AIC3106_write_reg
11800928   _Reset_AIC3106
11800950   _SetSampleRate_AIC3106
11800a98   _Init_McASP0
11800e28   _Init_UART2
11800ee0   _Write_UART2
11800f08   _Puts_UART2
11800f48   _Read_UART2
11800f68   _IsDataReady_UART2
11800f8c   _IsTxReady_UART2
11800fc0   __divd
11802000   _Codec_ISR
11802500   __printfi
11802940   _fputs
11803800   _free
11803a80   __divull
118043a0   _fputc
118043a0   _putc
118047c0   _setvbuf
11804b80   __divul
11804d20   _HOSTrename
11804ea0   _malloc
118052a0   __closefile
118054e0   _fseek
11805600   _HOSTlseek
11805700   __wrt_ok
11805800   _HOSTopen
118058e0   _HOSTread
118059c0   _atoi
11805aa0   _close
11805b80   _memset
11805c60   _printf
11805d40   _HOSTunlink
11805e00   _HOSTwrite
11805ec0   __auto_init
11806040   __c6xabi_divu
11806040   __divu
11806100   __doflush
118061c0   _exit
11806280   _ltoa
11806340   _HOSTclose
118063e0   __cleanup
11806480   __divli
11806660   __fixdli
118067a0   _copy_in
118068e0   _lseek
11806980   _memcpy
11806b60   _write
11806c00   __fltlid
11806c80   __llshl
11806d00   _c_int00
11806d80   _readmsg
11806e00   _unlink
11806e80   _autocorr
11806f00   ___TI_cpp_init
11806f60   __subcull
11806fc0   _memccpy
11807020   _writemsg
11807078   C$$IO$$
11807080   ___isinf
11807100   __args_main
11807140   __frcmpyd_div
11807180   __llshru
118071c0   __remli
11807200   _StartUp
11807220   __negll
11807240   __nop
118072a0   C$$EXIT
118072a0   _abort
118072c0   _remove
118072e0   _main
11807300   _CodecDataIn
11807300   ___etext__
11807300   etext
11807304   _CodecDataOut
11807308   _bufL
11807708   _bufR
11807b08   _bR
11807b30   _bL
11807b58   _bRasm
11807b80   _bLasm
11807ba8   __ftable
11807d88   __tmpnams
11807ec8   __ft_end
11807fec   __cleanup_ptr
11807ff0   __dtors_ptr
11807ff4   ___TI_enable_exit_profile_output
11807ff8   __lock
11807ffc   __unlock
11808010   __stack
11808410   __STACK_END
11808410   __sys_memory
11808810   ___cinit__
11808810   cinit
118089b8   __ctypes_
11808b20   __CIOBUF_
11808c58   $bss
11808c58   .bss
11808c58   ___bss__
11808c58   _ii
11808c5c   _k
11808c60   _j
11808c64   _iii
11808c6c   ___end__
11808c6c   end
ffffffff   ___TI_pprof_out_hndl
ffffffff   ___TI_prof_data_size
ffffffff   ___TI_prof_data_start
ffffffff   ___binit__
ffffffff   ___c_args__
ffffffff   ___pinit__
ffffffff   binit
ffffffff   pinit

[138 symbols]
