<?xml version="1.0"?>
<link_info>
   <banner>TMS320C6x Linker PC v7.4.16</banner>
   <copyright>Copyright (c) 1996-2015 Texas Instruments Incorporated</copyright>
   <link_time>0x5cb81350</link_time>
   <output_file>Lab2P3.out</output_file>
   <entry_point>
      <name>_c_int00</name>
      <address>0x11806d00</address>
   </entry_point>
   <input_file_list>
      <input_file id="fl-2">
         <path>.\</path>
         <kind>object</kind>
         <file>ISRs.obj</file>
         <name>ISRs.obj</name>
      </input_file>
      <input_file id="fl-3">
         <path>.\</path>
         <kind>object</kind>
         <file>LCDK_Support_DSP.obj</file>
         <name>LCDK_Support_DSP.obj</name>
      </input_file>
      <input_file id="fl-4">
         <path>.\</path>
         <kind>object</kind>
         <file>StartUp.obj</file>
         <name>StartUp.obj</name>
      </input_file>
      <input_file id="fl-5">
         <path>.\</path>
         <kind>object</kind>
         <file>function.obj</file>
         <name>function.obj</name>
      </input_file>
      <input_file id="fl-6">
         <path>.\</path>
         <kind>object</kind>
         <file>main.obj</file>
         <name>main.obj</name>
      </input_file>
      <input_file id="fl-7">
         <path>.\</path>
         <kind>object</kind>
         <file>vectors.obj</file>
         <name>vectors.obj</name>
      </input_file>
      <input_file id="fl-c">
         <path>C:\ti\ccsv6\tools\compiler\c6000_7.4.16\lib\</path>
         <kind>archive</kind>
         <file>rts6740.lib</file>
         <name>boot.obj</name>
      </input_file>
      <input_file id="fl-d">
         <path>C:\ti\ccsv6\tools\compiler\c6000_7.4.16\lib\</path>
         <kind>archive</kind>
         <file>rts6740.lib</file>
         <name>divu.obj</name>
      </input_file>
      <input_file id="fl-e">
         <path>C:\ti\ccsv6\tools\compiler\c6000_7.4.16\lib\</path>
         <kind>archive</kind>
         <file>rts6740.lib</file>
         <name>exit.obj</name>
      </input_file>
      <input_file id="fl-f">
         <path>C:\ti\ccsv6\tools\compiler\c6000_7.4.16\lib\</path>
         <kind>archive</kind>
         <file>rts6740.lib</file>
         <name>printf.obj</name>
      </input_file>
      <input_file id="fl-10">
         <path>C:\ti\ccsv6\tools\compiler\c6000_7.4.16\lib\</path>
         <kind>archive</kind>
         <file>rts6740.lib</file>
         <name>_lock.obj</name>
      </input_file>
      <input_file id="fl-11">
         <path>C:\ti\ccsv6\tools\compiler\c6000_7.4.16\lib\</path>
         <kind>archive</kind>
         <file>rts6740.lib</file>
         <name>_printfi.obj</name>
      </input_file>
      <input_file id="fl-12">
         <path>C:\ti\ccsv6\tools\compiler\c6000_7.4.16\lib\</path>
         <kind>archive</kind>
         <file>rts6740.lib</file>
         <name>args_main.obj</name>
      </input_file>
      <input_file id="fl-13">
         <path>C:\ti\ccsv6\tools\compiler\c6000_7.4.16\lib\</path>
         <kind>archive</kind>
         <file>rts6740.lib</file>
         <name>atoi.obj</name>
      </input_file>
      <input_file id="fl-14">
         <path>C:\ti\ccsv6\tools\compiler\c6000_7.4.16\lib\</path>
         <kind>archive</kind>
         <file>rts6740.lib</file>
         <name>autoinit.obj</name>
      </input_file>
      <input_file id="fl-15">
         <path>C:\ti\ccsv6\tools\compiler\c6000_7.4.16\lib\</path>
         <kind>archive</kind>
         <file>rts6740.lib</file>
         <name>cpp_init.obj</name>
      </input_file>
      <input_file id="fl-16">
         <path>C:\ti\ccsv6\tools\compiler\c6000_7.4.16\lib\</path>
         <kind>archive</kind>
         <file>rts6740.lib</file>
         <name>cpy_tbl.obj</name>
      </input_file>
      <input_file id="fl-17">
         <path>C:\ti\ccsv6\tools\compiler\c6000_7.4.16\lib\</path>
         <kind>archive</kind>
         <file>rts6740.lib</file>
         <name>ctype.obj</name>
      </input_file>
      <input_file id="fl-18">
         <path>C:\ti\ccsv6\tools\compiler\c6000_7.4.16\lib\</path>
         <kind>archive</kind>
         <file>rts6740.lib</file>
         <name>defs.obj</name>
      </input_file>
      <input_file id="fl-19">
         <path>C:\ti\ccsv6\tools\compiler\c6000_7.4.16\lib\</path>
         <kind>archive</kind>
         <file>rts6740.lib</file>
         <name>divd.obj</name>
      </input_file>
      <input_file id="fl-1a">
         <path>C:\ti\ccsv6\tools\compiler\c6000_7.4.16\lib\</path>
         <kind>archive</kind>
         <file>rts6740.lib</file>
         <name>fixdli.obj</name>
      </input_file>
      <input_file id="fl-1b">
         <path>C:\ti\ccsv6\tools\compiler\c6000_7.4.16\lib\</path>
         <kind>archive</kind>
         <file>rts6740.lib</file>
         <name>fltlid.obj</name>
      </input_file>
      <input_file id="fl-1c">
         <path>C:\ti\ccsv6\tools\compiler\c6000_7.4.16\lib\</path>
         <kind>archive</kind>
         <file>rts6740.lib</file>
         <name>fputc.obj</name>
      </input_file>
      <input_file id="fl-1d">
         <path>C:\ti\ccsv6\tools\compiler\c6000_7.4.16\lib\</path>
         <kind>archive</kind>
         <file>rts6740.lib</file>
         <name>fputs.obj</name>
      </input_file>
      <input_file id="fl-1e">
         <path>C:\ti\ccsv6\tools\compiler\c6000_7.4.16\lib\</path>
         <kind>archive</kind>
         <file>rts6740.lib</file>
         <name>frcmpyd_div.obj</name>
      </input_file>
      <input_file id="fl-1f">
         <path>C:\ti\ccsv6\tools\compiler\c6000_7.4.16\lib\</path>
         <kind>archive</kind>
         <file>rts6740.lib</file>
         <name>imath40.obj</name>
      </input_file>
      <input_file id="fl-20">
         <path>C:\ti\ccsv6\tools\compiler\c6000_7.4.16\lib\</path>
         <kind>archive</kind>
         <file>rts6740.lib</file>
         <name>imath64.obj</name>
      </input_file>
      <input_file id="fl-21">
         <path>C:\ti\ccsv6\tools\compiler\c6000_7.4.16\lib\</path>
         <kind>archive</kind>
         <file>rts6740.lib</file>
         <name>isinf.obj</name>
      </input_file>
      <input_file id="fl-22">
         <path>C:\ti\ccsv6\tools\compiler\c6000_7.4.16\lib\</path>
         <kind>archive</kind>
         <file>rts6740.lib</file>
         <name>llshift.obj</name>
      </input_file>
      <input_file id="fl-23">
         <path>C:\ti\ccsv6\tools\compiler\c6000_7.4.16\lib\</path>
         <kind>archive</kind>
         <file>rts6740.lib</file>
         <name>lowlev.obj</name>
      </input_file>
      <input_file id="fl-24">
         <path>C:\ti\ccsv6\tools\compiler\c6000_7.4.16\lib\</path>
         <kind>archive</kind>
         <file>rts6740.lib</file>
         <name>ltoa.obj</name>
      </input_file>
      <input_file id="fl-25">
         <path>C:\ti\ccsv6\tools\compiler\c6000_7.4.16\lib\</path>
         <kind>archive</kind>
         <file>rts6740.lib</file>
         <name>memccpy.obj</name>
      </input_file>
      <input_file id="fl-26">
         <path>C:\ti\ccsv6\tools\compiler\c6000_7.4.16\lib\</path>
         <kind>archive</kind>
         <file>rts6740.lib</file>
         <name>memcpy64.obj</name>
      </input_file>
      <input_file id="fl-27">
         <path>C:\ti\ccsv6\tools\compiler\c6000_7.4.16\lib\</path>
         <kind>archive</kind>
         <file>rts6740.lib</file>
         <name>memset.obj</name>
      </input_file>
      <input_file id="fl-28">
         <path>C:\ti\ccsv6\tools\compiler\c6000_7.4.16\lib\</path>
         <kind>archive</kind>
         <file>rts6740.lib</file>
         <name>negll.obj</name>
      </input_file>
      <input_file id="fl-29">
         <path>C:\ti\ccsv6\tools\compiler\c6000_7.4.16\lib\</path>
         <kind>archive</kind>
         <file>rts6740.lib</file>
         <name>trgdrv.obj</name>
      </input_file>
      <input_file id="fl-2a">
         <path>C:\ti\ccsv6\tools\compiler\c6000_7.4.16\lib\</path>
         <kind>archive</kind>
         <file>rts6740.lib</file>
         <name>trgmsg.obj</name>
      </input_file>
      <input_file id="fl-2b">
         <path>C:\ti\ccsv6\tools\compiler\c6000_7.4.16\lib\</path>
         <kind>archive</kind>
         <file>rts6740.lib</file>
         <name>_io_perm.obj</name>
      </input_file>
      <input_file id="fl-2c">
         <path>C:\ti\ccsv6\tools\compiler\c6000_7.4.16\lib\</path>
         <kind>archive</kind>
         <file>rts6740.lib</file>
         <name>abs.obj</name>
      </input_file>
      <input_file id="fl-2d">
         <path>C:\ti\ccsv6\tools\compiler\c6000_7.4.16\lib\</path>
         <kind>archive</kind>
         <file>rts6740.lib</file>
         <name>fflush.obj</name>
      </input_file>
      <input_file id="fl-2e">
         <path>C:\ti\ccsv6\tools\compiler\c6000_7.4.16\lib\</path>
         <kind>archive</kind>
         <file>rts6740.lib</file>
         <name>fseek.obj</name>
      </input_file>
      <input_file id="fl-2f">
         <path>C:\ti\ccsv6\tools\compiler\c6000_7.4.16\lib\</path>
         <kind>archive</kind>
         <file>rts6740.lib</file>
         <name>setvbuf.obj</name>
      </input_file>
      <input_file id="fl-30">
         <path>C:\ti\ccsv6\tools\compiler\c6000_7.4.16\lib\</path>
         <kind>archive</kind>
         <file>rts6740.lib</file>
         <name>fopen.obj</name>
      </input_file>
      <input_file id="fl-31">
         <path>C:\ti\ccsv6\tools\compiler\c6000_7.4.16\lib\</path>
         <kind>archive</kind>
         <file>rts6740.lib</file>
         <name>memory.obj</name>
      </input_file>
      <input_file id="fl-32">
         <path>C:\ti\ccsv6\tools\compiler\c6000_7.4.16\lib\</path>
         <kind>archive</kind>
         <file>rts6740.lib</file>
         <name>fclose.obj</name>
      </input_file>
      <input_file id="fl-33">
         <path>C:\ti\ccsv6\tools\compiler\c6000_7.4.16\lib\</path>
         <kind>archive</kind>
         <file>rts6740.lib</file>
         <name>remove.obj</name>
      </input_file>
   </input_file_list>
   <object_component_list>
      <object_component id="oc-2a">
         <name>vectors</name>
         <load_address>0x11800000</load_address>
         <run_address>0x11800000</run_address>
         <size>0x200</size>
         <input_file_ref idref="fl-7"/>
      </object_component>
      <object_component id="oc-f">
         <name>.bss</name>
         <uninitialized>true</uninitialized>
         <run_address>0x11808c58</run_address>
         <size>0x10</size>
         <input_file_ref idref="fl-2"/>
      </object_component>
      <object_component id="oc-18">
         <name>.bss</name>
         <uninitialized>true</uninitialized>
         <run_address>0x11808c68</run_address>
         <size>0x4</size>
         <input_file_ref idref="fl-3"/>
      </object_component>
      <object_component id="oc-58">
         <name>.cinit</name>
         <load_address>0x11808810</load_address>
         <run_address>0x11808810</run_address>
         <size>0x5c</size>
         <input_file_ref idref="fl-18"/>
      </object_component>
      <object_component id="oc-7b">
         <name>.cinit</name>
         <load_address>0x11808870</load_address>
         <run_address>0x11808870</run_address>
         <size>0x5c</size>
         <input_file_ref idref="fl-23"/>
      </object_component>
      <object_component id="oc-11">
         <name>.cinit</name>
         <load_address>0x118088d0</load_address>
         <run_address>0x118088d0</run_address>
         <size>0x3c</size>
         <input_file_ref idref="fl-2"/>
      </object_component>
      <object_component id="oc-36">
         <name>.cinit</name>
         <load_address>0x11808910</load_address>
         <run_address>0x11808910</run_address>
         <size>0x2c</size>
         <input_file_ref idref="fl-e"/>
      </object_component>
      <object_component id="oc-ab">
         <name>.cinit</name>
         <load_address>0x11808940</load_address>
         <run_address>0x11808940</run_address>
         <size>0x2c</size>
         <input_file_ref idref="fl-31"/>
      </object_component>
      <object_component id="oc-3e">
         <name>.cinit</name>
         <load_address>0x11808970</load_address>
         <run_address>0x11808970</run_address>
         <size>0x1c</size>
         <input_file_ref idref="fl-10"/>
      </object_component>
      <object_component id="oc-1a">
         <name>.cinit</name>
         <load_address>0x11808990</load_address>
         <run_address>0x11808990</run_address>
         <size>0xc</size>
         <input_file_ref idref="fl-3"/>
      </object_component>
      <object_component id="oc-a6">
         <name>.cinit</name>
         <load_address>0x118089a0</load_address>
         <run_address>0x118089a0</run_address>
         <size>0xc</size>
         <input_file_ref idref="fl-30"/>
      </object_component>
      <object_component id="oc-93">
         <name>.cio</name>
         <uninitialized>true</uninitialized>
         <run_address>0x11808b20</run_address>
         <size>0x120</size>
         <input_file_ref idref="fl-2a"/>
      </object_component>
      <object_component id="oc-e0">
         <name>.const:.string:__ctypes_</name>
         <load_address>0x118089b8</load_address>
         <run_address>0x118089b8</run_address>
         <size>0x101</size>
         <input_file_ref idref="fl-17"/>
      </object_component>
      <object_component id="oc-68">
         <name>.const:.string</name>
         <load_address>0x11808ab9</load_address>
         <run_address>0x11808ab9</run_address>
         <size>0x2</size>
         <input_file_ref idref="fl-1d"/>
      </object_component>
      <object_component id="oc-14">
         <name>.const:.string</name>
         <load_address>0x11808abc</load_address>
         <run_address>0x11808abc</run_address>
         <size>0x3c</size>
         <input_file_ref idref="fl-2"/>
      </object_component>
      <object_component id="oc-43">
         <name>.const:.string</name>
         <load_address>0x11808af8</load_address>
         <run_address>0x11808af8</run_address>
         <size>0x23</size>
         <input_file_ref idref="fl-11"/>
      </object_component>
      <object_component id="oc-2f">
         <name>.stack</name>
         <uninitialized>true</uninitialized>
         <run_address>0x11808010</run_address>
         <size>0x8</size>
         <input_file_ref idref="fl-c"/>
      </object_component>
      <object_component id="oc-11c">
         <name>.stack</name>
         <uninitialized>true</uninitialized>
         <run_address>0x11808010</run_address>
         <size>0x0</size>
      </object_component>
      <object_component id="oc-ad">
         <name>.sysmem</name>
         <uninitialized>true</uninitialized>
         <run_address>0x11808410</run_address>
         <size>0x8</size>
         <input_file_ref idref="fl-31"/>
      </object_component>
      <object_component id="oc-11d">
         <name>.sysmem</name>
         <uninitialized>true</uninitialized>
         <run_address>0x11808410</run_address>
         <size>0x0</size>
      </object_component>
      <object_component id="oc-b9">
         <name>.text</name>
         <load_address>0x11800200</load_address>
         <run_address>0x11800200</run_address>
         <size>0xdc0</size>
         <input_file_ref idref="fl-3"/>
      </object_component>
      <object_component id="oc-f2">
         <name>.text:__divd</name>
         <load_address>0x11800fc0</load_address>
         <run_address>0x11800fc0</run_address>
         <size>0x5a0</size>
         <input_file_ref idref="fl-19"/>
      </object_component>
      <object_component id="oc-e6">
         <name>.text:__getarg_diouxp</name>
         <load_address>0x11801560</load_address>
         <run_address>0x11801560</run_address>
         <size>0x580</size>
         <input_file_ref idref="fl-11"/>
      </object_component>
      <object_component id="oc-d3">
         <name>.text:__setfield</name>
         <load_address>0x11801ae0</load_address>
         <run_address>0x11801ae0</run_address>
         <size>0x520</size>
         <input_file_ref idref="fl-11"/>
      </object_component>
      <object_component id="oc-13">
         <name>.text:retain</name>
         <load_address>0x11802000</load_address>
         <run_address>0x11802000</run_address>
         <size>0x500</size>
         <input_file_ref idref="fl-2"/>
      </object_component>
      <object_component id="oc-cb">
         <name>.text:__printfi</name>
         <load_address>0x11802500</load_address>
         <run_address>0x11802500</run_address>
         <size>0x440</size>
         <input_file_ref idref="fl-11"/>
      </object_component>
      <object_component id="oc-d0">
         <name>.text:_fputs</name>
         <load_address>0x11802940</load_address>
         <run_address>0x11802940</run_address>
         <size>0x3a0</size>
         <input_file_ref idref="fl-1d"/>
      </object_component>
      <object_component id="oc-db">
         <name>.text:__pproc_fge</name>
         <load_address>0x11802ce0</load_address>
         <run_address>0x11802ce0</run_address>
         <size>0x320</size>
         <input_file_ref idref="fl-11"/>
      </object_component>
      <object_component id="oc-d2">
         <name>.text:__pproc_fwp</name>
         <load_address>0x11803000</load_address>
         <run_address>0x11803000</run_address>
         <size>0x2c0</size>
         <input_file_ref idref="fl-11"/>
      </object_component>
      <object_component id="oc-ed">
         <name>.text:_ecvt</name>
         <load_address>0x118032c0</load_address>
         <run_address>0x118032c0</run_address>
         <size>0x2a0</size>
         <input_file_ref idref="fl-11"/>
      </object_component>
      <object_component id="oc-f0">
         <name>.text:_fcvt</name>
         <load_address>0x11803560</load_address>
         <run_address>0x11803560</run_address>
         <size>0x2a0</size>
         <input_file_ref idref="fl-11"/>
      </object_component>
      <object_component id="oc-ea">
         <name>.text:_free</name>
         <load_address>0x11803800</load_address>
         <run_address>0x11803800</run_address>
         <size>0x280</size>
         <input_file_ref idref="fl-31"/>
      </object_component>
      <object_component id="oc-fd">
         <name>.text:__divull</name>
         <load_address>0x11803a80</load_address>
         <run_address>0x11803a80</run_address>
         <size>0x260</size>
         <input_file_ref idref="fl-20"/>
      </object_component>
      <object_component id="oc-e5">
         <name>.text:__pconv_e</name>
         <load_address>0x11803ce0</load_address>
         <run_address>0x11803ce0</run_address>
         <size>0x260</size>
         <input_file_ref idref="fl-11"/>
      </object_component>
      <object_component id="oc-dc">
         <name>.text:__pproc_diouxp</name>
         <load_address>0x11803f40</load_address>
         <run_address>0x11803f40</run_address>
         <size>0x240</size>
         <input_file_ref idref="fl-11"/>
      </object_component>
      <object_component id="oc-d4">
         <name>.text:__pproc_str</name>
         <load_address>0x11804180</load_address>
         <run_address>0x11804180</run_address>
         <size>0x220</size>
         <input_file_ref idref="fl-11"/>
      </object_component>
      <object_component id="oc-d5">
         <name>.text:_fputc</name>
         <load_address>0x118043a0</load_address>
         <run_address>0x118043a0</run_address>
         <size>0x220</size>
         <input_file_ref idref="fl-1c"/>
      </object_component>
      <object_component id="oc-e3">
         <name>.text:__pconv_g</name>
         <load_address>0x118045c0</load_address>
         <run_address>0x118045c0</run_address>
         <size>0x200</size>
         <input_file_ref idref="fl-11"/>
      </object_component>
      <object_component id="oc-df">
         <name>.text:_setvbuf</name>
         <load_address>0x118047c0</load_address>
         <run_address>0x118047c0</run_address>
         <size>0x200</size>
         <input_file_ref idref="fl-2f"/>
      </object_component>
      <object_component id="oc-ef">
         <name>.text:__mcpy</name>
         <load_address>0x118049c0</load_address>
         <run_address>0x118049c0</run_address>
         <size>0x1c0</size>
         <input_file_ref idref="fl-11"/>
      </object_component>
      <object_component id="oc-fc">
         <name>.text:__divul</name>
         <load_address>0x11804b80</load_address>
         <run_address>0x11804b80</run_address>
         <size>0x1a0</size>
         <input_file_ref idref="fl-1f"/>
      </object_component>
      <object_component id="oc-c2">
         <name>.text:_HOSTrename</name>
         <load_address>0x11804d20</load_address>
         <run_address>0x11804d20</run_address>
         <size>0x180</size>
         <input_file_ref idref="fl-29"/>
      </object_component>
      <object_component id="oc-eb">
         <name>.text:_malloc</name>
         <load_address>0x11804ea0</load_address>
         <run_address>0x11804ea0</run_address>
         <size>0x180</size>
         <input_file_ref idref="fl-31"/>
      </object_component>
      <object_component id="oc-d1">
         <name>.text:__pproc_fflags</name>
         <load_address>0x11805020</load_address>
         <run_address>0x11805020</run_address>
         <size>0x140</size>
         <input_file_ref idref="fl-11"/>
      </object_component>
      <object_component id="oc-105">
         <name>.text:_getdevice</name>
         <load_address>0x11805160</load_address>
         <run_address>0x11805160</run_address>
         <size>0x140</size>
         <input_file_ref idref="fl-23"/>
      </object_component>
      <object_component id="oc-f6">
         <name>.text:__closefile</name>
         <load_address>0x118052a0</load_address>
         <run_address>0x118052a0</run_address>
         <size>0x120</size>
         <input_file_ref idref="fl-32"/>
      </object_component>
      <object_component id="oc-e8">
         <name>.text:__ltostr</name>
         <load_address>0x118053c0</load_address>
         <run_address>0x118053c0</run_address>
         <size>0x120</size>
         <input_file_ref idref="fl-11"/>
      </object_component>
      <object_component id="oc-de">
         <name>.text:_fseek</name>
         <load_address>0x118054e0</load_address>
         <run_address>0x118054e0</run_address>
         <size>0x120</size>
         <input_file_ref idref="fl-2e"/>
      </object_component>
      <object_component id="oc-c0">
         <name>.text:_HOSTlseek</name>
         <load_address>0x11805600</load_address>
         <run_address>0x11805600</run_address>
         <size>0x100</size>
         <input_file_ref idref="fl-29"/>
      </object_component>
      <object_component id="oc-d6">
         <name>.text:__wrt_ok</name>
         <load_address>0x11805700</load_address>
         <run_address>0x11805700</run_address>
         <size>0x100</size>
         <input_file_ref idref="fl-2b"/>
      </object_component>
      <object_component id="oc-bc">
         <name>.text:_HOSTopen</name>
         <load_address>0x11805800</load_address>
         <run_address>0x11805800</run_address>
         <size>0xe0</size>
         <input_file_ref idref="fl-29"/>
      </object_component>
      <object_component id="oc-be">
         <name>.text:_HOSTread</name>
         <load_address>0x118058e0</load_address>
         <run_address>0x118058e0</run_address>
         <size>0xe0</size>
         <input_file_ref idref="fl-29"/>
      </object_component>
      <object_component id="oc-da">
         <name>.text:_atoi</name>
         <load_address>0x118059c0</load_address>
         <run_address>0x118059c0</run_address>
         <size>0xe0</size>
         <input_file_ref idref="fl-13"/>
      </object_component>
      <object_component id="oc-fe">
         <name>.text:_close</name>
         <load_address>0x11805aa0</load_address>
         <run_address>0x11805aa0</run_address>
         <size>0xe0</size>
         <input_file_ref idref="fl-23"/>
      </object_component>
      <object_component id="oc-d9">
         <name>.text:_memset</name>
         <load_address>0x11805b80</load_address>
         <run_address>0x11805b80</run_address>
         <size>0xe0</size>
         <input_file_ref idref="fl-27"/>
      </object_component>
      <object_component id="oc-ba">
         <name>.text:_printf</name>
         <load_address>0x11805c60</load_address>
         <run_address>0x11805c60</run_address>
         <size>0xe0</size>
         <input_file_ref idref="fl-f"/>
      </object_component>
      <object_component id="oc-c1">
         <name>.text:_HOSTunlink</name>
         <load_address>0x11805d40</load_address>
         <run_address>0x11805d40</run_address>
         <size>0xc0</size>
         <input_file_ref idref="fl-29"/>
      </object_component>
      <object_component id="oc-bf">
         <name>.text:_HOSTwrite</name>
         <load_address>0x11805e00</load_address>
         <run_address>0x11805e00</run_address>
         <size>0xc0</size>
         <input_file_ref idref="fl-29"/>
      </object_component>
      <object_component id="oc-b6">
         <name>.text:__auto_init</name>
         <load_address>0x11805ec0</load_address>
         <run_address>0x11805ec0</run_address>
         <size>0xc0</size>
         <input_file_ref idref="fl-14"/>
      </object_component>
      <object_component id="oc-f3">
         <name>.text:__div</name>
         <load_address>0x11805f80</load_address>
         <run_address>0x11805f80</run_address>
         <size>0xc0</size>
         <input_file_ref idref="fl-11"/>
      </object_component>
      <object_component id="oc-c9">
         <name>.text:__divu</name>
         <load_address>0x11806040</load_address>
         <run_address>0x11806040</run_address>
         <size>0xc0</size>
         <input_file_ref idref="fl-d"/>
      </object_component>
      <object_component id="oc-d7">
         <name>.text:__doflush</name>
         <load_address>0x11806100</load_address>
         <run_address>0x11806100</run_address>
         <size>0xc0</size>
         <input_file_ref idref="fl-2d"/>
      </object_component>
      <object_component id="oc-b8">
         <name>.text:_exit</name>
         <load_address>0x118061c0</load_address>
         <run_address>0x118061c0</run_address>
         <size>0xc0</size>
         <input_file_ref idref="fl-e"/>
      </object_component>
      <object_component id="oc-f8">
         <name>.text:_ltoa</name>
         <load_address>0x11806280</load_address>
         <run_address>0x11806280</run_address>
         <size>0xc0</size>
         <input_file_ref idref="fl-24"/>
      </object_component>
      <object_component id="oc-bd">
         <name>.text:_HOSTclose</name>
         <load_address>0x11806340</load_address>
         <run_address>0x11806340</run_address>
         <size>0xa0</size>
         <input_file_ref idref="fl-29"/>
      </object_component>
      <object_component id="oc-ec">
         <name>.text:__cleanup</name>
         <load_address>0x118063e0</load_address>
         <run_address>0x118063e0</run_address>
         <size>0xa0</size>
         <input_file_ref idref="fl-30"/>
      </object_component>
      <object_component id="oc-101">
         <name>.text:__divli</name>
         <load_address>0x11806480</load_address>
         <run_address>0x11806480</run_address>
         <size>0xa0</size>
         <input_file_ref idref="fl-1f"/>
      </object_component>
      <object_component id="oc-ee">
         <name>.text:__ecpy</name>
         <load_address>0x11806520</load_address>
         <run_address>0x11806520</run_address>
         <size>0xa0</size>
         <input_file_ref idref="fl-11"/>
      </object_component>
      <object_component id="oc-f1">
         <name>.text:__fcpy</name>
         <load_address>0x118065c0</load_address>
         <run_address>0x118065c0</run_address>
         <size>0xa0</size>
         <input_file_ref idref="fl-11"/>
      </object_component>
      <object_component id="oc-f7">
         <name>.text:__fixdli</name>
         <load_address>0x11806660</load_address>
         <run_address>0x11806660</run_address>
         <size>0xa0</size>
         <input_file_ref idref="fl-1a"/>
      </object_component>
      <object_component id="oc-e4">
         <name>.text:__pconv_f</name>
         <load_address>0x11806700</load_address>
         <run_address>0x11806700</run_address>
         <size>0xa0</size>
         <input_file_ref idref="fl-11"/>
      </object_component>
      <object_component id="oc-c3">
         <name>.text:_copy_in</name>
         <load_address>0x118067a0</load_address>
         <run_address>0x118067a0</run_address>
         <size>0xa0</size>
         <input_file_ref idref="fl-16"/>
      </object_component>
      <object_component id="oc-106">
         <name>.text:_finddevice</name>
         <load_address>0x11806840</load_address>
         <run_address>0x11806840</run_address>
         <size>0xa0</size>
         <input_file_ref idref="fl-23"/>
      </object_component>
      <object_component id="oc-e9">
         <name>.text:_lseek</name>
         <load_address>0x118068e0</load_address>
         <run_address>0x118068e0</run_address>
         <size>0xa0</size>
         <input_file_ref idref="fl-23"/>
      </object_component>
      <object_component id="oc-c4">
         <name>.text:_memcpy</name>
         <load_address>0x11806980</load_address>
         <run_address>0x11806980</run_address>
         <size>0xa0</size>
         <input_file_ref idref="fl-26"/>
      </object_component>
      <object_component id="oc-f5">
         <name>.text:_minsert</name>
         <load_address>0x11806a20</load_address>
         <run_address>0x11806a20</run_address>
         <size>0xa0</size>
         <input_file_ref idref="fl-31"/>
      </object_component>
      <object_component id="oc-f4">
         <name>.text:_mremove</name>
         <load_address>0x11806ac0</load_address>
         <run_address>0x11806ac0</run_address>
         <size>0xa0</size>
         <input_file_ref idref="fl-31"/>
      </object_component>
      <object_component id="oc-d8">
         <name>.text:_write</name>
         <load_address>0x11806b60</load_address>
         <run_address>0x11806b60</run_address>
         <size>0xa0</size>
         <input_file_ref idref="fl-23"/>
      </object_component>
      <object_component id="oc-f9">
         <name>.text:__fltlid</name>
         <load_address>0x11806c00</load_address>
         <run_address>0x11806c00</run_address>
         <size>0x80</size>
         <input_file_ref idref="fl-1b"/>
      </object_component>
      <object_component id="oc-102">
         <name>.text:__llshl</name>
         <load_address>0x11806c80</load_address>
         <run_address>0x11806c80</run_address>
         <size>0x80</size>
         <input_file_ref idref="fl-22"/>
      </object_component>
      <object_component id="oc-e">
         <name>.text:_c_int00</name>
         <load_address>0x11806d00</load_address>
         <run_address>0x11806d00</run_address>
         <size>0x80</size>
         <input_file_ref idref="fl-c"/>
      </object_component>
      <object_component id="oc-ce">
         <name>.text:_readmsg</name>
         <load_address>0x11806d80</load_address>
         <run_address>0x11806d80</run_address>
         <size>0x80</size>
         <input_file_ref idref="fl-2a"/>
      </object_component>
      <object_component id="oc-104">
         <name>.text:_unlink</name>
         <load_address>0x11806e00</load_address>
         <run_address>0x11806e00</run_address>
         <size>0x80</size>
         <input_file_ref idref="fl-23"/>
      </object_component>
      <object_component id="oc-22">
         <name>.text</name>
         <load_address>0x11806e80</load_address>
         <run_address>0x11806e80</run_address>
         <size>0x80</size>
         <input_file_ref idref="fl-5"/>
      </object_component>
      <object_component id="oc-c5">
         <name>.text:___TI_cpp_init</name>
         <load_address>0x11806f00</load_address>
         <run_address>0x11806f00</run_address>
         <size>0x60</size>
         <input_file_ref idref="fl-15"/>
      </object_component>
      <object_component id="oc-103">
         <name>.text:__subcull</name>
         <load_address>0x11806f60</load_address>
         <run_address>0x11806f60</run_address>
         <size>0x60</size>
         <input_file_ref idref="fl-20"/>
      </object_component>
      <object_component id="oc-dd">
         <name>.text:_memccpy</name>
         <load_address>0x11806fc0</load_address>
         <run_address>0x11806fc0</run_address>
         <size>0x60</size>
         <input_file_ref idref="fl-25"/>
      </object_component>
      <object_component id="oc-cd">
         <name>.text:_writemsg</name>
         <load_address>0x11807020</load_address>
         <run_address>0x11807020</run_address>
         <size>0x60</size>
         <input_file_ref idref="fl-2a"/>
      </object_component>
      <object_component id="oc-e2">
         <name>.text:___isinf</name>
         <load_address>0x11807080</load_address>
         <run_address>0x11807080</run_address>
         <size>0x40</size>
         <input_file_ref idref="fl-21"/>
      </object_component>
      <object_component id="oc-e1">
         <name>.text:___isnan</name>
         <load_address>0x118070c0</load_address>
         <run_address>0x118070c0</run_address>
         <size>0x40</size>
         <input_file_ref idref="fl-11"/>
      </object_component>
      <object_component id="oc-b7">
         <name>.text:__args_main</name>
         <load_address>0x11807100</load_address>
         <run_address>0x11807100</run_address>
         <size>0x40</size>
         <input_file_ref idref="fl-12"/>
      </object_component>
      <object_component id="oc-fb">
         <name>.text:__frcmpyd_div</name>
         <load_address>0x11807140</load_address>
         <run_address>0x11807140</run_address>
         <size>0x40</size>
         <input_file_ref idref="fl-1e"/>
      </object_component>
      <object_component id="oc-fa">
         <name>.text:__llshru</name>
         <load_address>0x11807180</load_address>
         <run_address>0x11807180</run_address>
         <size>0x40</size>
         <input_file_ref idref="fl-22"/>
      </object_component>
      <object_component id="oc-100">
         <name>.text:__remli</name>
         <load_address>0x118071c0</load_address>
         <run_address>0x118071c0</run_address>
         <size>0x40</size>
         <input_file_ref idref="fl-1f"/>
      </object_component>
      <object_component id="oc-cf">
         <name>.text</name>
         <load_address>0x11807200</load_address>
         <run_address>0x11807200</run_address>
         <size>0x20</size>
         <input_file_ref idref="fl-4"/>
      </object_component>
      <object_component id="oc-e7">
         <name>.text:__negll</name>
         <load_address>0x11807220</load_address>
         <run_address>0x11807220</run_address>
         <size>0x20</size>
         <input_file_ref idref="fl-28"/>
      </object_component>
      <object_component id="oc-bb">
         <name>.text:__nop</name>
         <load_address>0x11807240</load_address>
         <run_address>0x11807240</run_address>
         <size>0x20</size>
         <input_file_ref idref="fl-10"/>
      </object_component>
      <object_component id="oc-cc">
         <name>.text:__outc</name>
         <load_address>0x11807260</load_address>
         <run_address>0x11807260</run_address>
         <size>0x20</size>
         <input_file_ref idref="fl-f"/>
      </object_component>
      <object_component id="oc-ca">
         <name>.text:__outs</name>
         <load_address>0x11807280</load_address>
         <run_address>0x11807280</run_address>
         <size>0x20</size>
         <input_file_ref idref="fl-f"/>
      </object_component>
      <object_component id="oc-c7">
         <name>.text:_abort</name>
         <load_address>0x118072a0</load_address>
         <run_address>0x118072a0</run_address>
         <size>0x20</size>
         <input_file_ref idref="fl-e"/>
      </object_component>
      <object_component id="oc-ff">
         <name>.text:_remove</name>
         <load_address>0x118072c0</load_address>
         <run_address>0x118072c0</run_address>
         <size>0x20</size>
         <input_file_ref idref="fl-33"/>
      </object_component>
      <object_component id="oc-c6">
         <name>.text</name>
         <load_address>0x118072e0</load_address>
         <run_address>0x118072e0</run_address>
         <size>0x20</size>
         <input_file_ref idref="fl-6"/>
      </object_component>
      <object_component id="oc-c8">
         <name>.switch:_SetSampleRate_AIC3106</name>
         <load_address>0x11808c40</load_address>
         <run_address>0x11808c40</run_address>
         <size>0x18</size>
         <input_file_ref idref="fl-3"/>
      </object_component>
      <object_component id="oc-12">
         <name>.far</name>
         <uninitialized>true</uninitialized>
         <run_address>0x11807300</run_address>
         <size>0x8a8</size>
         <input_file_ref idref="fl-2"/>
      </object_component>
      <object_component id="oc-37">
         <name>.far</name>
         <uninitialized>true</uninitialized>
         <run_address>0x11807fec</run_address>
         <size>0xc</size>
         <input_file_ref idref="fl-e"/>
      </object_component>
      <object_component id="oc-3f">
         <name>.far</name>
         <uninitialized>true</uninitialized>
         <run_address>0x11807ff8</run_address>
         <size>0x8</size>
         <input_file_ref idref="fl-10"/>
      </object_component>
      <object_component id="oc-59">
         <name>.far</name>
         <uninitialized>true</uninitialized>
         <run_address>0x11807ba8</run_address>
         <size>0x324</size>
         <input_file_ref idref="fl-18"/>
      </object_component>
      <object_component id="oc-7c">
         <name>.far</name>
         <uninitialized>true</uninitialized>
         <run_address>0x11807ed0</run_address>
         <size>0x11c</size>
         <input_file_ref idref="fl-23"/>
      </object_component>
      <object_component id="oc-8f">
         <name>.far</name>
         <uninitialized>true</uninitialized>
         <run_address>0x11808008</run_address>
         <size>0x8</size>
         <input_file_ref idref="fl-29"/>
      </object_component>
      <object_component id="oc-a7">
         <name>.far</name>
         <uninitialized>true</uninitialized>
         <run_address>0x11807ecc</run_address>
         <size>0x4</size>
         <input_file_ref idref="fl-30"/>
      </object_component>
      <object_component id="oc-ac">
         <name>.far</name>
         <uninitialized>true</uninitialized>
         <run_address>0x11808000</run_address>
         <size>0x8</size>
         <input_file_ref idref="fl-31"/>
      </object_component>
      <object_component id="oc-10">
         <name>.debug_info</name>
         <load_address>0x0</load_address>
         <run_address>0x0</run_address>
         <size>0xacd</size>
         <input_file_ref idref="fl-2"/>
      </object_component>
      <object_component id="oc-19">
         <name>.debug_info</name>
         <load_address>0xacd</load_address>
         <run_address>0xacd</run_address>
         <size>0x2b3d</size>
         <input_file_ref idref="fl-3"/>
      </object_component>
      <object_component id="oc-1e">
         <name>.debug_info</name>
         <load_address>0x360a</load_address>
         <run_address>0x360a</run_address>
         <size>0x60c</size>
         <input_file_ref idref="fl-4"/>
      </object_component>
      <object_component id="oc-23">
         <name>.debug_info</name>
         <load_address>0x3c16</load_address>
         <run_address>0x3c16</run_address>
         <size>0xc4</size>
         <input_file_ref idref="fl-5"/>
      </object_component>
      <object_component id="oc-26">
         <name>.debug_info</name>
         <load_address>0x3cda</load_address>
         <run_address>0x3cda</run_address>
         <size>0x69f</size>
         <input_file_ref idref="fl-6"/>
      </object_component>
      <object_component id="oc-2b">
         <name>.debug_info</name>
         <load_address>0x4379</load_address>
         <run_address>0x4379</run_address>
         <size>0xc4</size>
         <input_file_ref idref="fl-7"/>
      </object_component>
      <object_component id="oc-2e">
         <name>.debug_info</name>
         <load_address>0x443d</load_address>
         <run_address>0x443d</run_address>
         <size>0x6f3</size>
         <input_file_ref idref="fl-c"/>
      </object_component>
      <object_component id="oc-32">
         <name>.debug_info</name>
         <load_address>0x4b30</load_address>
         <run_address>0x4b30</run_address>
         <size>0xbc</size>
         <input_file_ref idref="fl-d"/>
      </object_component>
      <object_component id="oc-35">
         <name>.debug_info</name>
         <load_address>0x4bec</load_address>
         <run_address>0x4bec</run_address>
         <size>0x7c0</size>
         <input_file_ref idref="fl-e"/>
      </object_component>
      <object_component id="oc-3a">
         <name>.debug_info</name>
         <load_address>0x53ac</load_address>
         <run_address>0x53ac</run_address>
         <size>0x8ea</size>
         <input_file_ref idref="fl-f"/>
      </object_component>
      <object_component id="oc-3d">
         <name>.debug_info</name>
         <load_address>0x5c96</load_address>
         <run_address>0x5c96</run_address>
         <size>0x634</size>
         <input_file_ref idref="fl-10"/>
      </object_component>
      <object_component id="oc-42">
         <name>.debug_info</name>
         <load_address>0x62ca</load_address>
         <run_address>0x62ca</run_address>
         <size>0x2684</size>
         <input_file_ref idref="fl-11"/>
      </object_component>
      <object_component id="oc-46">
         <name>.debug_info</name>
         <load_address>0x894e</load_address>
         <run_address>0x894e</run_address>
         <size>0x6c9</size>
         <input_file_ref idref="fl-12"/>
      </object_component>
      <object_component id="oc-49">
         <name>.debug_info</name>
         <load_address>0x9017</load_address>
         <run_address>0x9017</run_address>
         <size>0x6d6</size>
         <input_file_ref idref="fl-13"/>
      </object_component>
      <object_component id="oc-4c">
         <name>.debug_info</name>
         <load_address>0x96ed</load_address>
         <run_address>0x96ed</run_address>
         <size>0x83f</size>
         <input_file_ref idref="fl-14"/>
      </object_component>
      <object_component id="oc-4f">
         <name>.debug_info</name>
         <load_address>0x9f2c</load_address>
         <run_address>0x9f2c</run_address>
         <size>0x6b7</size>
         <input_file_ref idref="fl-15"/>
      </object_component>
      <object_component id="oc-52">
         <name>.debug_info</name>
         <load_address>0xa5e3</load_address>
         <run_address>0xa5e3</run_address>
         <size>0x7ad</size>
         <input_file_ref idref="fl-16"/>
      </object_component>
      <object_component id="oc-55">
         <name>.debug_info</name>
         <load_address>0xad90</load_address>
         <run_address>0xad90</run_address>
         <size>0x5e2</size>
         <input_file_ref idref="fl-17"/>
      </object_component>
      <object_component id="oc-57">
         <name>.debug_info</name>
         <load_address>0xb372</load_address>
         <run_address>0xb372</run_address>
         <size>0x6cf</size>
         <input_file_ref idref="fl-18"/>
      </object_component>
      <object_component id="oc-5b">
         <name>.debug_info</name>
         <load_address>0xba41</load_address>
         <run_address>0xba41</run_address>
         <size>0x96b</size>
         <input_file_ref idref="fl-19"/>
      </object_component>
      <object_component id="oc-5e">
         <name>.debug_info</name>
         <load_address>0xc3ac</load_address>
         <run_address>0xc3ac</run_address>
         <size>0x679</size>
         <input_file_ref idref="fl-1a"/>
      </object_component>
      <object_component id="oc-61">
         <name>.debug_info</name>
         <load_address>0xca25</load_address>
         <run_address>0xca25</run_address>
         <size>0x698</size>
         <input_file_ref idref="fl-1b"/>
      </object_component>
      <object_component id="oc-64">
         <name>.debug_info</name>
         <load_address>0xd0bd</load_address>
         <run_address>0xd0bd</run_address>
         <size>0x812</size>
         <input_file_ref idref="fl-1c"/>
      </object_component>
      <object_component id="oc-67">
         <name>.debug_info</name>
         <load_address>0xd8cf</load_address>
         <run_address>0xd8cf</run_address>
         <size>0xa9e</size>
         <input_file_ref idref="fl-1d"/>
      </object_component>
      <object_component id="oc-6b">
         <name>.debug_info</name>
         <load_address>0xe36d</load_address>
         <run_address>0xe36d</run_address>
         <size>0x654</size>
         <input_file_ref idref="fl-1e"/>
      </object_component>
      <object_component id="oc-6e">
         <name>.debug_info</name>
         <load_address>0xe9c1</load_address>
         <run_address>0xe9c1</run_address>
         <size>0x78b</size>
         <input_file_ref idref="fl-1f"/>
      </object_component>
      <object_component id="oc-71">
         <name>.debug_info</name>
         <load_address>0xf14c</load_address>
         <run_address>0xf14c</run_address>
         <size>0x786</size>
         <input_file_ref idref="fl-20"/>
      </object_component>
      <object_component id="oc-74">
         <name>.debug_info</name>
         <load_address>0xf8d2</load_address>
         <run_address>0xf8d2</run_address>
         <size>0x7fe</size>
         <input_file_ref idref="fl-21"/>
      </object_component>
      <object_component id="oc-77">
         <name>.debug_info</name>
         <load_address>0x100d0</load_address>
         <run_address>0x100d0</run_address>
         <size>0x6e9</size>
         <input_file_ref idref="fl-22"/>
      </object_component>
      <object_component id="oc-7a">
         <name>.debug_info</name>
         <load_address>0x107b9</load_address>
         <run_address>0x107b9</run_address>
         <size>0xe71</size>
         <input_file_ref idref="fl-23"/>
      </object_component>
      <object_component id="oc-7f">
         <name>.debug_info</name>
         <load_address>0x1162a</load_address>
         <run_address>0x1162a</run_address>
         <size>0x717</size>
         <input_file_ref idref="fl-24"/>
      </object_component>
      <object_component id="oc-82">
         <name>.debug_info</name>
         <load_address>0x11d41</load_address>
         <run_address>0x11d41</run_address>
         <size>0x6ba</size>
         <input_file_ref idref="fl-25"/>
      </object_component>
      <object_component id="oc-85">
         <name>.debug_info</name>
         <load_address>0x123fb</load_address>
         <run_address>0x123fb</run_address>
         <size>0xcb</size>
         <input_file_ref idref="fl-26"/>
      </object_component>
      <object_component id="oc-88">
         <name>.debug_info</name>
         <load_address>0x124c6</load_address>
         <run_address>0x124c6</run_address>
         <size>0x79e</size>
         <input_file_ref idref="fl-27"/>
      </object_component>
      <object_component id="oc-8b">
         <name>.debug_info</name>
         <load_address>0x12c64</load_address>
         <run_address>0x12c64</run_address>
         <size>0x600</size>
         <input_file_ref idref="fl-28"/>
      </object_component>
      <object_component id="oc-8e">
         <name>.debug_info</name>
         <load_address>0x13264</load_address>
         <run_address>0x13264</run_address>
         <size>0xdc4</size>
         <input_file_ref idref="fl-29"/>
      </object_component>
      <object_component id="oc-92">
         <name>.debug_info</name>
         <load_address>0x14028</load_address>
         <run_address>0x14028</run_address>
         <size>0x851</size>
         <input_file_ref idref="fl-2a"/>
      </object_component>
      <object_component id="oc-96">
         <name>.debug_info</name>
         <load_address>0x14879</load_address>
         <run_address>0x14879</run_address>
         <size>0x742</size>
         <input_file_ref idref="fl-2b"/>
      </object_component>
      <object_component id="oc-99">
         <name>.debug_info</name>
         <load_address>0x14fbb</load_address>
         <run_address>0x14fbb</run_address>
         <size>0x5b4</size>
         <input_file_ref idref="fl-2c"/>
      </object_component>
      <object_component id="oc-9c">
         <name>.debug_info</name>
         <load_address>0x1556f</load_address>
         <run_address>0x1556f</run_address>
         <size>0x769</size>
         <input_file_ref idref="fl-2d"/>
      </object_component>
      <object_component id="oc-9f">
         <name>.debug_info</name>
         <load_address>0x15cd8</load_address>
         <run_address>0x15cd8</run_address>
         <size>0x7a1</size>
         <input_file_ref idref="fl-2e"/>
      </object_component>
      <object_component id="oc-a2">
         <name>.debug_info</name>
         <load_address>0x16479</load_address>
         <run_address>0x16479</run_address>
         <size>0x7fb</size>
         <input_file_ref idref="fl-2f"/>
      </object_component>
      <object_component id="oc-a5">
         <name>.debug_info</name>
         <load_address>0x16c74</load_address>
         <run_address>0x16c74</run_address>
         <size>0x853</size>
         <input_file_ref idref="fl-30"/>
      </object_component>
      <object_component id="oc-aa">
         <name>.debug_info</name>
         <load_address>0x174c7</load_address>
         <run_address>0x174c7</run_address>
         <size>0xac7</size>
         <input_file_ref idref="fl-31"/>
      </object_component>
      <object_component id="oc-b0">
         <name>.debug_info</name>
         <load_address>0x17f8e</load_address>
         <run_address>0x17f8e</run_address>
         <size>0x7ee</size>
         <input_file_ref idref="fl-32"/>
      </object_component>
      <object_component id="oc-b3">
         <name>.debug_info</name>
         <load_address>0x1877c</load_address>
         <run_address>0x1877c</run_address>
         <size>0x64c</size>
         <input_file_ref idref="fl-33"/>
      </object_component>
      <object_component id="oc-11e">
         <name>.debug_info</name>
         <load_address>0x18dc8</load_address>
         <run_address>0x18dc8</run_address>
         <size>0x6e</size>
      </object_component>
      <object_component id="oc-15">
         <name>.debug_frame</name>
         <load_address>0x0</load_address>
         <run_address>0x0</run_address>
         <size>0x380</size>
         <input_file_ref idref="fl-2"/>
      </object_component>
      <object_component id="oc-1b">
         <name>.debug_frame</name>
         <load_address>0x380</load_address>
         <run_address>0x380</run_address>
         <size>0x57a</size>
         <input_file_ref idref="fl-3"/>
      </object_component>
      <object_component id="oc-1f">
         <name>.debug_frame</name>
         <load_address>0x8fa</load_address>
         <run_address>0x8fa</run_address>
         <size>0x254</size>
         <input_file_ref idref="fl-4"/>
      </object_component>
      <object_component id="oc-27">
         <name>.debug_frame</name>
         <load_address>0xb4e</load_address>
         <run_address>0xb4e</run_address>
         <size>0x259</size>
         <input_file_ref idref="fl-6"/>
      </object_component>
      <object_component id="oc-16">
         <name>.debug_line</name>
         <load_address>0x0</load_address>
         <run_address>0x0</run_address>
         <size>0xb5</size>
         <input_file_ref idref="fl-2"/>
      </object_component>
      <object_component id="oc-1c">
         <name>.debug_line</name>
         <load_address>0xb5</load_address>
         <run_address>0xb5</run_address>
         <size>0x64c</size>
         <input_file_ref idref="fl-3"/>
      </object_component>
      <object_component id="oc-20">
         <name>.debug_line</name>
         <load_address>0x701</load_address>
         <run_address>0x701</run_address>
         <size>0x3b</size>
         <input_file_ref idref="fl-4"/>
      </object_component>
      <object_component id="oc-24">
         <name>.debug_line</name>
         <load_address>0x73c</load_address>
         <run_address>0x73c</run_address>
         <size>0x56</size>
         <input_file_ref idref="fl-5"/>
      </object_component>
      <object_component id="oc-28">
         <name>.debug_line</name>
         <load_address>0x792</load_address>
         <run_address>0x792</run_address>
         <size>0x40</size>
         <input_file_ref idref="fl-6"/>
      </object_component>
      <object_component id="oc-2c">
         <name>.debug_line</name>
         <load_address>0x7d2</load_address>
         <run_address>0x7d2</run_address>
         <size>0xb9</size>
         <input_file_ref idref="fl-7"/>
      </object_component>
      <object_component id="oc-30">
         <name>.debug_line</name>
         <load_address>0x88b</load_address>
         <run_address>0x88b</run_address>
         <size>0x3d</size>
         <input_file_ref idref="fl-c"/>
      </object_component>
      <object_component id="oc-33">
         <name>.debug_line</name>
         <load_address>0x8c8</load_address>
         <run_address>0x8c8</run_address>
         <size>0x44</size>
         <input_file_ref idref="fl-d"/>
      </object_component>
      <object_component id="oc-38">
         <name>.debug_line</name>
         <load_address>0x90c</load_address>
         <run_address>0x90c</run_address>
         <size>0x4f</size>
         <input_file_ref idref="fl-e"/>
      </object_component>
      <object_component id="oc-3b">
         <name>.debug_line</name>
         <load_address>0x95b</load_address>
         <run_address>0x95b</run_address>
         <size>0x6a</size>
         <input_file_ref idref="fl-f"/>
      </object_component>
      <object_component id="oc-40">
         <name>.debug_line</name>
         <load_address>0x9c5</load_address>
         <run_address>0x9c5</run_address>
         <size>0x35</size>
         <input_file_ref idref="fl-10"/>
      </object_component>
      <object_component id="oc-44">
         <name>.debug_line</name>
         <load_address>0x9fa</load_address>
         <run_address>0x9fa</run_address>
         <size>0x31a</size>
         <input_file_ref idref="fl-11"/>
      </object_component>
      <object_component id="oc-47">
         <name>.debug_line</name>
         <load_address>0xd14</load_address>
         <run_address>0xd14</run_address>
         <size>0x3f</size>
         <input_file_ref idref="fl-12"/>
      </object_component>
      <object_component id="oc-4a">
         <name>.debug_line</name>
         <load_address>0xd53</load_address>
         <run_address>0xd53</run_address>
         <size>0x45</size>
         <input_file_ref idref="fl-13"/>
      </object_component>
      <object_component id="oc-4d">
         <name>.debug_line</name>
         <load_address>0xd98</load_address>
         <run_address>0xd98</run_address>
         <size>0x49</size>
         <input_file_ref idref="fl-14"/>
      </object_component>
      <object_component id="oc-50">
         <name>.debug_line</name>
         <load_address>0xde1</load_address>
         <run_address>0xde1</run_address>
         <size>0x45</size>
         <input_file_ref idref="fl-15"/>
      </object_component>
      <object_component id="oc-53">
         <name>.debug_line</name>
         <load_address>0xe26</load_address>
         <run_address>0xe26</run_address>
         <size>0x44</size>
         <input_file_ref idref="fl-16"/>
      </object_component>
      <object_component id="oc-5c">
         <name>.debug_line</name>
         <load_address>0xe6a</load_address>
         <run_address>0xe6a</run_address>
         <size>0x3c</size>
         <input_file_ref idref="fl-19"/>
      </object_component>
      <object_component id="oc-5f">
         <name>.debug_line</name>
         <load_address>0xea6</load_address>
         <run_address>0xea6</run_address>
         <size>0x3d</size>
         <input_file_ref idref="fl-1a"/>
      </object_component>
      <object_component id="oc-62">
         <name>.debug_line</name>
         <load_address>0xee3</load_address>
         <run_address>0xee3</run_address>
         <size>0x3d</size>
         <input_file_ref idref="fl-1b"/>
      </object_component>
      <object_component id="oc-65">
         <name>.debug_line</name>
         <load_address>0xf20</load_address>
         <run_address>0xf20</run_address>
         <size>0x3f</size>
         <input_file_ref idref="fl-1c"/>
      </object_component>
      <object_component id="oc-69">
         <name>.debug_line</name>
         <load_address>0xf5f</load_address>
         <run_address>0xf5f</run_address>
         <size>0x93</size>
         <input_file_ref idref="fl-1d"/>
      </object_component>
      <object_component id="oc-6c">
         <name>.debug_line</name>
         <load_address>0xff2</load_address>
         <run_address>0xff2</run_address>
         <size>0x3e</size>
         <input_file_ref idref="fl-1e"/>
      </object_component>
      <object_component id="oc-6f">
         <name>.debug_line</name>
         <load_address>0x1030</load_address>
         <run_address>0x1030</run_address>
         <size>0x73</size>
         <input_file_ref idref="fl-1f"/>
      </object_component>
      <object_component id="oc-72">
         <name>.debug_line</name>
         <load_address>0x10a3</load_address>
         <run_address>0x10a3</run_address>
         <size>0x61</size>
         <input_file_ref idref="fl-20"/>
      </object_component>
      <object_component id="oc-75">
         <name>.debug_line</name>
         <load_address>0x1104</load_address>
         <run_address>0x1104</run_address>
         <size>0x38</size>
         <input_file_ref idref="fl-21"/>
      </object_component>
      <object_component id="oc-78">
         <name>.debug_line</name>
         <load_address>0x113c</load_address>
         <run_address>0x113c</run_address>
         <size>0x56</size>
         <input_file_ref idref="fl-22"/>
      </object_component>
      <object_component id="oc-7d">
         <name>.debug_line</name>
         <load_address>0x1192</load_address>
         <run_address>0x1192</run_address>
         <size>0xf5</size>
         <input_file_ref idref="fl-23"/>
      </object_component>
      <object_component id="oc-80">
         <name>.debug_line</name>
         <load_address>0x1287</load_address>
         <run_address>0x1287</run_address>
         <size>0x40</size>
         <input_file_ref idref="fl-24"/>
      </object_component>
      <object_component id="oc-83">
         <name>.debug_line</name>
         <load_address>0x12c7</load_address>
         <run_address>0x12c7</run_address>
         <size>0x3f</size>
         <input_file_ref idref="fl-25"/>
      </object_component>
      <object_component id="oc-86">
         <name>.debug_line</name>
         <load_address>0x1306</load_address>
         <run_address>0x1306</run_address>
         <size>0x4a</size>
         <input_file_ref idref="fl-26"/>
      </object_component>
      <object_component id="oc-89">
         <name>.debug_line</name>
         <load_address>0x1350</load_address>
         <run_address>0x1350</run_address>
         <size>0x46</size>
         <input_file_ref idref="fl-27"/>
      </object_component>
      <object_component id="oc-8c">
         <name>.debug_line</name>
         <load_address>0x1396</load_address>
         <run_address>0x1396</run_address>
         <size>0x39</size>
         <input_file_ref idref="fl-28"/>
      </object_component>
      <object_component id="oc-90">
         <name>.debug_line</name>
         <load_address>0x13cf</load_address>
         <run_address>0x13cf</run_address>
         <size>0x126</size>
         <input_file_ref idref="fl-29"/>
      </object_component>
      <object_component id="oc-94">
         <name>.debug_line</name>
         <load_address>0x14f5</load_address>
         <run_address>0x14f5</run_address>
         <size>0x66</size>
         <input_file_ref idref="fl-2a"/>
      </object_component>
      <object_component id="oc-97">
         <name>.debug_line</name>
         <load_address>0x155b</load_address>
         <run_address>0x155b</run_address>
         <size>0x40</size>
         <input_file_ref idref="fl-2b"/>
      </object_component>
      <object_component id="oc-9a">
         <name>.debug_line</name>
         <load_address>0x159b</load_address>
         <run_address>0x159b</run_address>
         <size>0x23</size>
         <input_file_ref idref="fl-2c"/>
      </object_component>
      <object_component id="oc-9d">
         <name>.debug_line</name>
         <load_address>0x15be</load_address>
         <run_address>0x15be</run_address>
         <size>0x3e</size>
         <input_file_ref idref="fl-2d"/>
      </object_component>
      <object_component id="oc-a0">
         <name>.debug_line</name>
         <load_address>0x15fc</load_address>
         <run_address>0x15fc</run_address>
         <size>0x3c</size>
         <input_file_ref idref="fl-2e"/>
      </object_component>
      <object_component id="oc-a3">
         <name>.debug_line</name>
         <load_address>0x1638</load_address>
         <run_address>0x1638</run_address>
         <size>0x40</size>
         <input_file_ref idref="fl-2f"/>
      </object_component>
      <object_component id="oc-a8">
         <name>.debug_line</name>
         <load_address>0x1678</load_address>
         <run_address>0x1678</run_address>
         <size>0x42</size>
         <input_file_ref idref="fl-30"/>
      </object_component>
      <object_component id="oc-ae">
         <name>.debug_line</name>
         <load_address>0x16ba</load_address>
         <run_address>0x16ba</run_address>
         <size>0xa7</size>
         <input_file_ref idref="fl-31"/>
      </object_component>
      <object_component id="oc-b1">
         <name>.debug_line</name>
         <load_address>0x1761</load_address>
         <run_address>0x1761</run_address>
         <size>0x3e</size>
         <input_file_ref idref="fl-32"/>
      </object_component>
      <object_component id="oc-b4">
         <name>.debug_line</name>
         <load_address>0x179f</load_address>
         <run_address>0x179f</run_address>
         <size>0x39</size>
         <input_file_ref idref="fl-33"/>
      </object_component>
      <object_component id="oc-17">
         <name>.debug_abbrev</name>
         <load_address>0x0</load_address>
         <run_address>0x0</run_address>
         <size>0x14c</size>
         <input_file_ref idref="fl-2"/>
      </object_component>
      <object_component id="oc-1d">
         <name>.debug_abbrev</name>
         <load_address>0x14c</load_address>
         <run_address>0x14c</run_address>
         <size>0x1a5</size>
         <input_file_ref idref="fl-3"/>
      </object_component>
      <object_component id="oc-21">
         <name>.debug_abbrev</name>
         <load_address>0x2f1</load_address>
         <run_address>0x2f1</run_address>
         <size>0x69</size>
         <input_file_ref idref="fl-4"/>
      </object_component>
      <object_component id="oc-25">
         <name>.debug_abbrev</name>
         <load_address>0x35a</load_address>
         <run_address>0x35a</run_address>
         <size>0x21</size>
         <input_file_ref idref="fl-5"/>
      </object_component>
      <object_component id="oc-29">
         <name>.debug_abbrev</name>
         <load_address>0x37b</load_address>
         <run_address>0x37b</run_address>
         <size>0x98</size>
         <input_file_ref idref="fl-6"/>
      </object_component>
      <object_component id="oc-2d">
         <name>.debug_abbrev</name>
         <load_address>0x413</load_address>
         <run_address>0x413</run_address>
         <size>0x21</size>
         <input_file_ref idref="fl-7"/>
      </object_component>
      <object_component id="oc-31">
         <name>.debug_abbrev</name>
         <load_address>0x434</load_address>
         <run_address>0x434</run_address>
         <size>0xfe</size>
         <input_file_ref idref="fl-c"/>
      </object_component>
      <object_component id="oc-34">
         <name>.debug_abbrev</name>
         <load_address>0x532</load_address>
         <run_address>0x532</run_address>
         <size>0x3b</size>
         <input_file_ref idref="fl-d"/>
      </object_component>
      <object_component id="oc-39">
         <name>.debug_abbrev</name>
         <load_address>0x56d</load_address>
         <run_address>0x56d</run_address>
         <size>0x119</size>
         <input_file_ref idref="fl-e"/>
      </object_component>
      <object_component id="oc-3c">
         <name>.debug_abbrev</name>
         <load_address>0x686</load_address>
         <run_address>0x686</run_address>
         <size>0x161</size>
         <input_file_ref idref="fl-f"/>
      </object_component>
      <object_component id="oc-41">
         <name>.debug_abbrev</name>
         <load_address>0x7e7</load_address>
         <run_address>0x7e7</run_address>
         <size>0x9f</size>
         <input_file_ref idref="fl-10"/>
      </object_component>
      <object_component id="oc-45">
         <name>.debug_abbrev</name>
         <load_address>0x886</load_address>
         <run_address>0x886</run_address>
         <size>0x1d1</size>
         <input_file_ref idref="fl-11"/>
      </object_component>
      <object_component id="oc-48">
         <name>.debug_abbrev</name>
         <load_address>0xa57</load_address>
         <run_address>0xa57</run_address>
         <size>0xe1</size>
         <input_file_ref idref="fl-12"/>
      </object_component>
      <object_component id="oc-4b">
         <name>.debug_abbrev</name>
         <load_address>0xb38</load_address>
         <run_address>0xb38</run_address>
         <size>0xcc</size>
         <input_file_ref idref="fl-13"/>
      </object_component>
      <object_component id="oc-4e">
         <name>.debug_abbrev</name>
         <load_address>0xc04</load_address>
         <run_address>0xc04</run_address>
         <size>0x13f</size>
         <input_file_ref idref="fl-14"/>
      </object_component>
      <object_component id="oc-51">
         <name>.debug_abbrev</name>
         <load_address>0xd43</load_address>
         <run_address>0xd43</run_address>
         <size>0xdd</size>
         <input_file_ref idref="fl-15"/>
      </object_component>
      <object_component id="oc-54">
         <name>.debug_abbrev</name>
         <load_address>0xe20</load_address>
         <run_address>0xe20</run_address>
         <size>0x10c</size>
         <input_file_ref idref="fl-16"/>
      </object_component>
      <object_component id="oc-56">
         <name>.debug_abbrev</name>
         <load_address>0xf2c</load_address>
         <run_address>0xf2c</run_address>
         <size>0x5f</size>
         <input_file_ref idref="fl-17"/>
      </object_component>
      <object_component id="oc-5a">
         <name>.debug_abbrev</name>
         <load_address>0xf8b</load_address>
         <run_address>0xf8b</run_address>
         <size>0x8e</size>
         <input_file_ref idref="fl-18"/>
      </object_component>
      <object_component id="oc-5d">
         <name>.debug_abbrev</name>
         <load_address>0x1019</load_address>
         <run_address>0x1019</run_address>
         <size>0xf5</size>
         <input_file_ref idref="fl-19"/>
      </object_component>
      <object_component id="oc-60">
         <name>.debug_abbrev</name>
         <load_address>0x110e</load_address>
         <run_address>0x110e</run_address>
         <size>0xac</size>
         <input_file_ref idref="fl-1a"/>
      </object_component>
      <object_component id="oc-63">
         <name>.debug_abbrev</name>
         <load_address>0x11ba</load_address>
         <run_address>0x11ba</run_address>
         <size>0xc3</size>
         <input_file_ref idref="fl-1b"/>
      </object_component>
      <object_component id="oc-66">
         <name>.debug_abbrev</name>
         <load_address>0x127d</load_address>
         <run_address>0x127d</run_address>
         <size>0x11f</size>
         <input_file_ref idref="fl-1c"/>
      </object_component>
      <object_component id="oc-6a">
         <name>.debug_abbrev</name>
         <load_address>0x139c</load_address>
         <run_address>0x139c</run_address>
         <size>0x14b</size>
         <input_file_ref idref="fl-1d"/>
      </object_component>
      <object_component id="oc-6d">
         <name>.debug_abbrev</name>
         <load_address>0x14e7</load_address>
         <run_address>0x14e7</run_address>
         <size>0x8c</size>
         <input_file_ref idref="fl-1e"/>
      </object_component>
      <object_component id="oc-70">
         <name>.debug_abbrev</name>
         <load_address>0x1573</load_address>
         <run_address>0x1573</run_address>
         <size>0xc3</size>
         <input_file_ref idref="fl-1f"/>
      </object_component>
      <object_component id="oc-73">
         <name>.debug_abbrev</name>
         <load_address>0x1636</load_address>
         <run_address>0x1636</run_address>
         <size>0xc3</size>
         <input_file_ref idref="fl-20"/>
      </object_component>
      <object_component id="oc-76">
         <name>.debug_abbrev</name>
         <load_address>0x16f9</load_address>
         <run_address>0x16f9</run_address>
         <size>0xd0</size>
         <input_file_ref idref="fl-21"/>
      </object_component>
      <object_component id="oc-79">
         <name>.debug_abbrev</name>
         <load_address>0x17c9</load_address>
         <run_address>0x17c9</run_address>
         <size>0xa3</size>
         <input_file_ref idref="fl-22"/>
      </object_component>
      <object_component id="oc-7e">
         <name>.debug_abbrev</name>
         <load_address>0x186c</load_address>
         <run_address>0x186c</run_address>
         <size>0x215</size>
         <input_file_ref idref="fl-23"/>
      </object_component>
      <object_component id="oc-81">
         <name>.debug_abbrev</name>
         <load_address>0x1a81</load_address>
         <run_address>0x1a81</run_address>
         <size>0xe3</size>
         <input_file_ref idref="fl-24"/>
      </object_component>
      <object_component id="oc-84">
         <name>.debug_abbrev</name>
         <load_address>0x1b64</load_address>
         <run_address>0x1b64</run_address>
         <size>0xae</size>
         <input_file_ref idref="fl-25"/>
      </object_component>
      <object_component id="oc-87">
         <name>.debug_abbrev</name>
         <load_address>0x1c12</load_address>
         <run_address>0x1c12</run_address>
         <size>0x3b</size>
         <input_file_ref idref="fl-26"/>
      </object_component>
      <object_component id="oc-8a">
         <name>.debug_abbrev</name>
         <load_address>0x1c4d</load_address>
         <run_address>0x1c4d</run_address>
         <size>0xd0</size>
         <input_file_ref idref="fl-27"/>
      </object_component>
      <object_component id="oc-8d">
         <name>.debug_abbrev</name>
         <load_address>0x1d1d</load_address>
         <run_address>0x1d1d</run_address>
         <size>0x71</size>
         <input_file_ref idref="fl-28"/>
      </object_component>
      <object_component id="oc-91">
         <name>.debug_abbrev</name>
         <load_address>0x1d8e</load_address>
         <run_address>0x1d8e</run_address>
         <size>0x180</size>
         <input_file_ref idref="fl-29"/>
      </object_component>
      <object_component id="oc-95">
         <name>.debug_abbrev</name>
         <load_address>0x1f0e</load_address>
         <run_address>0x1f0e</run_address>
         <size>0xd5</size>
         <input_file_ref idref="fl-2a"/>
      </object_component>
      <object_component id="oc-98">
         <name>.debug_abbrev</name>
         <load_address>0x1fe3</load_address>
         <run_address>0x1fe3</run_address>
         <size>0xd1</size>
         <input_file_ref idref="fl-2b"/>
      </object_component>
      <object_component id="oc-9b">
         <name>.debug_abbrev</name>
         <load_address>0x20b4</load_address>
         <run_address>0x20b4</run_address>
         <size>0x90</size>
         <input_file_ref idref="fl-2c"/>
      </object_component>
      <object_component id="oc-9e">
         <name>.debug_abbrev</name>
         <load_address>0x2144</load_address>
         <run_address>0x2144</run_address>
         <size>0x12d</size>
         <input_file_ref idref="fl-2d"/>
      </object_component>
      <object_component id="oc-a1">
         <name>.debug_abbrev</name>
         <load_address>0x2271</load_address>
         <run_address>0x2271</run_address>
         <size>0xf7</size>
         <input_file_ref idref="fl-2e"/>
      </object_component>
      <object_component id="oc-a4">
         <name>.debug_abbrev</name>
         <load_address>0x2368</load_address>
         <run_address>0x2368</run_address>
         <size>0x11a</size>
         <input_file_ref idref="fl-2f"/>
      </object_component>
      <object_component id="oc-a9">
         <name>.debug_abbrev</name>
         <load_address>0x2482</load_address>
         <run_address>0x2482</run_address>
         <size>0x1cd</size>
         <input_file_ref idref="fl-30"/>
      </object_component>
      <object_component id="oc-af">
         <name>.debug_abbrev</name>
         <load_address>0x264f</load_address>
         <run_address>0x264f</run_address>
         <size>0x1f6</size>
         <input_file_ref idref="fl-31"/>
      </object_component>
      <object_component id="oc-b2">
         <name>.debug_abbrev</name>
         <load_address>0x2845</load_address>
         <run_address>0x2845</run_address>
         <size>0x130</size>
         <input_file_ref idref="fl-32"/>
      </object_component>
      <object_component id="oc-b5">
         <name>.debug_abbrev</name>
         <load_address>0x2975</load_address>
         <run_address>0x2975</run_address>
         <size>0xab</size>
         <input_file_ref idref="fl-33"/>
      </object_component>
      <object_component id="oc-11f">
         <name>.debug_abbrev</name>
         <load_address>0x2a20</load_address>
         <run_address>0x2a20</run_address>
         <size>0xd</size>
      </object_component>
   </object_component_list>
   <logical_group_list>
      <logical_group id="lg-2">
         <name>vectors</name>
         <load_address>0x11800000</load_address>
         <run_address>0x11800000</run_address>
         <size>0x200</size>
         <contents>
            <object_component_ref idref="oc-2a"/>
         </contents>
      </logical_group>
      <logical_group id="lg-3">
         <name>.bss</name>
         <run_address>0x11808c58</run_address>
         <size>0x14</size>
         <contents>
            <object_component_ref idref="oc-f"/>
            <object_component_ref idref="oc-18"/>
         </contents>
      </logical_group>
      <logical_group id="lg-4">
         <name>.cinit</name>
         <load_address>0x11808810</load_address>
         <run_address>0x11808810</run_address>
         <size>0x1a4</size>
         <contents>
            <object_component_ref idref="oc-58"/>
            <object_component_ref idref="oc-7b"/>
            <object_component_ref idref="oc-11"/>
            <object_component_ref idref="oc-36"/>
            <object_component_ref idref="oc-ab"/>
            <object_component_ref idref="oc-3e"/>
            <object_component_ref idref="oc-1a"/>
            <object_component_ref idref="oc-a6"/>
         </contents>
      </logical_group>
      <logical_group id="lg-5">
         <name>.cio</name>
         <run_address>0x11808b20</run_address>
         <size>0x120</size>
         <contents>
            <object_component_ref idref="oc-93"/>
         </contents>
      </logical_group>
      <logical_group id="lg-6">
         <name>.const</name>
         <load_address>0x118089b8</load_address>
         <run_address>0x118089b8</run_address>
         <size>0x163</size>
         <contents>
            <object_component_ref idref="oc-e0"/>
            <object_component_ref idref="oc-68"/>
            <object_component_ref idref="oc-14"/>
            <object_component_ref idref="oc-43"/>
         </contents>
      </logical_group>
      <logical_group id="lg-7">
         <name>.stack</name>
         <run_address>0x11808010</run_address>
         <size>0x400</size>
         <contents>
            <object_component_ref idref="oc-2f"/>
            <object_component_ref idref="oc-11c"/>
         </contents>
      </logical_group>
      <logical_group id="lg-8">
         <name>.sysmem</name>
         <run_address>0x11808410</run_address>
         <size>0x400</size>
         <contents>
            <object_component_ref idref="oc-ad"/>
            <object_component_ref idref="oc-11d"/>
         </contents>
      </logical_group>
      <logical_group id="lg-9">
         <name>.text</name>
         <load_address>0x11800200</load_address>
         <run_address>0x11800200</run_address>
         <size>0x7100</size>
         <contents>
            <object_component_ref idref="oc-b9"/>
            <object_component_ref idref="oc-f2"/>
            <object_component_ref idref="oc-e6"/>
            <object_component_ref idref="oc-d3"/>
            <object_component_ref idref="oc-13"/>
            <object_component_ref idref="oc-cb"/>
            <object_component_ref idref="oc-d0"/>
            <object_component_ref idref="oc-db"/>
[...]
      </symbol>
      <symbol id="sm-c">
         <name>etext</name>
         <value>0x11807300</value>
      </symbol>
      <symbol id="sm-d">
         <name>___etext__</name>
         <value>0x11807300</value>
      </symbol>
      <symbol id="sm-e">
         <name>.bss</name>
         <value>0x11808c58</value>
      </symbol>
      <symbol id="sm-f">
         <name>___bss__</name>
         <value>0x11808c58</value>
      </symbol>
      <symbol id="sm-10">
         <name>end</name>
         <value>0x11808c6c</value>
      </symbol>
      <symbol id="sm-11">
         <name>___end__</name>
         <value>0x11808c6c</value>
      </symbol>
      <symbol id="sm-12">
         <name>___TI_pprof_out_hndl</name>
         <value>0xffffffff</value>
      </symbol>
      <symbol id="sm-13">
         <name>___TI_prof_data_start</name>
         <value>0xffffffff</value>
      </symbol>
      <symbol id="sm-14">
         <name>___TI_prof_data_size</name>
         <value>0xffffffff</value>
      </symbol>
      <symbol id="sm-15">
         <name>$bss</name>
         <value>0x11808c58</value>
      </symbol>
      <symbol id="sm-67">
         <name>_Codec_ISR</name>
         <value>0x11802000</value>
         <object_component_ref idref="oc-13"/>
      </symbol>
      <symbol id="sm-68">
         <name>_bRasm</name>
         <value>0x11807b58</value>
         <object_component_ref idref="oc-12"/>
      </symbol>
      <symbol id="sm-69">
         <name>_bLasm</name>
         <value>0x11807b80</value>
         <object_component_ref idref="oc-12"/>
      </symbol>
      <symbol id="sm-6a">
         <name>_CodecDataIn</name>
         <value>0x11807300</value>
         <object_component_ref idref="oc-12"/>
      </symbol>
      <symbol id="sm-6b">
         <name>_ii</name>
         <value>0x11808c58</value>
         <object_component_ref idref="oc-f"/>
      </symbol>
      <symbol id="sm-6c">
         <name>_bufR</name>
         <value>0x11807708</value>
         <object_component_ref idref="oc-12"/>
      </symbol>
      <symbol id="sm-6d">
         <name>_bufL</name>
         <value>0x11807308</value>
         <object_component_ref idref="oc-12"/>
      </symbol>
      <symbol id="sm-6e">
         <name>_CodecDataOut</name>
         <value>0x11807304</value>
         <object_component_ref idref="oc-12"/>
      </symbol>
      <symbol id="sm-6f">
         <name>_bR</name>
         <value>0x11807b08</value>
         <object_component_ref idref="oc-12"/>
      </symbol>
      <symbol id="sm-70">
         <name>_bL</name>
         <value>0x11807b30</value>
         <object_component_ref idref="oc-12"/>
      </symbol>
      <symbol id="sm-71">
         <name>_iii</name>
         <value>0x11808c64</value>
         <object_component_ref idref="oc-f"/>
      </symbol>
      <symbol id="sm-72">
         <name>_k</name>
         <value>0x11808c5c</value>
         <object_component_ref idref="oc-f"/>
      </symbol>
      <symbol id="sm-73">
         <name>_j</name>
         <value>0x11808c60</value>
         <object_component_ref idref="oc-f"/>
      </symbol>
      <symbol id="sm-13b">
         <name>_CheckForOverrun</name>
         <value>0x11800674</value>
         <object_component_ref idref="oc-b9"/>
      </symbol>
      <symbol id="sm-13c">
         <name>_Reset_I2C</name>
         <value>0x11800528</value>
         <object_component_ref idref="oc-b9"/>
      </symbol>
      <symbol id="sm-13d">
         <name>_Init_McASP0</name>
         <value>0x11800a98</value>
         <object_component_ref idref="oc-b9"/>
      </symbol>
      <symbol id="sm-13e">
         <name>_SetSampleRate_AIC3106</name>
         <value>0x11800950</value>
         <object_component_ref idref="oc-b9"/>
      </symbol>
      <symbol id="sm-13f">
         <name>_Read_UART2</name>
         <value>0x11800f48</value>
         <object_component_ref idref="oc-b9"/>
      </symbol>
      <symbol id="sm-140">
         <name>_Puts_UART2</name>
         <value>0x11800f08</value>
         <object_component_ref idref="oc-b9"/>
      </symbol>
      <symbol id="sm-141">
         <name>_Init_AIC3106</name>
         <value>0x118006a4</value>
         <object_component_ref idref="oc-b9"/>
      </symbol>
      <symbol id="sm-142">
         <name>_WriteDigitalOutputs</name>
         <value>0x118003b0</value>
         <object_component_ref idref="oc-b9"/>
      </symbol>
      <symbol id="sm-143">
         <name>_wait</name>
         <value>0x11800498</value>
         <object_component_ref idref="oc-b9"/>
      </symbol>
      <symbol id="sm-144">
         <name>_Init_UART2</name>
         <value>0x11800e28</value>
         <object_component_ref idref="oc-b9"/>
      </symbol>
      <symbol id="sm-145">
         <name>_Reset_AIC3106</name>
         <value>0x11800928</value>
         <object_component_ref idref="oc-b9"/>
      </symbol>
      <symbol id="sm-146">
         <name>_DSP_Init</name>
         <value>0x11800208</value>
         <object_component_ref idref="oc-b9"/>
      </symbol>
      <symbol id="sm-147">
         <name>_IsDataReady_UART2</name>
         <value>0x11800f68</value>
         <object_component_ref idref="oc-b9"/>
      </symbol>
      <symbol id="sm-148">
         <name>_IsTxReady_UART2</name>
         <value>0x11800f8c</value>
         <object_component_ref idref="oc-b9"/>
      </symbol>
      <symbol id="sm-149">
         <name>_Init_Interrupts_EDMA</name>
         <value>0x11800448</value>
         <object_component_ref idref="oc-b9"/>
      </symbol>
      <symbol id="sm-14a">
         <name>_AIC3106_write_reg</name>
         <value>0x118008ec</value>
         <object_component_ref idref="oc-b9"/>
      </symbol>
      <symbol id="sm-14b">
         <name>_WriteLEDs</name>
         <value>0x118002a8</value>
         <object_component_ref idref="oc-b9"/>
      </symbol>
      <symbol id="sm-14c">
         <name>_Init_I2C</name>
         <value>0x118004cc</value>
         <object_component_ref idref="oc-b9"/>
      </symbol>
      <symbol id="sm-14d">
         <name>_InitDigitalOutputs</name>
         <value>0x118003a4</value>
         <object_component_ref idref="oc-b9"/>
      </symbol>
      <symbol id="sm-14e">
         <name>_InitLEDs</name>
         <value>0x11800248</value>
         <object_component_ref idref="oc-b9"/>
      </symbol>
      <symbol id="sm-14f">
         <name>_WriteCodecData</name>
         <value>0x11800650</value>
         <object_component_ref idref="oc-b9"/>
      </symbol>
      <symbol id="sm-150">
         <name>_ReadSwitches</name>
         <value>0x1180038c</value>
         <object_component_ref idref="oc-b9"/>
      </symbol>
      <symbol id="sm-151">
         <name>_DSP_Init_EDMA</name>
         <value>0x11800228</value>
         <object_component_ref idref="oc-b9"/>
      </symbol>
      <symbol id="sm-152">
         <name>_Write_I2C</name>
         <value>0x11800548</value>
         <object_component_ref idref="oc-b9"/>
      </symbol>
      <symbol id="sm-153">
         <name>_Write_UART2</name>
         <value>0x11800ee0</value>
         <object_component_ref idref="oc-b9"/>
      </symbol>
      <symbol id="sm-154">
         <name>_ReadCodecData</name>
         <value>0x1180062c</value>
         <object_component_ref idref="oc-b9"/>
      </symbol>
      <symbol id="sm-155">
         <name>_EnableInterrupts</name>
         <value>0x1180040c</value>
         <object_component_ref idref="oc-b9"/>
      </symbol>
      <symbol id="sm-156">
         <name>_Init_Interrupts</name>
         <value>0x118003c8</value>
         <object_component_ref idref="oc-b9"/>
      </symbol>
      <symbol id="sm-157">
         <name>_GetSampleFreq</name>
         <value>0x11800200</value>
         <object_component_ref idref="oc-b9"/>
      </symbol>
      <symbol id="sm-158">
         <name>_EnableInterrupts_EDMA</name>
         <value>0x11800458</value>
         <object_component_ref idref="oc-b9"/>
      </symbol>
      <symbol id="sm-160">
         <name>_StartUp</name>
         <value>0x11807200</value>
         <object_component_ref idref="oc-cf"/>
      </symbol>
      <symbol id="sm-16a">
         <name>_autocorr</name>
         <value>0x11806e80</value>
         <object_component_ref idref="oc-22"/>
      </symbol>
      <symbol id="sm-179">
         <name>_main</name>
         <value>0x118072e0</value>
         <object_component_ref idref="oc-c6"/>
      </symbol>
      <symbol id="sm-19f">
         <name>_c_int00</name>
         <value>0x11806d00</value>
         <object_component_ref idref="oc-e"/>
      </symbol>
      <symbol id="sm-1a0">
         <name>__stack</name>
         <value>0x11808010</value>
         <object_component_ref idref="oc-2f"/>
      </symbol>
      <symbol id="sm-1a9">
         <name>__c6xabi_divu</name>
         <value>0x11806040</value>
         <object_component_ref idref="oc-c9"/>
      </symbol>
      <symbol id="sm-1aa">
         <name>__divu</name>
         <value>0x11806040</value>
         <object_component_ref idref="oc-c9"/>
      </symbol>
      <symbol id="sm-1c1">
         <name>C$$EXIT</name>
         <value>0x118072a0</value>
         <object_component_ref idref="oc-c7"/>
      </symbol>
      <symbol id="sm-1c2">
         <name>_exit</name>
         <value>0x118061c0</value>
         <object_component_ref idref="oc-b8"/>
      </symbol>
      <symbol id="sm-1c3">
         <name>___TI_enable_exit_profile_output</name>
         <value>0x11807ff4</value>
         <object_component_ref idref="oc-37"/>
      </symbol>
      <symbol id="sm-1c4">
         <name>_abort</name>
         <value>0x118072a0</value>
         <object_component_ref idref="oc-c7"/>
      </symbol>
      <symbol id="sm-1c5">
         <name>__cleanup_ptr</name>
         <value>0x11807fec</value>
         <object_component_ref idref="oc-37"/>
      </symbol>
      <symbol id="sm-1c6">
         <name>__dtors_ptr</name>
         <value>0x11807ff0</value>
         <object_component_ref idref="oc-37"/>
      </symbol>
      <symbol id="sm-1db">
         <name>_printf</name>
         <value>0x11805c60</value>
         <object_component_ref idref="oc-ba"/>
      </symbol>
      <symbol id="sm-1e9">
         <name>__unlock</name>
         <value>0x11807ffc</value>
         <object_component_ref idref="oc-3f"/>
      </symbol>
      <symbol id="sm-1ea">
         <name>__lock</name>
         <value>0x11807ff8</value>
         <object_component_ref idref="oc-3f"/>
      </symbol>
      <symbol id="sm-1eb">
         <name>__nop</name>
         <value>0x11807240</value>
         <object_component_ref idref="oc-bb"/>
      </symbol>
      <symbol id="sm-2f4">
         <name>__printfi</name>
         <value>0x11802500</value>
         <object_component_ref idref="oc-cb"/>
      </symbol>
      <symbol id="sm-2fe">
         <name>__args_main</name>
         <value>0x11807100</value>
         <object_component_ref idref="oc-b7"/>
      </symbol>
      <symbol id="sm-2ff">
         <name>__TI_args_main</name>
         <value>0x1</value>
      </symbol>
      <symbol id="sm-30d">
         <name>_atoi</name>
         <value>0x118059c0</value>
         <object_component_ref idref="oc-da"/>
      </symbol>
      <symbol id="sm-31c">
         <name>__auto_init</name>
         <value>0x11805ec0</value>
         <object_component_ref idref="oc-b6"/>
      </symbol>
      <symbol id="sm-329">
         <name>___TI_cpp_init</name>
         <value>0x11806f00</value>
         <object_component_ref idref="oc-c5"/>
      </symbol>
      <symbol id="sm-337">
         <name>_copy_in</name>
         <value>0x118067a0</value>
         <object_component_ref idref="oc-c3"/>
      </symbol>
      <symbol id="sm-33f">
         <name>__ctypes_</name>
         <value>0x118089b8</value>
         <object_component_ref idref="oc-e0"/>
      </symbol>
      <symbol id="sm-349">
         <name>__tmpnams</name>
         <value>0x11807d88</value>
         <object_component_ref idref="oc-59"/>
      </symbol>
      <symbol id="sm-34a">
         <name>__ft_end</name>
         <value>0x11807ec8</value>
         <object_component_ref idref="oc-59"/>
      </symbol>
      <symbol id="sm-34b">
         <name>__ftable</name>
         <value>0x11807ba8</value>
         <object_component_ref idref="oc-59"/>
      </symbol>
      <symbol id="sm-35d">
         <name>__divd</name>
         <value>0x11800fc0</value>
         <object_component_ref idref="oc-f2"/>
      </symbol>
      <symbol id="sm-36a">
         <name>__fixdli</name>
         <value>0x11806660</value>
         <object_component_ref idref="oc-f7"/>
      </symbol>
      <symbol id="sm-375">
         <name>__fltlid</name>
         <value>0x11806c00</value>
         <object_component_ref idref="oc-f9"/>
      </symbol>
      <symbol id="sm-390">
         <name>_putc</name>
         <value>0x118043a0</value>
         <object_component_ref idref="oc-d5"/>
      </symbol>
      <symbol id="sm-391">
         <name>_fputc</name>
         <value>0x118043a0</value>
         <object_component_ref idref="oc-d5"/>
      </symbol>
      <symbol id="sm-3b3">
         <name>_fputs</name>
         <value>0x11802940</value>
         <object_component_ref idref="oc-d0"/>
      </symbol>
      <symbol id="sm-3bd">
         <name>__frcmpyd_div</name>
         <value>0x11807140</value>
         <object_component_ref idref="oc-fb"/>
      </symbol>
      <symbol id="sm-3cd">
         <name>__divul</name>
         <value>0x11804b80</value>
         <object_component_ref idref="oc-fc"/>
      </symbol>
      <symbol id="sm-3ce">
         <name>__remli</name>
         <value>0x118071c0</value>
         <object_component_ref idref="oc-100"/>
      </symbol>
      <symbol id="sm-3cf">
         <name>__divli</name>
         <value>0x11806480</value>
         <object_component_ref idref="oc-101"/>
      </symbol>
      <symbol id="sm-3e3">
         <name>__subcull</name>
         <value>0x11806f60</value>
         <object_component_ref idref="oc-103"/>
      </symbol>
      <symbol id="sm-3e4">
         <name>__divull</name>
         <value>0x11803a80</value>
         <object_component_ref idref="oc-fd"/>
      </symbol>
      <symbol id="sm-3ee">
         <name>___isinf</name>
         <value>0x11807080</value>
         <object_component_ref idref="oc-e2"/>
      </symbol>
      <symbol id="sm-3fc">
         <name>__llshl</name>
         <value>0x11806c80</value>
         <object_component_ref idref="oc-102"/>
      </symbol>
      <symbol id="sm-3fd">
         <name>__llshru</name>
         <value>0x11807180</value>
         <object_component_ref idref="oc-fa"/>
      </symbol>
      <symbol id="sm-43a">
         <name>_unlink</name>
         <value>0x11806e00</value>
         <object_component_ref idref="oc-104"/>
      </symbol>
      <symbol id="sm-43b">
         <name>_lseek</name>
         <value>0x118068e0</value>
         <object_component_ref idref="oc-e9"/>
      </symbol>
      <symbol id="sm-43c">
         <name>_close</name>
         <value>0x11805aa0</value>
         <object_component_ref idref="oc-fe"/>
      </symbol>
      <symbol id="sm-43d">
         <name>_write</name>
         <value>0x11806b60</value>
         <object_component_ref idref="oc-d8"/>
      </symbol>
      <symbol id="sm-44a">
         <name>_ltoa</name>
         <value>0x11806280</value>
         <object_component_ref idref="oc-f8"/>
      </symbol>
      <symbol id="sm-457">
         <name>_memccpy</name>
         <value>0x11806fc0</value>
         <object_component_ref idref="oc-dd"/>
      </symbol>
      <symbol id="sm-45f">
         <name>_memcpy</name>
         <value>0x11806980</value>
         <object_component_ref idref="oc-c4"/>
      </symbol>
      <symbol id="sm-46a">
         <name>_memset</name>
         <value>0x11805b80</value>
         <object_component_ref idref="oc-d9"/>
      </symbol>
      <symbol id="sm-474">
         <name>__negll</name>
         <value>0x11807220</value>
         <object_component_ref idref="oc-e7"/>
      </symbol>
      <symbol id="sm-49d">
         <name>_HOSTopen</name>
         <value>0x11805800</value>
         <object_component_ref idref="oc-bc"/>
      </symbol>
      <symbol id="sm-49e">
         <name>_HOSTread</name>
         <value>0x118058e0</value>
         <object_component_ref idref="oc-be"/>
      </symbol>
      <symbol id="sm-49f">
         <name>_HOSTrename</name>
         <value>0x11804d20</value>
         <object_component_ref idref="oc-c2"/>
      </symbol>
      <symbol id="sm-4a0">
         <name>_HOSTwrite</name>
         <value>0x11805e00</value>
         <object_component_ref idref="oc-bf"/>
      </symbol>
      <symbol id="sm-4a1">
         <name>_HOSTlseek</name>
         <value>0x11805600</value>
         <object_component_ref idref="oc-c0"/>
      </symbol>
      <symbol id="sm-4a2">
         <name>_HOSTunlink</name>
         <value>0x11805d40</value>
         <object_component_ref idref="oc-c1"/>
      </symbol>
      <symbol id="sm-4a3">
         <name>_HOSTclose</name>
         <value>0x11806340</value>
         <object_component_ref idref="oc-bd"/>
      </symbol>
      <symbol id="sm-4b3">
         <name>C$$IO$$</name>
         <value>0x11807078</value>
         <object_component_ref idref="oc-cd"/>
      </symbol>
      <symbol id="sm-4b4">
         <name>__CIOBUF_</name>
         <value>0x11808b20</value>
         <object_component_ref idref="oc-93"/>
      </symbol>
      <symbol id="sm-4b5">
         <name>_readmsg</name>
         <value>0x11806d80</value>
         <object_component_ref idref="oc-ce"/>
      </symbol>
      <symbol id="sm-4b6">
         <name>_writemsg</name>
         <value>0x11807020</value>
         <object_component_ref idref="oc-cd"/>
      </symbol>
      <symbol id="sm-4c5">
         <name>__wrt_ok</name>
         <value>0x11805700</value>
         <object_component_ref idref="oc-d6"/>
      </symbol>
      <symbol id="sm-4d9">
         <name>__doflush</name>
         <value>0x11806100</value>
         <object_component_ref idref="oc-d7"/>
      </symbol>
      <symbol id="sm-4ea">
         <name>_fseek</name>
         <value>0x118054e0</value>
         <object_component_ref idref="oc-de"/>
      </symbol>
      <symbol id="sm-501">
         <name>_setvbuf</name>
         <value>0x118047c0</value>
         <object_component_ref idref="oc-df"/>
      </symbol>
      <symbol id="sm-514">
         <name>__cleanup</name>
         <value>0x118063e0</value>
         <object_component_ref idref="oc-ec"/>
      </symbol>
      <symbol id="sm-54c">
         <name>__sys_memory</name>
         <value>0x11808410</value>
         <object_component_ref idref="oc-ad"/>
      </symbol>
      <symbol id="sm-54d">
         <name>_free</name>
         <value>0x11803800</value>
         <object_component_ref idref="oc-ea"/>
      </symbol>
      <symbol id="sm-54e">
         <name>_malloc</name>
         <value>0x11804ea0</value>
         <object_component_ref idref="oc-eb"/>
      </symbol>
      <symbol id="sm-560">
         <name>__closefile</name>
         <value>0x118052a0</value>
         <object_component_ref idref="oc-f6"/>
      </symbol>
      <symbol id="sm-56a">
         <name>_remove</name>
         <value>0x118072c0</value>
         <object_component_ref idref="oc-ff"/>
      </symbol>
   </symbol_table>
</link_info>
