******************************************************************************
               TMS320C6x Linker PC v7.4.16                     
******************************************************************************
>> Linked Tue Apr 09 15:56:23 2019

OUTPUT FILE NAME:   <Lab1P4.out>
ENTRY POINT SYMBOL: "_c_int00"  address: 11801720


MEMORY CONFIGURATION

         name            origin    length      used     unused   attr    fill
----------------------  --------  ---------  --------  --------  ----  --------
  VECTORS               11800000   00000200  00000200  00000000  RWIX
  DSPRAM                11800200   0003fe00  00001c0c  0003e1f4  RWIX
  SHAREDRAM             80000000   00020000  00000000  00020000  RWIX
  SDRAM                 c0000000   08000000  00000000  08000000  RWIX


SECTION ALLOCATION MAP

 output                                  attributes/
section   page    origin      length       input sections
--------  ----  ----------  ----------   ----------------
vectors    0    11800000    00000200     
                  11800000    00000200     vectors.obj (vectors)

.text      0    11800200    000016a0     
                  11800200    00000dc0     LCDK_Support_DSP.obj (.text)
                  11800fc0    00000320     ISRs.obj (.text:retain)
                  118012e0    000000c0     rts6740.lib : autoinit.obj (.text:__auto_init)
                  118013a0    000000c0                 : divu.obj (.text:__divu)
                  11801460    000000c0                 : remi.obj (.text:__remi)
                  11801520    000000c0                 : exit.obj (.text:_exit)
                  118015e0    000000a0                 : cpy_tbl.obj (.text:_copy_in)
                  11801680    000000a0                 : memcpy64.obj (.text:_memcpy)
                  11801720    00000080                 : boot.obj (.text:_c_int00)
                  118017a0    00000060                 : cpp_init.obj (.text:___TI_cpp_init)
                  11801800    00000040                 : args_main.obj (.text:__args_main)
                  11801840    00000020     StartUp.obj (.text)
                  11801860    00000020     rts6740.lib : exit.obj (.text:_abort)
                  11801880    00000020     main.obj (.text)

.stack     0    118018a0    00000400     UNINITIALIZED
                  118018a0    00000008     rts6740.lib : boot.obj (.stack)
                  118018a8    000003f8     --HOLE--

.cinit     0    11801ca0    000000b4     
                  11801ca0    00000040     ISRs.obj (.cinit)
                  11801ce0    0000002c     main.obj (.cinit)
                  11801d0c    00000004     --HOLE-- [fill = 0]
                  11801d10    0000002c     rts6740.lib : exit.obj (.cinit)
                  11801d3c    00000004     --HOLE-- [fill = 0]
                  11801d40    0000000c     LCDK_Support_DSP.obj (.cinit)
                  11801d4c    00000004     --HOLE-- [fill = 0]
                  11801d50    00000004     (.pad.cinit) [fill = 0]

.far       0    11801d58    0000008c     UNINITIALIZED
                  11801d58    00000050     main.obj (.far)
                  11801da8    00000030     ISRs.obj (.far)
                  11801dd8    0000000c     rts6740.lib : exit.obj (.far)

.switch    0    11801de4    00000018     
                  11801de4    00000018     LCDK_Support_DSP.obj (.switch:_SetSampleRate_AIC3106)

.bss       0    11801dfc    00000014     UNINITIALIZED
                  11801dfc    0000000c     main.obj (.bss)
                  11801e08    00000004     ISRs.obj (.bss)
                  11801e0c    00000004     LCDK_Support_DSP.obj (.bss)


GLOBAL SYMBOLS: SORTED ALPHABETICALLY BY Name 

address    name
--------   ----
11801dfc   $bss
11801dfc   .bss
11800200   .text
11801860   C$$EXIT
118008ec   _AIC3106_write_reg
11800674   _CheckForOverrun
11801da8   _CodecDataIn
11801dac   _CodecDataOut
11800fc0   _Codec_ISR
11800208   _DSP_Init
11800228   _DSP_Init_EDMA
1180040c   _EnableInterrupts
11800458   _EnableInterrupts_EDMA
11801d58   _GUI_OUT
11800200   _GetSampleFreq
118003a4   _InitDigitalOutputs
11800248   _InitLEDs
118006a4   _Init_AIC3106
118004cc   _Init_I2C
118003c8   _Init_Interrupts
11800448   _Init_Interrupts_EDMA
11800a98   _Init_McASP0
11800e28   _Init_UART2
11800f68   _IsDataReady_UART2
11800f8c   _IsTxReady_UART2
11800f08   _Puts_UART2
1180062c   _ReadCodecData
1180038c   _ReadSwitches
11800f48   _Read_UART2
11800928   _Reset_AIC3106
11800528   _Reset_I2C
11800950   _SetSampleRate_AIC3106
11801840   _StartUp
11800650   _WriteCodecData
118003b0   _WriteDigitalOutputs
118002a8   _WriteLEDs
11800548   _Write_I2C
11800ee0   _Write_UART2
11801ca0   __STACK_END
00000400   __STACK_SIZE
00000001   __TI_args_main
118017a0   ___TI_cpp_init
11801de0   ___TI_enable_exit_profile_output
ffffffff   ___TI_pprof_out_hndl
ffffffff   ___TI_prof_data_size
ffffffff   ___TI_prof_data_start
ffffffff   ___binit__
11801dfc   ___bss__
ffffffff   ___c_args__
11801ca0   ___cinit__
11801e10   ___end__
118018a0   ___etext__
ffffffff   ___pinit__
11800200   ___text__
11801800   __args_main
118012e0   __auto_init
118013a0   __c6xabi_divu
11801460   __c6xabi_remi
11801dd8   __cleanup_ptr
118013a0   __divu
11801ddc   __dtors_ptr
11801460   __remi
118018a0   __stack
11801860   _abort
11801dfc   _alpha
11801e00   _beta
11801720   _c_int00
118015e0   _copy_in
11801520   _exit
11801e08   _ii
11801880   _main
11801680   _memcpy
11801e04   _omega
11801db0   _sinewave
11800498   _wait
ffffffff   binit
11801ca0   cinit
11801e10   end
118018a0   etext
ffffffff   pinit


GLOBAL SYMBOLS: SORTED BY Symbol Address 

address    name
--------   ----
00000001   __TI_args_main
00000400   __STACK_SIZE
11800200   .text
11800200   _GetSampleFreq
11800200   ___text__
11800208   _DSP_Init
11800228   _DSP_Init_EDMA
11800248   _InitLEDs
118002a8   _WriteLEDs
1180038c   _ReadSwitches
118003a4   _InitDigitalOutputs
118003b0   _WriteDigitalOutputs
118003c8   _Init_Interrupts
1180040c   _EnableInterrupts
11800448   _Init_Interrupts_EDMA
11800458   _EnableInterrupts_EDMA
11800498   _wait
118004cc   _Init_I2C
11800528   _Reset_I2C
11800548   _Write_I2C
1180062c   _ReadCodecData
11800650   _WriteCodecData
11800674   _CheckForOverrun
118006a4   _Init_AIC3106
118008ec   _AIC3106_write_reg
11800928   _Reset_AIC3106
11800950   _SetSampleRate_AIC3106
11800a98   _Init_McASP0
11800e28   _Init_UART2
11800ee0   _Write_UART2
11800f08   _Puts_UART2
11800f48   _Read_UART2
11800f68   _IsDataReady_UART2
11800f8c   _IsTxReady_UART2
11800fc0   _Codec_ISR
118012e0   __auto_init
118013a0   __c6xabi_divu
118013a0   __divu
11801460   __c6xabi_remi
11801460   __remi
11801520   _exit
118015e0   _copy_in
11801680   _memcpy
11801720   _c_int00
118017a0   ___TI_cpp_init
11801800   __args_main
11801840   _StartUp
11801860   C$$EXIT
11801860   _abort
11801880   _main
118018a0   ___etext__
118018a0   __stack
118018a0   etext
11801ca0   __STACK_END
11801ca0   ___cinit__
11801ca0   cinit
11801d58   _GUI_OUT
11801da8   _CodecDataIn
11801dac   _CodecDataOut
11801db0   _sinewave
11801dd8   __cleanup_ptr
11801ddc   __dtors_ptr
11801de0   ___TI_enable_exit_profile_output
11801dfc   $bss
11801dfc   .bss
11801dfc   ___bss__
11801dfc   _alpha
11801e00   _beta
11801e04   _omega
11801e08   _ii
11801e10   ___end__
11801e10   end
ffffffff   ___TI_pprof_out_hndl
ffffffff   ___TI_prof_data_size
ffffffff   ___TI_prof_data_start
ffffffff   ___binit__
ffffffff   ___c_args__
ffffffff   ___pinit__
ffffffff   binit
ffffffff   pinit

[80 symbols]
