******************************************************************************
               TMS320C6x Linker PC v7.4.16                     
******************************************************************************
>> Linked Tue Apr 30 18:35:10 2019

OUTPUT FILE NAME:   <hw3.out>
ENTRY POINT SYMBOL: "_c_int00"  address: 11806de0


MEMORY CONFIGURATION

         name            origin    length      used     unused   attr    fill
----------------------  --------  ---------  --------  --------  ----  --------
  VECTORS               11800000   00000200  00000200  00000000  RWIX
  DSPRAM                11800200   0003fe00  00008305  00037afb  RWIX
  SHAREDRAM             80000000   00020000  00000000  00020000  RWIX
  SDRAM                 c0000000   08000000  00000000  08000000  RWIX


SECTION ALLOCATION MAP

 output                                  attributes/
section   page    origin      length       input sections
--------  ----  ----------  ----------   ----------------
vectors    0    11800000    00000200     
                  11800000    00000200     vectors.obj (vectors)

.text      0    11800200    00007120     
                  11800200    00000dc0     LCDK_Support_DSP.obj (.text)
                  11800fc0    000005a0     rts6740.lib : divd.obj (.text:__divd)
                  11801560    00000580                 : _printfi.obj (.text:__getarg_diouxp)
                  11801ae0    00000520                 : _printfi.obj (.text:__setfield)
                  11802000    00000440                 : _printfi.obj (.text:__printfi)
                  11802440    000003a0                 : fputs.obj (.text:_fputs)
                  118027e0    00000320                 : _printfi.obj (.text:__pproc_fge)
                  11802b00    000002c0                 : _printfi.obj (.text:__pproc_fwp)
                  11802dc0    000002a0                 : _printfi.obj (.text:_ecvt)
                  11803060    000002a0                 : _printfi.obj (.text:_fcvt)
                  11803300    000002a0     main.obj (.text)
                  118035a0    00000280     rts6740.lib : memory.obj (.text:_free)
                  11803820    00000260                 : imath64.obj (.text:__divull)
                  11803a80    00000260                 : _printfi.obj (.text:__pconv_e)
                  11803ce0    00000260     ISRs.obj (.text:retain)
                  11803f40    00000240     rts6740.lib : _printfi.obj (.text:__pproc_diouxp)
                  11804180    00000220                 : _printfi.obj (.text:__pproc_str)
                  118043a0    00000220                 : fputc.obj (.text:_fputc)
                  118045c0    00000200                 : _printfi.obj (.text:__pconv_g)
                  118047c0    00000200                 : setvbuf.obj (.text:_setvbuf)
                  118049c0    000001c0                 : _printfi.obj (.text:__mcpy)
                  11804b80    000001a0                 : imath40.obj (.text:__divul)
                  11804d20    00000180                 : trgdrv.obj (.text:_HOSTrename)
                  11804ea0    00000180                 : memory.obj (.text:_malloc)
                  11805020    00000140                 : _printfi.obj (.text:__pproc_fflags)
                  11805160    00000140                 : lowlev.obj (.text:_getdevice)
                  118052a0    00000120                 : fclose.obj (.text:__closefile)
                  118053c0    00000120                 : _printfi.obj (.text:__ltostr)
                  118054e0    00000120                 : fseek.obj (.text:_fseek)
                  11805600    00000100                 : trgdrv.obj (.text:_HOSTlseek)
                  11805700    00000100                 : _io_perm.obj (.text:__wrt_ok)
                  11805800    000000e0                 : trgdrv.obj (.text:_HOSTopen)
                  118058e0    000000e0                 : trgdrv.obj (.text:_HOSTread)
                  118059c0    000000e0                 : atoi.obj (.text:_atoi)
                  11805aa0    000000e0                 : lowlev.obj (.text:_close)
                  11805b80    000000e0                 : fflush.obj (.text:_fflush)
                  11805c60    000000e0                 : memset.obj (.text:_memset)
                  11805d40    000000e0                 : printf.obj (.text:_printf)
                  11805e20    000000c0                 : trgdrv.obj (.text:_HOSTunlink)
                  11805ee0    000000c0                 : trgdrv.obj (.text:_HOSTwrite)
                  11805fa0    000000c0                 : autoinit.obj (.text:__auto_init)
                  11806060    000000c0                 : _printfi.obj (.text:__div)
                  11806120    000000c0                 : divu.obj (.text:__divu)
                  118061e0    000000c0                 : fflush.obj (.text:__doflush)
                  118062a0    000000c0                 : exit.obj (.text:_exit)
                  11806360    000000c0                 : ltoa.obj (.text:_ltoa)
                  11806420    000000a0                 : trgdrv.obj (.text:_HOSTclose)
                  118064c0    000000a0                 : fopen.obj (.text:__cleanup)
                  11806560    000000a0                 : imath40.obj (.text:__divli)
                  11806600    000000a0                 : _printfi.obj (.text:__ecpy)
                  118066a0    000000a0                 : _printfi.obj (.text:__fcpy)
                  11806740    000000a0                 : fixdli.obj (.text:__fixdli)
                  118067e0    000000a0                 : _printfi.obj (.text:__pconv_f)
                  11806880    000000a0                 : cpy_tbl.obj (.text:_copy_in)
                  11806920    000000a0                 : lowlev.obj (.text:_finddevice)
                  118069c0    000000a0                 : lowlev.obj (.text:_lseek)
                  11806a60    000000a0                 : memcpy64.obj (.text:_memcpy)
                  11806b00    000000a0                 : memory.obj (.text:_minsert)
                  11806ba0    000000a0                 : memory.obj (.text:_mremove)
                  11806c40    000000a0                 : lowlev.obj (.text:_write)
                  11806ce0    00000080                 : fltlid.obj (.text:__fltlid)
                  11806d60    00000080                 : llshift.obj (.text:__llshl)
                  11806de0    00000080                 : boot.obj (.text:_c_int00)
                  11806e60    00000080                 : trgmsg.obj (.text:_readmsg)
                  11806ee0    00000080                 : lowlev.obj (.text:_unlink)
                  11806f60    00000060                 : cpp_init.obj (.text:___TI_cpp_init)
                  11806fc0    00000060                 : imath64.obj (.text:__subcull)
                  11807020    00000060                 : memccpy.obj (.text:_memccpy)
                  11807080    00000060                 : trgmsg.obj (.text:_writemsg)
                  118070e0    00000040                 : isinf.obj (.text:___isinf)
                  11807120    00000040                 : _printfi.obj (.text:___isnan)
                  11807160    00000040                 : args_main.obj (.text:__args_main)
                  118071a0    00000040                 : frcmpyd_div.obj (.text:__frcmpyd_div)
                  118071e0    00000040                 : llshift.obj (.text:__llshru)
                  11807220    00000040                 : imath40.obj (.text:__remli)
                  11807260    00000020                 : negll.obj (.text:__negll)
                  11807280    00000020                 : _lock.obj (.text:__nop)
                  118072a0    00000020                 : printf.obj (.text:__outc)
                  118072c0    00000020                 : printf.obj (.text:__outs)
                  118072e0    00000020                 : exit.obj (.text:_abort)
                  11807300    00000020                 : remove.obj (.text:_remove)

.far       0    11807320    000005b0     UNINITIALIZED
                  11807320    00000324     rts6740.lib : defs.obj (.far)
                  11807644    00000004                 : fopen.obj (.far)
                  11807648    00000140     main.obj (.far)
                  11807788    0000011c     rts6740.lib : lowlev.obj (.far)
                  118078a4    0000000c                 : exit.obj (.far)
                  118078b0    00000008     ISRs.obj (.far)
                  118078b8    00000008     rts6740.lib : _lock.obj (.far)
                  118078c0    00000008                 : memory.obj (.far)
                  118078c8    00000008                 : trgdrv.obj (.far)

.stack     0    118078d0    00000400     UNINITIALIZED
                  118078d0    00000008     rts6740.lib : boot.obj (.stack)
                  118078d8    000003f8     --HOLE--

.sysmem    0    11807cd0    00000400     UNINITIALIZED
                  11807cd0    00000008     rts6740.lib : memory.obj (.sysmem)
                  11807cd8    000003f8     --HOLE--

.const     0    118080d0    00000173     
                  118080d0    00000101     rts6740.lib : ctype.obj (.const:.string:__ctypes_)
                  118081d1    00000002                 : fputs.obj (.const:.string)
                  118081d3    00000001     --HOLE-- [fill = 0]
                  118081d4    0000004c     main.obj (.const:.string)
                  11808220    00000023     rts6740.lib : _printfi.obj (.const:.string)

.cinit     0    11808248    00000184     
                  11808248    0000005c     rts6740.lib : defs.obj (.cinit)
                  118082a4    00000004     --HOLE-- [fill = 0]
                  118082a8    0000005c                 : lowlev.obj (.cinit)
                  11808304    00000004     --HOLE-- [fill = 0]
                  11808308    0000002c                 : exit.obj (.cinit)
                  11808334    00000004     --HOLE-- [fill = 0]
                  11808338    0000002c                 : memory.obj (.cinit)
                  11808364    00000004     --HOLE-- [fill = 0]
                  11808368    0000001c                 : _lock.obj (.cinit)
                  11808384    00000004     --HOLE-- [fill = 0]
                  11808388    00000019     main.obj (.cinit)
                  118083a1    00000007     --HOLE-- [fill = 0]
                  118083a8    0000000c     LCDK_Support_DSP.obj (.cinit)
                  118083b4    00000004     --HOLE-- [fill = 0]
                  118083b8    0000000c     rts6740.lib : fopen.obj (.cinit)
                  118083c4    00000004     --HOLE-- [fill = 0]
                  118083c8    00000004     (.pad.cinit) [fill = 0]

.cio       0    118083d0    00000120     UNINITIALIZED
                  118083d0    00000120     rts6740.lib : trgmsg.obj (.cio)

.switch    0    118084f0    00000018     
                  118084f0    00000018     LCDK_Support_DSP.obj (.switch:_SetSampleRate_AIC3106)

.bss       0    11808508    00000006     UNINITIALIZED
                  11808508    00000004     LCDK_Support_DSP.obj (.bss)
                  1180850c    00000002     main.obj (.bss)


GLOBAL SYMBOLS: SORTED ALPHABETICALLY BY Name 

address    name
--------   ----
11808508   $bss
11808508   .bss
11800200   .text
118072e0   C$$EXIT
118070d8   C$$IO$$
118008ec   _AIC3106_write_reg
11800674   _CheckForOverrun
118078b0   _CodecDataIn
118078b4   _CodecDataOut
11803ce0   _Codec_ISR
11800208   _DSP_Init
11800228   _DSP_Init_EDMA
1180040c   _EnableInterrupts
11800458   _EnableInterrupts_EDMA
11800200   _GetSampleFreq
11806420   _HOSTclose
11805600   _HOSTlseek
11805800   _HOSTopen
118058e0   _HOSTread
11804d20   _HOSTrename
11805e20   _HOSTunlink
11805ee0   _HOSTwrite
118003a4   _InitDigitalOutputs
11800248   _InitLEDs
118006a4   _Init_AIC3106
118004cc   _Init_I2C
118003c8   _Init_Interrupts
11800448   _Init_Interrupts_EDMA
11800a98   _Init_McASP0
11800e28   _Init_UART2
11800f68   _IsDataReady_UART2
11800f8c   _IsTxReady_UART2
11800f08   _Puts_UART2
1180062c   _ReadCodecData
11803300   _ReadParameters
11803464   _ReadParameters2
1180038c   _ReadSwitches
11800f48   _Read_UART2
11800928   _Reset_AIC3106
11800528   _Reset_I2C
11800950   _SetSampleRate_AIC3106
11807648   _UARTdouble
11800650   _WriteCodecData
118003b0   _WriteDigitalOutputs
118002a8   _WriteLEDs
11800548   _Write_I2C
11800ee0   _Write_UART2
118083d0   __CIOBUF_
11807cd0   __STACK_END
00000400   __STACK_SIZE
00000400   __SYSMEM_SIZE
00000001   __TI_args_main
11806f60   ___TI_cpp_init
118078ac   ___TI_enable_exit_profile_output
ffffffff   ___TI_pprof_out_hndl
ffffffff   ___TI_prof_data_size
ffffffff   ___TI_prof_data_start
ffffffff   ___binit__
11808508   ___bss__
ffffffff   ___c_args__
11808248   ___cinit__
1180850e   ___end__
11807320   ___etext__
118070e0   ___isinf
ffffffff   ___pinit__
11800200   ___text__
11807160   __args_main
11805fa0   __auto_init
11806120   __c6xabi_divu
118064c0   __cleanup
118078a4   __cleanup_ptr
118052a0   __closefile
118080d0   __ctypes_
11800fc0   __divd
11806560   __divli
11806120   __divu
11804b80   __divul
11803820   __divull
118061e0   __doflush
118078a8   __dtors_ptr
11806740   __fixdli
11806ce0   __fltlid
118071a0   __frcmpyd_div
11807640   __ft_end
11807320   __ftable
11806d60   __llshl
118071e0   __llshru
118078b8   __lock
11807260   __negll
11807280   __nop
11802000   __printfi
11807220   __remli
118078d0   __stack
11806fc0   __subcull
11807cd0   __sys_memory
11807500   __tmpnams
118078bc   __unlock
11805700   __wrt_ok
118072e0   _abort
118059c0   _atoi
11806de0   _c_int00
11805aa0   _close
11806880   _copy_in
118062a0   _exit
11805b80   _fflush
118043a0   _fputc
11802440   _fputs
118035a0   _free
118054e0   _fseek
118069c0   _lseek
11806360   _ltoa
11803554   _main
11804ea0   _malloc
11807020   _memccpy
11806a60   _memcpy
11805c60   _memset
11805d40   _printf
118043a0   _putc
11806e60   _readmsg
11807650   _rec
11807300   _remove
118047c0   _setvbuf
1180850c   _temp1
1180850d   _temp2
11806ee0   _unlink
11800498   _wait
11806c40   _write
11807080   _writemsg
ffffffff   binit
11808248   cinit
1180850e   end
11807320   etext
ffffffff   pinit


GLOBAL SYMBOLS: SORTED BY Symbol Address 

address    name
--------   ----
00000001   __TI_args_main
00000400   __STACK_SIZE
00000400   __SYSMEM_SIZE
11800200   .text
11800200   _GetSampleFreq
11800200   ___text__
11800208   _DSP_Init
11800228   _DSP_Init_EDMA
11800248   _InitLEDs
118002a8   _WriteLEDs
1180038c   _ReadSwitches
118003a4   _InitDigitalOutputs
118003b0   _WriteDigitalOutputs
118003c8   _Init_Interrupts
1180040c   _EnableInterrupts
11800448   _Init_Interrupts_EDMA
11800458   _EnableInterrupts_EDMA
11800498   _wait
118004cc   _Init_I2C
11800528   _Reset_I2C
11800548   _Write_I2C
1180062c   _ReadCodecData
11800650   _WriteCodecData
11800674   _CheckForOverrun
118006a4   _Init_AIC3106
118008ec   _AIC3106_write_reg
11800928   _Reset_AIC3106
11800950   _SetSampleRate_AIC3106
11800a98   _Init_McASP0
11800e28   _Init_UART2
11800ee0   _Write_UART2
11800f08   _Puts_UART2
11800f48   _Read_UART2
11800f68   _IsDataReady_UART2
11800f8c   _IsTxReady_UART2
11800fc0   __divd
11802000   __printfi
11802440   _fputs
11803300   _ReadParameters
11803464   _ReadParameters2
11803554   _main
118035a0   _free
11803820   __divull
11803ce0   _Codec_ISR
118043a0   _fputc
118043a0   _putc
118047c0   _setvbuf
11804b80   __divul
11804d20   _HOSTrename
11804ea0   _malloc
118052a0   __closefile
118054e0   _fseek
11805600   _HOSTlseek
11805700   __wrt_ok
11805800   _HOSTopen
118058e0   _HOSTread
118059c0   _atoi
11805aa0   _close
11805b80   _fflush
11805c60   _memset
11805d40   _printf
11805e20   _HOSTunlink
11805ee0   _HOSTwrite
11805fa0   __auto_init
11806120   __c6xabi_divu
11806120   __divu
118061e0   __doflush
118062a0   _exit
11806360   _ltoa
11806420   _HOSTclose
118064c0   __cleanup
11806560   __divli
11806740   __fixdli
11806880   _copy_in
118069c0   _lseek
11806a60   _memcpy
11806c40   _write
11806ce0   __fltlid
11806d60   __llshl
11806de0   _c_int00
11806e60   _readmsg
11806ee0   _unlink
11806f60   ___TI_cpp_init
11806fc0   __subcull
11807020   _memccpy
11807080   _writemsg
118070d8   C$$IO$$
118070e0   ___isinf
11807160   __args_main
118071a0   __frcmpyd_div
118071e0   __llshru
11807220   __remli
11807260   __negll
11807280   __nop
118072e0   C$$EXIT
118072e0   _abort
11807300   _remove
11807320   ___etext__
11807320   __ftable
11807320   etext
11807500   __tmpnams
11807640   __ft_end
11807648   _UARTdouble
11807650   _rec
118078a4   __cleanup_ptr
118078a8   __dtors_ptr
118078ac   ___TI_enable_exit_profile_output
118078b0   _CodecDataIn
118078b4   _CodecDataOut
118078b8   __lock
118078bc   __unlock
118078d0   __stack
11807cd0   __STACK_END
11807cd0   __sys_memory
118080d0   __ctypes_
11808248   ___cinit__
11808248   cinit
118083d0   __CIOBUF_
11808508   $bss
11808508   .bss
11808508   ___bss__
1180850c   _temp1
1180850d   _temp2
1180850e   ___end__
1180850e   end
ffffffff   ___TI_pprof_out_hndl
ffffffff   ___TI_prof_data_size
ffffffff   ___TI_prof_data_start
ffffffff   ___binit__
ffffffff   ___c_args__
ffffffff   ___pinit__
ffffffff   binit
ffffffff   pinit

[133 symbols]
