******************************************************************************
               TMS320C6x Linker PC v7.4.16                     
******************************************************************************
>> Linked Wed Apr 17 17:33:17 2019

OUTPUT FILE NAME:   <Lab2P4.out>
ENTRY POINT SYMBOL: "_c_int00"  address: 11801e60


MEMORY CONFIGURATION

         name            origin    length      used     unused   attr    fill
----------------------  --------  ---------  --------  --------  ----  --------
  VECTORS               11800000   00000200  00000200  00000000  RWIX
  DSPRAM                11800200   0003fe00  00002e3c  0003cfc4  RWIX
  SHAREDRAM             80000000   00020000  00000000  00020000  RWIX
  SDRAM                 c0000000   08000000  00000000  08000000  RWIX


SECTION ALLOCATION MAP

 output                                  attributes/
section   page    origin      length       input sections
--------  ----  ----------  ----------   ----------------
vectors    0    11800000    00000200     
                  11800000    00000200     vectors.obj (vectors)

.text      0    11800200    00001e60     
                  11800200    00000dc0     LCDK_Support_DSP.obj (.text)
                  11800fc0    000005a0     rts6740.lib : divd.obj (.text:__divd)
                  11801560    000004c0     ISRs.obj (.text:retain)
                  11801a20    000000c0     rts6740.lib : autoinit.obj (.text:__auto_init)
                  11801ae0    000000c0                 : divu.obj (.text:__divu)
                  11801ba0    000000c0                 : remi.obj (.text:__remi)
                  11801c60    000000c0                 : exit.obj (.text:_exit)
                  11801d20    000000a0                 : cpy_tbl.obj (.text:_copy_in)
                  11801dc0    000000a0                 : memcpy64.obj (.text:_memcpy)
                  11801e60    00000080                 : boot.obj (.text:_c_int00)
                  11801ee0    00000060                 : cpp_init.obj (.text:___TI_cpp_init)
                  11801f40    00000040                 : args_main.obj (.text:__args_main)
                  11801f80    00000040                 : frcmpyd_div.obj (.text:__frcmpyd_div)
                  11801fc0    00000040                 : llshift.obj (.text:__llshru)
                  11802000    00000020     StartUp.obj (.text)
                  11802020    00000020     rts6740.lib : exit.obj (.text:_abort)
                  11802040    00000020     main.obj (.text)

.far       0    11802060    00000b54     UNINITIALIZED
                  11802060    00000b48     ISRs.obj (.far)
                  11802ba8    0000000c     rts6740.lib : exit.obj (.far)

.stack     0    11802bb8    00000400     UNINITIALIZED
                  11802bb8    00000008     rts6740.lib : boot.obj (.stack)
                  11802bc0    000003f8     --HOLE--

.cinit     0    11802fb8    00000064     
                  11802fb8    0000002c     rts6740.lib : exit.obj (.cinit)
                  11802fe4    00000004     --HOLE-- [fill = 0]
                  11802fe8    0000001c     ISRs.obj (.cinit)
                  11803004    00000004     --HOLE-- [fill = 0]
                  11803008    0000000c     LCDK_Support_DSP.obj (.cinit)
                  11803014    00000004     --HOLE-- [fill = 0]
                  11803018    00000004     (.pad.cinit) [fill = 0]

.switch    0    1180301c    00000018     
                  1180301c    00000018     LCDK_Support_DSP.obj (.switch:_SetSampleRate_AIC3106)

.bss       0    11803034    0000000c     UNINITIALIZED
                  11803034    00000008     ISRs.obj (.bss)
                  1180303c    00000004     LCDK_Support_DSP.obj (.bss)


GLOBAL SYMBOLS: SORTED ALPHABETICALLY BY Name 

address    name
--------   ----
11803034   $bss
11803034   .bss
11800200   .text
11802020   C$$EXIT
118008ec   _AIC3106_write_reg
11800674   _CheckForOverrun
11802060   _CodecDataIn
11802064   _CodecDataOut
11801560   _Codec_ISR
11800208   _DSP_Init
11800228   _DSP_Init_EDMA
1180040c   _EnableInterrupts
11800458   _EnableInterrupts_EDMA
11800200   _GetSampleFreq
118003a4   _InitDigitalOutputs
11800248   _InitLEDs
118006a4   _Init_AIC3106
118004cc   _Init_I2C
118003c8   _Init_Interrupts
11800448   _Init_Interrupts_EDMA
11800a98   _Init_McASP0
11800e28   _Init_UART2
11800f68   _IsDataReady_UART2
11800f8c   _IsTxReady_UART2
11800f08   _Puts_UART2
1180062c   _ReadCodecData
1180038c   _ReadSwitches
11800f48   _Read_UART2
11800928   _Reset_AIC3106
11800528   _Reset_I2C
11800950   _SetSampleRate_AIC3106
11802000   _StartUp
11800650   _WriteCodecData
118003b0   _WriteDigitalOutputs
118002a8   _WriteLEDs
11800548   _Write_I2C
11800ee0   _Write_UART2
11802fb8   __STACK_END
00000400   __STACK_SIZE
00000001   __TI_args_main
11801ee0   ___TI_cpp_init
11802bb0   ___TI_enable_exit_profile_output
ffffffff   ___TI_pprof_out_hndl
ffffffff   ___TI_prof_data_size
ffffffff   ___TI_prof_data_start
ffffffff   ___binit__
11803034   ___bss__
ffffffff   ___c_args__
11802fb8   ___cinit__
11803040   ___end__
11802060   ___etext__
ffffffff   ___pinit__
11800200   ___text__
11801f40   __args_main
11801a20   __auto_init
11801ae0   __c6xabi_divu
11801ba0   __c6xabi_remi
11802ba8   __cleanup_ptr
11800fc0   __divd
11801ae0   __divu
11802bac   __dtors_ptr
11801f80   __frcmpyd_div
11801fc0   __llshru
11801ba0   __remi
11802bb8   __stack
11802020   _abort
11802068   _bufL
11802608   _bufR
11801e60   _c_int00
11801d20   _copy_in
11803038   _delay
11801c60   _exit
11803034   _ii
11802040   _main
11801dc0   _memcpy
11800498   _wait
ffffffff   binit
11802fb8   cinit
11803040   end
11802060   etext
ffffffff   pinit


GLOBAL SYMBOLS: SORTED BY Symbol Address 

address    name
--------   ----
00000001   __TI_args_main
00000400   __STACK_SIZE
11800200   .text
11800200   _GetSampleFreq
11800200   ___text__
11800208   _DSP_Init
11800228   _DSP_Init_EDMA
11800248   _InitLEDs
118002a8   _WriteLEDs
1180038c   _ReadSwitches
118003a4   _InitDigitalOutputs
118003b0   _WriteDigitalOutputs
118003c8   _Init_Interrupts
1180040c   _EnableInterrupts
11800448   _Init_Interrupts_EDMA
11800458   _EnableInterrupts_EDMA
11800498   _wait
118004cc   _Init_I2C
11800528   _Reset_I2C
11800548   _Write_I2C
1180062c   _ReadCodecData
11800650   _WriteCodecData
11800674   _CheckForOverrun
118006a4   _Init_AIC3106
118008ec   _AIC3106_write_reg
11800928   _Reset_AIC3106
11800950   _SetSampleRate_AIC3106
11800a98   _Init_McASP0
11800e28   _Init_UART2
11800ee0   _Write_UART2
11800f08   _Puts_UART2
11800f48   _Read_UART2
11800f68   _IsDataReady_UART2
11800f8c   _IsTxReady_UART2
11800fc0   __divd
11801560   _Codec_ISR
11801a20   __auto_init
11801ae0   __c6xabi_divu
11801ae0   __divu
11801ba0   __c6xabi_remi
11801ba0   __remi
11801c60   _exit
11801d20   _copy_in
11801dc0   _memcpy
11801e60   _c_int00
11801ee0   ___TI_cpp_init
11801f40   __args_main
11801f80   __frcmpyd_div
11801fc0   __llshru
11802000   _StartUp
11802020   C$$EXIT
11802020   _abort
11802040   _main
11802060   _CodecDataIn
11802060   ___etext__
11802060   etext
11802064   _CodecDataOut
11802068   _bufL
11802608   _bufR
11802ba8   __cleanup_ptr
11802bac   __dtors_ptr
11802bb0   ___TI_enable_exit_profile_output
11802bb8   __stack
11802fb8   __STACK_END
11802fb8   ___cinit__
11802fb8   cinit
11803034   $bss
11803034   .bss
11803034   ___bss__
11803034   _ii
11803038   _delay
11803040   ___end__
11803040   end
ffffffff   ___TI_pprof_out_hndl
ffffffff   ___TI_prof_data_size
ffffffff   ___TI_prof_data_start
ffffffff   ___binit__
ffffffff   ___c_args__
ffffffff   ___pinit__
ffffffff   binit
ffffffff   pinit

[81 symbols]
