******************************************************************************
               TMS320C6x Linker PC v7.4.16                     
******************************************************************************
>> Linked Wed May 01 18:47:37 2019

OUTPUT FILE NAME:   <hw3 2.out>
ENTRY POINT SYMBOL: "_c_int00"  address: 1180b360


MEMORY CONFIGURATION

         name            origin    length      used     unused   attr    fill
----------------------  --------  ---------  --------  --------  ----  --------
  VECTORS               11800000   00000200  00000200  00000000  RWIX
  DSPRAM                11800200   0003fe00  0001012c  0002fcd4  RWIX
  SHAREDRAM             80000000   00020000  00000000  00020000  RWIX
  SDRAM                 c0000000   08000000  00000000  08000000  RWIX


SECTION ALLOCATION MAP

 output                                  attributes/
section   page    origin      length       input sections
--------  ----  ----------  ----------   ----------------
vectors    0    11800000    00000200     
                  11800000    00000200     vectors.obj (vectors)

.text      0    11800200    0000b820     
                  11800200    00002280     gmm.obj (.text)
                  11802480    00000dc0     LCDK_Support_DSP.obj (.text)
                  11803240    00000860     main.obj (.text)
                  11803aa0    00000720     rts6740.lib : pow.obj (.text:_pow)
                  118041c0    000005a0                 : divd.obj (.text:__divd)
                  11804760    00000580                 : _printfi.obj (.text:__getarg_diouxp)
                  11804ce0    00000540     libmfcc.obj (.text)
                  11805220    00000520     rts6740.lib : _printfi.obj (.text:__setfield)
                  11805740    00000440                 : _printfi.obj (.text:__printfi)
                  11805b80    000003a0                 : fputs.obj (.text:_fputs)
                  11805f20    00000320                 : _printfi.obj (.text:__pproc_fge)
                  11806240    000002e0                 : cos.obj (.text:_cos)
                  11806520    000002c0                 : _printfi.obj (.text:__pproc_fwp)
                  118067e0    000002a0                 : _printfi.obj (.text:_ecvt)
                  11806a80    000002a0                 : _printfi.obj (.text:_fcvt)
                  11806d20    00000280                 : divf.obj (.text:__divf)
                  11806fa0    00000280                 : memory.obj (.text:_free)
                  11807220    00000280                 : sin.obj (.text:_sin)
                  118074a0    00000260                 : imath64.obj (.text:__divull)
                  11807700    00000260                 : _printfi.obj (.text:__pconv_e)
                  11807960    00000240                 : _printfi.obj (.text:__pproc_diouxp)
                  11807ba0    00000240     ISRs.obj (.text:retain)
                  11807de0    00000220     rts6740.lib : _printfi.obj (.text:__pproc_str)
                  11808000    00000220                 : fputc.obj (.text:_fputc)
                  11808220    00000200                 : _printfi.obj (.text:__pconv_g)
                  11808420    00000200                 : log.obj (.text:_log)
                  11808620    00000200                 : setvbuf.obj (.text:_setvbuf)
                  11808820    000001e0                 : exp.obj (.text:_exp)
                  11808a00    000001c0                 : _printfi.obj (.text:__mcpy)
                  11808bc0    000001a0                 : imath40.obj (.text:__divul)
                  11808d60    00000180                 : trgdrv.obj (.text:_HOSTrename)
                  11808ee0    00000180                 : memory.obj (.text:_malloc)
                  11809060    00000160                 : ldexp.obj (.text:_ldexp)
                  118091c0    00000140                 : _printfi.obj (.text:__pproc_fflags)
                  11809300    00000140                 : lowlev.obj (.text:_getdevice)
                  11809440    00000120                 : fclose.obj (.text:__closefile)
                  11809560    00000120                 : _printfi.obj (.text:__ltostr)
                  11809680    00000120                 : frexp.obj (.text:_frexp)
                  118097a0    00000120                 : fseek.obj (.text:_fseek)
                  118098c0    00000100                 : trgdrv.obj (.text:_HOSTlseek)
                  118099c0    00000100                 : _io_perm.obj (.text:__wrt_ok)
                  11809ac0    00000100                 : sqrt.obj (.text:_sqrt)
                  11809bc0    000000e0                 : trgdrv.obj (.text:_HOSTopen)
                  11809ca0    000000e0                 : trgdrv.obj (.text:_HOSTread)
                  11809d80    000000e0                 : atoi.obj (.text:_atoi)
                  11809e60    000000e0                 : lowlev.obj (.text:_close)
                  11809f40    000000e0                 : memset.obj (.text:_memset)
                  1180a020    000000e0                 : printf.obj (.text:_printf)
                  1180a100    000000c0                 : trgdrv.obj (.text:_HOSTunlink)
                  1180a1c0    000000c0                 : trgdrv.obj (.text:_HOSTwrite)
                  1180a280    000000c0                 : autoinit.obj (.text:__auto_init)
                  1180a340    000000c0                 : _printfi.obj (.text:__div)
                  1180a400    000000c0                 : divu.obj (.text:__divu)
                  1180a4c0    000000c0                 : fflush.obj (.text:__doflush)
                  1180a580    000000c0                 : remi.obj (.text:__remi)
                  1180a640    000000c0                 : exit.obj (.text:_exit)
                  1180a700    000000c0                 : ltoa.obj (.text:_ltoa)
                  1180a7c0    000000a0                 : trgdrv.obj (.text:_HOSTclose)
                  1180a860    000000a0                 : trgdrv.obj (.text:_HOSTtime)
                  1180a900    000000a0                 : fopen.obj (.text:__cleanup)
                  1180a9a0    000000a0                 : imath40.obj (.text:__divli)
                  1180aa40    000000a0                 : _printfi.obj (.text:__ecpy)
                  1180aae0    000000a0                 : _printfi.obj (.text:__fcpy)
                  1180ab80    000000a0                 : fixdli.obj (.text:__fixdli)
                  1180ac20    000000a0                 : round.obj (.text:__nround)
                  1180acc0    000000a0                 : _printfi.obj (.text:__pconv_f)
                  1180ad60    000000a0                 : cpy_tbl.obj (.text:_copy_in)
                  1180ae00    000000a0                 : lowlev.obj (.text:_finddevice)
                  1180aea0    000000a0                 : lowlev.obj (.text:_lseek)
                  1180af40    000000a0                 : memcpy64.obj (.text:_memcpy)
                  1180afe0    000000a0                 : memory.obj (.text:_minsert)
                  1180b080    000000a0                 : modf.obj (.text:_modf)
                  1180b120    000000a0                 : memory.obj (.text:_mremove)
                  1180b1c0    000000a0                 : lowlev.obj (.text:_write)
                  1180b260    00000080                 : fltlid.obj (.text:__fltlid)
                  1180b2e0    00000080                 : llshift.obj (.text:__llshl)
                  1180b360    00000080                 : boot.obj (.text:_c_int00)
                  1180b3e0    00000080                 : rand.obj (.text:_rand)
                  1180b460    00000080                 : trgmsg.obj (.text:_readmsg)
                  1180b4e0    00000080                 : lowlev.obj (.text:_unlink)
                  1180b560    00000060                 : cpp_init.obj (.text:___TI_cpp_init)
                  1180b5c0    00000060                 : imath64.obj (.text:__subcull)
                  1180b620    00000060                 : memccpy.obj (.text:_memccpy)
                  1180b680    00000060                 : rand.obj (.text:_srand)
                  1180b6e0    00000060                 : trgmsg.obj (.text:_writemsg)
                  1180b740    00000040                 : isinf.obj (.text:___isinf)
                  1180b780    00000040                 : _printfi.obj (.text:___isnan)
                  1180b7c0    00000040                 : args_main.obj (.text:__args_main)
                  1180b800    00000040                 : frcmpyd_div.obj (.text:__frcmpyd_div)
                  1180b840    00000040                 : llshift.obj (.text:__llshru)
                  1180b880    00000040                 : imath40.obj (.text:__remli)
                  1180b8c0    00000040                 : strcmp.obj (.text:_strcmp)
                  1180b900    00000040                 : time.obj (.text:_time)
                  1180b940    00000020                 : negll.obj (.text:__negll)
                  1180b960    00000020                 : _lock.obj (.text:__nop)
                  1180b980    00000020                 : printf.obj (.text:__outc)
                  1180b9a0    00000020                 : printf.obj (.text:__outs)
                  1180b9c0    00000020                 : trunc.obj (.text:__trunc)
                  1180b9e0    00000020                 : exit.obj (.text:_abort)
                  1180ba00    00000020                 : remove.obj (.text:_remove)

.far       0    1180ba20    00002f58     UNINITIALIZED
                  1180ba20    000028d8     main.obj (.far)
                  1180e2f8    00000324     rts6740.lib : defs.obj (.far)
                  1180e61c    00000004                 : errno.obj (.far)
                  1180e620    00000120                 : pow.obj (.far)
                  1180e740    0000011c                 : lowlev.obj (.far)
                  1180e85c    00000004                 : fopen.obj (.far)
                  1180e860    00000040                 : cos.obj (.far)
                  1180e8a0    00000040                 : sin.obj (.far)
                  1180e8e0    00000030                 : exp.obj (.far)
                  1180e910    00000030                 : log.obj (.far)
                  1180e940    0000000c                 : exit.obj (.far)
                  1180e94c    00000008     ISRs.obj (.far)
                  1180e954    00000008     rts6740.lib : _lock.obj (.far)
                  1180e95c    00000008                 : memory.obj (.far)
                  1180e964    00000004     --HOLE--
                  1180e968    00000008                 : rand.obj (.far)
                  1180e970    00000008                 : trgdrv.obj (.far)

.const     0    1180e978    00000938     
                  1180e978    000005a0     gmm.obj (.const:_$P$T3$4)
                  1180ef18    0000016c     gmm.obj (.const:.string)
                  1180f084    00000002     rts6740.lib : fputs.obj (.const:.string)
                  1180f086    00000002     --HOLE-- [fill = 0]
                  1180f088    00000101                 : ctype.obj (.const:.string:__ctypes_)
                  1180f189    00000007     --HOLE-- [fill = 0]
                  1180f190    00000068     gmm.obj (.const:_$P$T1$2)
                  1180f1f8    00000068     gmm.obj (.const:_$P$T2$3)
                  1180f260    00000023     rts6740.lib : _printfi.obj (.const:.string)
                  1180f283    00000005     --HOLE-- [fill = 0]
                  1180f288    00000018     gmm.obj (.const:_$P$T0$1)
                  1180f2a0    00000010     main.obj (.const:.string)

.cinit     0    1180f2b0    00000714     
                  1180f2b0    00000340     main.obj (.cinit)
                  1180f5f0    00000140     rts6740.lib : pow.obj (.cinit)
                  1180f730    0000005c                 : defs.obj (.cinit)
                  1180f78c    00000004     --HOLE-- [fill = 0]
                  1180f790    0000005c                 : lowlev.obj (.cinit)
                  1180f7ec    00000004     --HOLE-- [fill = 0]
                  1180f7f0    00000048                 : cos.obj (.cinit)
                  1180f838    00000048                 : sin.obj (.cinit)
                  1180f880    00000040                 : exp.obj (.cinit)
                  1180f8c0    00000040                 : log.obj (.cinit)
                  1180f900    0000002c                 : exit.obj (.cinit)
                  1180f92c    00000004     --HOLE-- [fill = 0]
                  1180f930    0000002c                 : memory.obj (.cinit)
                  1180f95c    00000004     --HOLE-- [fill = 0]
                  1180f960    0000001c                 : _lock.obj (.cinit)
                  1180f97c    00000004     --HOLE-- [fill = 0]
                  1180f980    00000010                 : rand.obj (.cinit)
                  1180f990    0000000c     LCDK_Support_DSP.obj (.cinit)
                  1180f99c    00000004     --HOLE-- [fill = 0]
                  1180f9a0    0000000c     rts6740.lib : errno.obj (.cinit)
                  1180f9ac    00000004     --HOLE-- [fill = 0]
                  1180f9b0    0000000c                 : fopen.obj (.cinit)
                  1180f9bc    00000004     --HOLE-- [fill = 0]
                  1180f9c0    00000004     (.pad.cinit) [fill = 0]

.stack     0    1180f9c8    00000400     UNINITIALIZED
                  1180f9c8    00000008     rts6740.lib : boot.obj (.stack)
                  1180f9d0    000003f8     --HOLE--

.sysmem    0    1180fdc8    00000400     UNINITIALIZED
                  1180fdc8    00000008     rts6740.lib : memory.obj (.sysmem)
                  1180fdd0    000003f8     --HOLE--

.cio       0    118101c8    00000120     UNINITIALIZED
                  118101c8    00000120     rts6740.lib : trgmsg.obj (.cio)

.bss       0    118102e8    00000030     UNINITIALIZED
                  118102e8    0000002c     main.obj (.bss)
                  11810314    00000004     LCDK_Support_DSP.obj (.bss)

.switch    0    11810318    00000018     
                  11810318    00000018     LCDK_Support_DSP.obj (.switch:_SetSampleRate_AIC3106)


GLOBAL SYMBOLS: SORTED ALPHABETICALLY BY Name 

address    name
--------   ----
118102e8   $bss
118102e8   .bss
11800200   .text
1180b9e0   C$$EXIT
1180b738   C$$IO$$
11802b6c   _AIC3106_write_reg
1180c420   _B
1180cc20   _Bmag
118028f4   _CheckForOverrun
1180e94c   _CodecDataIn
1180e950   _CodecDataOut
11807ba0   _Codec_ISR
11802488   _DSP_Init
118024a8   _DSP_Init_EDMA
1180268c   _EnableInterrupts
118026d8   _EnableInterrupts_EDMA
11805148   _GetCenterFrequency
11804ce0   _GetCoefficient
11804f08   _GetFilterParameter
118050ac   _GetMagnitudeFactor
11802480   _GetSampleFreq
1180a7c0   _HOSTclose
118098c0   _HOSTlseek
11809bc0   _HOSTopen
11809ca0   _HOSTread
11808d60   _HOSTrename
1180a860   _HOSTtime
1180a100   _HOSTunlink
1180a1c0   _HOSTwrite
11802624   _InitDigitalOutputs
118024c8   _InitLEDs
11802924   _Init_AIC3106
1180274c   _Init_I2C
11802648   _Init_Interrupts
118026c8   _Init_Interrupts_EDMA
11802d18   _Init_McASP0
118030a8   _Init_UART2
118031e8   _IsDataReady_UART2
1180320c   _IsTxReady_UART2
118102e8   _M
11804ea4   _NormalizationFactor
11803188   _Puts_UART2
118028ac   _ReadCodecData
1180260c   _ReadSwitches
118031c8   _Read_UART2
11802ba8   _Reset_AIC3106
118027a8   _Reset_I2C
11802bd0   _SetSampleRate_AIC3106
118028d0   _WriteCodecData
11802630   _WriteDigitalOutputs
11802528   _WriteLEDs
118027c8   _Write_I2C
11803160   _Write_UART2
1180ba20   _X
118101c8   __CIOBUF_
1180fdc8   __STACK_END
00000400   __STACK_SIZE
00000400   __SYSMEM_SIZE
00000001   __TI_args_main
1180b560   ___TI_cpp_init
1180e948   ___TI_enable_exit_profile_output
ffffffff   ___TI_pprof_out_hndl
ffffffff   ___TI_prof_data_size
ffffffff   ___TI_prof_data_start
ffffffff   ___binit__
118102e8   ___bss__
ffffffff   ___c_args__
1180f2b0   ___cinit__
11810318   ___end__
1180ba20   ___etext__
1180b740   ___isinf
ffffffff   ___pinit__
11800200   ___text__
1180b7c0   __args_main
1180a280   __auto_init
1180a400   __c6xabi_divu
1180a580   __c6xabi_remi
1180a900   __cleanup
1180e940   __cleanup_ptr
11809440   __closefile
1180f088   __ctypes_
118041c0   __divd
11806d20   __divf
1180a9a0   __divli
1180a400   __divu
11808bc0   __divul
118074a0   __divull
1180a4c0   __doflush
1180e944   __dtors_ptr
1180ab80   __fixdli
1180b260   __fltlid
1180b800   __frcmpyd_div
1180e618   __ft_end
1180e2f8   __ftable
1180132c   __gmm_compute_membership_prob
118012d0   __gmm_em_step
11800674   __gmm_init_params
11800b38   __gmm_init_params_kmeans
118006b4   __gmm_init_params_random
11801d4c   __gmm_log_gaussian_pdf
11802184   __gmm_pow2
11801678   __gmm_update_params
11802020   __gmm_vec_add
118020ac   __gmm_vec_divide_by_scalar
1180210c   __gmm_vec_dot_prod
11801f94   __gmm_vec_l2_dist
1180b2e0   __llshl
1180b840   __llshru
1180e954   __lock
1180b940   __negll
1180b960   __nop
1180ac20   __nround
11805740   __printfi
1180a580   __remi
1180b880   __remli
1180f9c8   __stack
1180b5c0   __subcull
1180fdc8   __sys_memory
1180e4d8   __tmpnams
1180b9c0   __trunc
1180e958   __unlock
118099c0   __wrt_ok
1180b9e0   _abort
11809d80   _atoi
11810308   _avg
1180b360   _c_int00
11809e60   _close
1181030c   _coeff
1180ad60   _copy_in
11806240   _cos
118102fc   _denominator
1180e61c   _errno
1180a640   _exit
11808820   _exp
118102f8   _feature
11803240   _fft
11808000   _fputc
11805b80   _fputs
11806fa0   _free
11809680   _frexp
118097a0   _fseek
1180dc88   _gmm
11800394   _gmm_fit
118023e0   _gmm_free
11800200   _gmm_new
118021a4   _gmm_print_params
118004f0   _gmm_score
118002f0   _gmm_set_convergence_tol
11800328   _gmm_set_initialization_method
118002d8   _gmm_set_max_iter
1180030c   _gmm_set_regularization_value
118102ec   _kk
11809060   _ldexp
11810310   _llh
11808420   _log
1180aea0   _lseek
1180a700   _ltoa
11810304   _magnitude
118035a8   _main
11808ee0   _malloc
1180b620   _memccpy
1180af40   _memcpy
11809f40   _memset
1180dc20   _mfcc_result
1180b080   _modf
1180e070   _mu
11810300   _numerator
11803aa0   _pow
1180a020   _printf
11808000   _putc
1180b3e0   _rand
1180b460   _readmsg
1180ba00   _remove
11808620   _setvbuf
1180e1a8   _sigma
11807220   _sin
1180d420   _spectrum
11809ac0   _sqrt
1180b680   _srand
118102f0   _startflag
1180b8c0   _strcmp
1180b900   _time
118102f4   _training
1180b4e0   _unlink
1180bc20   _w
11802718   _wait
1180e2e0   _weight
1180b1c0   _write
1180b6e0   _writemsg
ffffffff   binit
1180f2b0   cinit
11810318   end
1180ba20   etext
ffffffff   pinit


GLOBAL SYMBOLS: SORTED BY Symbol Address 

address    name
--------   ----
00000001   __TI_args_main
00000400   __STACK_SIZE
00000400   __SYSMEM_SIZE
11800200   .text
11800200   ___text__
11800200   _gmm_new
118002d8   _gmm_set_max_iter
118002f0   _gmm_set_convergence_tol
1180030c   _gmm_set_regularization_value
11800328   _gmm_set_initialization_method
11800394   _gmm_fit
118004f0   _gmm_score
11800674   __gmm_init_params
118006b4   __gmm_init_params_random
11800b38   __gmm_init_params_kmeans
118012d0   __gmm_em_step
1180132c   __gmm_compute_membership_prob
11801678   __gmm_update_params
11801d4c   __gmm_log_gaussian_pdf
11801f94   __gmm_vec_l2_dist
11802020   __gmm_vec_add
118020ac   __gmm_vec_divide_by_scalar
1180210c   __gmm_vec_dot_prod
11802184   __gmm_pow2
118021a4   _gmm_print_params
118023e0   _gmm_free
11802480   _GetSampleFreq
11802488   _DSP_Init
118024a8   _DSP_Init_EDMA
118024c8   _InitLEDs
11802528   _WriteLEDs
1180260c   _ReadSwitches
11802624   _InitDigitalOutputs
11802630   _WriteDigitalOutputs
11802648   _Init_Interrupts
1180268c   _EnableInterrupts
118026c8   _Init_Interrupts_EDMA
118026d8   _EnableInterrupts_EDMA
11802718   _wait
1180274c   _Init_I2C
118027a8   _Reset_I2C
118027c8   _Write_I2C
118028ac   _ReadCodecData
118028d0   _WriteCodecData
118028f4   _CheckForOverrun
11802924   _Init_AIC3106
11802b6c   _AIC3106_write_reg
11802ba8   _Reset_AIC3106
11802bd0   _SetSampleRate_AIC3106
11802d18   _Init_McASP0
118030a8   _Init_UART2
11803160   _Write_UART2
11803188   _Puts_UART2
118031c8   _Read_UART2
118031e8   _IsDataReady_UART2
1180320c   _IsTxReady_UART2
11803240   _fft
118035a8   _main
11803aa0   _pow
118041c0   __divd
11804ce0   _GetCoefficient
11804ea4   _NormalizationFactor
11804f08   _GetFilterParameter
118050ac   _GetMagnitudeFactor
11805148   _GetCenterFrequency
11805740   __printfi
11805b80   _fputs
11806240   _cos
11806d20   __divf
11806fa0   _free
11807220   _sin
118074a0   __divull
11807ba0   _Codec_ISR
11808000   _fputc
11808000   _putc
11808420   _log
11808620   _setvbuf
11808820   _exp
11808bc0   __divul
11808d60   _HOSTrename
11808ee0   _malloc
11809060   _ldexp
11809440   __closefile
11809680   _frexp
118097a0   _fseek
118098c0   _HOSTlseek
118099c0   __wrt_ok
11809ac0   _sqrt
11809bc0   _HOSTopen
11809ca0   _HOSTread
11809d80   _atoi
11809e60   _close
11809f40   _memset
1180a020   _printf
1180a100   _HOSTunlink
1180a1c0   _HOSTwrite
1180a280   __auto_init
1180a400   __c6xabi_divu
1180a400   __divu
1180a4c0   __doflush
1180a580   __c6xabi_remi
1180a580   __remi
1180a640   _exit
1180a700   _ltoa
1180a7c0   _HOSTclose
1180a860   _HOSTtime
1180a900   __cleanup
1180a9a0   __divli
1180ab80   __fixdli
1180ac20   __nround
1180ad60   _copy_in
1180aea0   _lseek
1180af40   _memcpy
1180b080   _modf
1180b1c0   _write
1180b260   __fltlid
1180b2e0   __llshl
1180b360   _c_int00
1180b3e0   _rand
1180b460   _readmsg
1180b4e0   _unlink
1180b560   ___TI_cpp_init
1180b5c0   __subcull
1180b620   _memccpy
1180b680   _srand
1180b6e0   _writemsg
1180b738   C$$IO$$
1180b740   ___isinf
1180b7c0   __args_main
1180b800   __frcmpyd_div
1180b840   __llshru
1180b880   __remli
1180b8c0   _strcmp
1180b900   _time
1180b940   __negll
1180b960   __nop
1180b9c0   __trunc
1180b9e0   C$$EXIT
1180b9e0   _abort
1180ba00   _remove
1180ba20   _X
1180ba20   ___etext__
1180ba20   etext
1180bc20   _w
1180c420   _B
1180cc20   _Bmag
1180d420   _spectrum
1180dc20   _mfcc_result
1180dc88   _gmm
1180e070   _mu
1180e1a8   _sigma
1180e2e0   _weight
1180e2f8   __ftable
1180e4d8   __tmpnams
1180e618   __ft_end
1180e61c   _errno
1180e940   __cleanup_ptr
1180e944   __dtors_ptr
1180e948   ___TI_enable_exit_profile_output
1180e94c   _CodecDataIn
1180e950   _CodecDataOut
1180e954   __lock
1180e958   __unlock
1180f088   __ctypes_
1180f2b0   ___cinit__
1180f2b0   cinit
1180f9c8   __stack
1180fdc8   __STACK_END
1180fdc8   __sys_memory
118101c8   __CIOBUF_
118102e8   $bss
118102e8   .bss
118102e8   _M
118102e8   ___bss__
118102ec   _kk
118102f0   _startflag
118102f4   _training
118102f8   _feature
118102fc   _denominator
11810300   _numerator
11810304   _magnitude
11810308   _avg
1181030c   _coeff
11810310   _llh
11810318   ___end__
11810318   end
ffffffff   ___TI_pprof_out_hndl
ffffffff   ___TI_prof_data_size
ffffffff   ___TI_prof_data_start
ffffffff   ___binit__
ffffffff   ___c_args__
ffffffff   ___pinit__
ffffffff   binit
ffffffff   pinit

[194 symbols]
