******************************************************************************
               TMS320C6x Linker PC v7.4.16                     
******************************************************************************
>> Linked Fri May 03 14:32:43 2019

OUTPUT FILE NAME:   <Lab3P5.out>
ENTRY POINT SYMBOL: "_c_int00"  address: 11819dc0


MEMORY CONFIGURATION

         name            origin    length      used     unused   attr    fill
----------------------  --------  ---------  --------  --------  ----  --------
  VECTORS               11800000   00000200  00000200  00000000  RWIX
  DSPRAM                11800200   0003fe00  0001e73a  000216c6  RWIX
  SHAREDRAM             80000000   00020000  00000000  00020000  RWIX
  SDRAM                 c0000000   08000000  00000000  08000000  RWIX


SECTION ALLOCATION MAP

 output                                  attributes/
section   page    origin      length       input sections
--------  ----  ----------  ----------   ----------------
vectors    0    11800000    00000200     
                  11800000    00000200     vectors.obj (vectors)

.text      0    11800200    0001a800     
                  11800200    0000b840     svm.obj (.text)
                  1180ba40    00000dc0     LCDK_Support_DSP.obj (.text)
                  1180c800    00000900     rts6740.lib : _scanfi.obj (.text:__scanfi)
                  1180d100    00000900     main.obj (.text)
                  1180da00    00000720     rts6740.lib : pow.obj (.text:_pow)
                  1180e120    00000620                 : _scanfi.obj (.text:__sset_arg)
                  1180e740    000005a0                 : divd.obj (.text:__divd)
                  1180ece0    00000580                 : _printfi.obj (.text:__getarg_diouxp)
                  1180f260    00000540     libmfcc.obj (.text)
                  1180f7a0    00000520     rts6740.lib : _printfi.obj (.text:__setfield)
                  1180fcc0    000004c0                 : _scanfi.obj (.text:__sproc_int)
                  11810180    00000460                 : strtod.obj (.text:_strtod)
                  118105e0    00000460                 : strtol.obj (.text:_strtol)
                  11810a40    00000460                 : strtold.obj (.text:_strtold)
                  11810ea0    00000460                 : strtoll.obj (.text:_strtoll)
                  11811300    00000440                 : _printfi.obj (.text:__printfi)
                  11811740    00000400                 : fgets.obj (.text:__dofgets)
                  11811b40    00000400                 : strtoul.obj (.text:_strtoul)
                  11811f40    00000400                 : strtoull.obj (.text:_strtoull)
                  11812340    000003a0                 : fputs.obj (.text:_fputs)
                  118126e0    00000340                 : _scanfi.obj (.text:__sget_conv)
                  11812a20    00000320                 : _printfi.obj (.text:__pproc_fge)
                  11812d40    000002e0                 : _scanfi.obj (.text:__sproc_float)
                  11813020    000002e0                 : cos.obj (.text:_cos)
                  11813300    000002e0                 : powi.obj (.text:_powi)
                  118135e0    000002c0                 : _printfi.obj (.text:__pproc_fwp)
                  118138a0    000002c0                 : memory.obj (.text:_realloc)
                  11813b60    000002a0                 : _printfi.obj (.text:_ecvt)
                  11813e00    000002a0                 : _printfi.obj (.text:_fcvt)
                  118140a0    00000280                 : divf.obj (.text:__divf)
                  11814320    00000280                 : memory.obj (.text:_free)
                  118145a0    00000280                 : sin.obj (.text:_sin)
                  11814820    00000260                 : imath64.obj (.text:__divull)
                  11814a80    00000260                 : _printfi.obj (.text:__pconv_e)
                  11814ce0    00000240                 : _printfi.obj (.text:__pproc_diouxp)
                  11814f20    00000240     ISRs.obj (.text:retain)
                  11815160    00000220     rts6740.lib : _printfi.obj (.text:__pproc_str)
                  11815380    00000220                 : fputc.obj (.text:_fputc)
                  118155a0    00000200                 : _printfi.obj (.text:__pconv_g)
                  118157a0    00000200                 : log.obj (.text:_log)
                  118159a0    00000200                 : setvbuf.obj (.text:_setvbuf)
                  11815ba0    000001e0                 : exp.obj (.text:_exp)
                  11815d80    000001c0                 : _printfi.obj (.text:__mcpy)
                  11815f40    000001c0                 : fopen.obj (.text:__openfile)
                  11816100    000001a0                 : imath40.obj (.text:__divul)
                  118162a0    000001a0                 : _scanfi.obj (.text:__sproc_str)
                  11816440    000001a0                 : tanh.obj (.text:_tanh)
                  118165e0    00000180                 : trgdrv.obj (.text:_HOSTrename)
                  11816760    00000180                 : fscanf.obj (.text:__chkmbc)
                  118168e0    00000180                 : memory.obj (.text:_malloc)
                  11816a60    00000180                 : lowlev.obj (.text:_open)
                  11816be0    00000160                 : _scanfi.obj (.text:__sproc_lb)
                  11816d40    00000160                 : ldexp.obj (.text:_ldexp)
                  11816ea0    00000140                 : _printfi.obj (.text:__pproc_fflags)
                  11816fe0    00000140                 : fgetc.obj (.text:_fgetc)
                  11817120    00000140                 : ftell.obj (.text:_ftell)
                  11817260    00000140                 : lowlev.obj (.text:_getdevice)
                  118173a0    00000140                 : ungetc.obj (.text:_ungetc)
                  118174e0    00000120                 : _bufread.obj (.text:__buff_read)
                  11817600    00000120                 : fclose.obj (.text:__closefile)
                  11817720    00000120                 : _printfi.obj (.text:__ltostr)
                  11817840    00000120                 : fopen.obj (.text:__search_fp)
                  11817960    00000120                 : _scanfi.obj (.text:__sget_scanset)
                  11817a80    00000120                 : frexp.obj (.text:_frexp)
                  11817ba0    00000120                 : fseek.obj (.text:_fseek)
                  11817cc0    00000100                 : trgdrv.obj (.text:_HOSTlseek)
                  11817dc0    00000100                 : _io_perm.obj (.text:__wrt_ok)
                  11817ec0    00000100                 : fprintf.obj (.text:_fprintf)
                  11817fc0    00000100                 : sqrt.obj (.text:_sqrt)
                  118180c0    000000e0                 : trgdrv.obj (.text:_HOSTopen)
                  118181a0    000000e0                 : trgdrv.obj (.text:_HOSTread)
                  11818280    000000e0                 : divi.obj (.text:__divi)
                  11818360    000000e0                 : atoi.obj (.text:_atoi)
                  11818440    000000e0                 : lowlev.obj (.text:_close)
                  11818520    000000e0                 : fflush.obj (.text:_fflush)
                  11818600    000000e0                 : fscanf.obj (.text:_fscanf)
                  118186e0    000000e0                 : memset.obj (.text:_memset)
                  118187c0    000000e0                 : printf.obj (.text:_printf)
                  118188a0    000000c0                 : trgdrv.obj (.text:_HOSTunlink)
                  11818960    000000c0                 : trgdrv.obj (.text:_HOSTwrite)
                  11818a20    000000c0                 : autoinit.obj (.text:__auto_init)
                  11818ae0    000000c0                 : _printfi.obj (.text:__div)
                  11818ba0    000000c0                 : divu.obj (.text:__divu)
                  11818c60    000000c0                 : fflush.obj (.text:__doflush)
                  11818d20    000000c0                 : _io_perm.obj (.text:__rd_ok)
                  11818de0    000000c0                 : remi.obj (.text:__remi)
                  11818ea0    000000c0                 : exit.obj (.text:_exit)
                  11818f60    000000c0                 : ltoa.obj (.text:_ltoa)
                  11819020    000000c0                 : strtok.obj (.text:_strtok)
                  118190e0    000000a0                 : trgdrv.obj (.text:_HOSTclose)
                  11819180    000000a0                 : new_.obj (.text:___nw__FUi)
                  11819220    000000a0                 : fopen.obj (.text:__cleanup)
                  118192c0    000000a0                 : imath40.obj (.text:__divli)
                  11819360    000000a0                 : _printfi.obj (.text:__ecpy)
                  11819400    000000a0                 : _printfi.obj (.text:__fcpy)
                  118194a0    000000a0                 : fixdli.obj (.text:__fixdli)
                  11819540    000000a0                 : round.obj (.text:__nround)
                  118195e0    000000a0                 : _printfi.obj (.text:__pconv_f)
                  11819680    000000a0                 : cpy_tbl.obj (.text:_copy_in)
                  11819720    000000a0                 : lowlev.obj (.text:_finddevice)
                  118197c0    000000a0                 : lowlev.obj (.text:_lseek)
                  11819860    000000a0                 : memcpy64.obj (.text:_memcpy)
                  11819900    000000a0                 : memory.obj (.text:_minsert)
                  118199a0    000000a0                 : modf.obj (.text:_modf)
                  11819a40    000000a0                 : memory.obj (.text:_mremove)
                  11819ae0    000000a0                 : lowlev.obj (.text:_read)
                  11819b80    000000a0                 : strspn.obj (.text:_strspn)
                  11819c20    000000a0                 : lowlev.obj (.text:_write)
                  11819cc0    00000080                 : fltlid.obj (.text:__fltlid)
                  11819d40    00000080                 : llshift.obj (.text:__llshl)
                  11819dc0    00000080                 : boot.obj (.text:_c_int00)
                  11819e40    00000080                 : memory.obj (.text:_calloc)
                  11819ec0    00000080                 : rand.obj (.text:_rand)
                  11819f40    00000080                 : trgmsg.obj (.text:_readmsg)
                  11819fc0    00000080                 : lowlev.obj (.text:_unlink)
                  1181a040    00000060                 : cpp_init.obj (.text:___TI_cpp_init)
                  1181a0a0    00000060                 : imath64.obj (.text:__remull)
                  1181a100    00000060                 : imath64.obj (.text:__subcull)
                  1181a160    00000060                 : fclose.obj (.text:_fclose)
                  1181a1c0    00000060                 : ferror.obj (.text:_ferror)
                  1181a220    00000060                 : fopen.obj (.text:_fopen)
                  1181a280    00000060                 : memccpy.obj (.text:_memccpy)
                  1181a2e0    00000060                 : setlocale.obj (.text:_setlocale)
                  1181a340    00000060                 : strcspn.obj (.text:_strcspn)
                  1181a3a0    00000060                 : strrchr.obj (.text:_strrchr)
                  1181a400    00000060                 : lowlev.obj (.text:_tabinit)
                  1181a460    00000060                 : vsprintf.obj (.text:_vsprintf)
                  1181a4c0    00000060                 : trgmsg.obj (.text:_writemsg)
                  1181a520    00000040                 : isinf.obj (.text:___isinf)
                  1181a560    00000040                 : _printfi.obj (.text:___isnan)
                  1181a5a0    00000040                 : args_main.obj (.text:__args_main)
                  1181a5e0    00000040                 : frcmpyd_div.obj (.text:__frcmpyd_div)
                  1181a620    00000040                 : llshift.obj (.text:__llshru)
                  1181a660    00000040                 : vsprintf.obj (.text:__outs)
                  1181a6a0    00000040                 : imath40.obj (.text:__remli)
                  1181a6e0    00000040                 : imath40.obj (.text:__remul)
                  1181a720    00000040                 : strcmp.obj (.text:_strcmp)
                  1181a760    00000040                 : strlen.obj (.text:_strlen)
                  1181a7a0    00000020                 : error.obj (.text:___abort_execution)
                  1181a7c0    00000020                 : newhandler.obj (.text:___default_new_handler__Fv)
                  1181a7e0    00000020                 : delete.obj (.text:___dl__FPv)
                  1181a800    00000020                 : array_del.obj (.text:___dla__FPv)
                  1181a820    00000020                 : array_new.obj (.text:___nwa__FUi)
                  1181a840    00000020                 : pure_virt.obj (.text:___pure_virtual_called)
                  1181a860    00000020                 : fscanf.obj (.text:__inpchar)
                  1181a880    00000020                 : negll.obj (.text:__negll)
                  1181a8a0    00000020                 : _lock.obj (.text:__nop)
                  1181a8c0    00000020                 : fprintf.obj (.text:__outc)
                  1181a8e0    00000020                 : printf.obj (.text:__outc)
                  1181a900    00000020                 : vsprintf.obj (.text:__outc)
                  1181a920    00000020                 : fprintf.obj (.text:__outs)
                  1181a940    00000020                 : printf.obj (.text:__outs)
                  1181a960    00000020                 : trunc.obj (.text:__trunc)
                  1181a980    00000020                 : fscanf.obj (.text:__uninpchar)
                  1181a9a0    00000020                 : exit.obj (.text:_abort)
                  1181a9c0    00000020                 : fgets.obj (.text:_fgets)
                  1181a9e0    00000020                 : remove.obj (.text:_remove)

.far       0    1181aa00    000022f8     UNINITIALIZED
                  1181aa00    00001be0     main.obj (.far)
                  1181c5e0    00000324     rts6740.lib : defs.obj (.far)
                  1181c904    00000004                 : errno.obj (.far)
                  1181c908    00000120                 : pow.obj (.far)
                  1181ca28    0000011c                 : lowlev.obj (.far)
                  1181cb44    00000004                 : fopen.obj (.far)
                  1181cb48    00000040                 : cos.obj (.far)
                  1181cb88    00000040                 : sin.obj (.far)
                  1181cbc8    00000034                 : setlocale.obj (.far)
                  1181cbfc    00000004                 : strtok.obj (.far)
                  1181cc00    00000030                 : exp.obj (.far)
                  1181cc30    00000030                 : log.obj (.far)
                  1181cc60    00000030                 : tanh.obj (.far)
                  1181cc90    00000030     svm.obj (.far)
                  1181ccc0    0000000c     rts6740.lib : exit.obj (.far)
                  1181cccc    00000008     ISRs.obj (.far)
                  1181ccd4    00000008     rts6740.lib : _lock.obj (.far)
                  1181ccdc    00000008                 : memory.obj (.far)
                  1181cce4    00000004                 : vars.obj (.far)
                  1181cce8    00000008                 : rand.obj (.far)
                  1181ccf0    00000008                 : trgdrv.obj (.far)

.const     0    1181ccf8    00000b2e     
                  1181ccf8    000005d8     svm.obj (.const:.string)
                  1181d2d0    0000016c     gmm.obj (.const:.string)
                  1181d43c    00000002     rts6740.lib : fputs.obj (.const:.string)
                  1181d43e    00000002     --HOLE-- [fill = 0]
                  1181d440    00000101                 : ctype.obj (.const:.string:__ctypes_)
                  1181d541    00000005                 : setlocale.obj (.const:.string)
                  1181d546    00000002     --HOLE-- [fill = 0]
                  1181d548    00000050                 : strtod.obj (.const:_digits)
                  1181d598    00000050                 : strtold.obj (.const:_digits)
                  1181d5e8    00000048                 : strtod.obj (.const:_powerof10)
                  1181d630    00000048                 : strtold.obj (.const:_powerof10)
                  1181d678    00000038     main.obj (.const:.string)
                  1181d6b0    00000028     svm.obj (.const:___vtbl__11ONE_CLASS_Q)
                  1181d6d8    00000028     svm.obj (.const:___vtbl__5SVC_Q)
                  1181d700    00000028     svm.obj (.const:___vtbl__5SVR_Q)
                  1181d728    00000028     svm.obj (.const:___vtbl__6Kernel)
                  1181d750    00000028     svm.obj (.const:___vtbl__6Solver)
                  1181d778    00000028     svm.obj (.const:___vtbl__7QMatrix)
                  1181d7a0    00000028     svm.obj (.const:___vtbl__9Solver_NU)
                  1181d7c8    00000028     svm.obj (.const)
                  1181d7f0    00000023     rts6740.lib : _printfi.obj (.const:.string)
                  1181d813    00000005     --HOLE-- [fill = 0]
                  1181d818    00000007                 : _scanfi.obj (.const:.string:_flit$1)
                  1181d81f    00000001     --HOLE-- [fill = 0]
                  1181d820    00000006                 : _scanfi.obj (.const:.string:_barr$2)

.cinit     0    1181d828    00000724     
                  1181d828    0000023c     main.obj (.cinit)
                  1181da64    00000004     --HOLE-- [fill = 0]
                  1181da68    00000140     rts6740.lib : pow.obj (.cinit)
                  1181dba8    0000006c     svm.obj (.cinit)
                  1181dc14    00000004     --HOLE-- [fill = 0]
                  1181dc18    0000005c     rts6740.lib : defs.obj (.cinit)
                  1181dc74    00000004     --HOLE-- [fill = 0]
                  1181dc78    0000005c                 : lowlev.obj (.cinit)
                  1181dcd4    00000004     --HOLE-- [fill = 0]
                  1181dcd8    00000048                 : cos.obj (.cinit)
                  1181dd20    00000048                 : sin.obj (.cinit)
                  1181dd68    00000040                 : exp.obj (.cinit)
                  1181dda8    00000040                 : log.obj (.cinit)
                  1181dde8    00000040                 : tanh.obj (.cinit)
                  1181de28    00000039                 : setlocale.obj (.cinit)
                  1181de61    00000007     --HOLE-- [fill = 0]
                  1181de68    0000002c                 : exit.obj (.cinit)
                  1181de94    00000004     --HOLE-- [fill = 0]
                  1181de98    0000002c                 : memory.obj (.cinit)
                  1181dec4    00000004     --HOLE-- [fill = 0]
                  1181dec8    0000001c                 : _lock.obj (.cinit)
                  1181dee4    00000004     --HOLE-- [fill = 0]
                  1181dee8    00000010                 : rand.obj (.cinit)
                  1181def8    0000000c     LCDK_Support_DSP.obj (.cinit)
                  1181df04    00000004     --HOLE-- [fill = 0]
                  1181df08    0000000c     rts6740.lib : errno.obj (.cinit)
                  1181df14    00000004     --HOLE-- [fill = 0]
                  1181df18    0000000c                 : fopen.obj (.cinit)
                  1181df24    00000004     --HOLE-- [fill = 0]
                  1181df28    0000000c                 : strtok.obj (.cinit)
                  1181df34    00000004     --HOLE-- [fill = 0]
                  1181df38    0000000c                 : vars.obj (.cinit)
                  1181df44    00000004     --HOLE-- [fill = 0]
                  1181df48    00000004     (.pad.cinit) [fill = 0]

.stack     0    1181df50    00000400     UNINITIALIZED
                  1181df50    00000008     rts6740.lib : boot.obj (.stack)
                  1181df58    000003f8     --HOLE--

.sysmem    0    1181e350    00000400     UNINITIALIZED
                  1181e350    00000008     rts6740.lib : memory.obj (.sysmem)
                  1181e358    000003f8     --HOLE--

.cio       0    1181e750    00000120     UNINITIALIZED
                  1181e750    00000120     rts6740.lib : trgmsg.obj (.cio)

.switch    0    1181e870    0000007c     
                  1181e870    00000028     rts6740.lib : _scanfi.obj (.switch:__sset_arg)
                  1181e898    00000018     LCDK_Support_DSP.obj (.switch:_SetSampleRate_AIC3106)
                  1181e8b0    00000014     svm.obj (.switch:___ct__6KernelFiPCP8svm_nodeRC13svm_parameter)
                  1181e8c4    00000014     svm.obj (.switch:_k_function__6KernelSFPC8svm_nodeT1RC13svm_parameter)
                  1181e8d8    00000014     svm.obj (.switch:_svm_train_one__FPC11svm_problemPC13svm_parameterdT3)

.bss       0    1181e8f0    00000054     UNINITIALIZED
                  1181e8f0    00000040     main.obj (.bss)
                  1181e930    00000010     svm.obj (.bss)
                  1181e940    00000004     LCDK_Support_DSP.obj (.bss)


GLOBAL SYMBOLS: SORTED ALPHABETICALLY BY Name 

address    name
--------   ----
1181e8f0   $bss
1181e8f0   .bss
11800200   .text
1181a9a0   C$$EXIT
1181a518   C$$IO$$
1180c12c   _AIC3106_write_reg
1181b408   _B
1181cbc8   _C_locale
1180beb4   _CheckForOverrun
1181cccc   _CodecDataIn
1181ccd0   _CodecDataOut
11814f20   _Codec_ISR
1180ba48   _DSP_Init
1180ba68   _DSP_Init_EDMA
1180bc4c   _EnableInterrupts
1180bc98   _EnableInterrupts_EDMA
1180f6c8   _GetCenterFrequency
1180f260   _GetCoefficient
1180f488   _GetFilterParameter
1180f62c   _GetMagnitudeFactor
1180ba40   _GetSampleFreq
118190e0   _HOSTclose
11817cc0   _HOSTlseek
118180c0   _HOSTopen
118181a0   _HOSTread
118165e0   _HOSTrename
118188a0   _HOSTunlink
11818960   _HOSTwrite
1180bbe4   _InitDigitalOutputs
1180ba88   _InitLEDs
1180bee4   _Init_AIC3106
1180bd0c   _Init_I2C
1180bc08   _Init_Interrupts
1180bc88   _Init_Interrupts_EDMA
1180c2d8   _Init_McASP0
1180c668   _Init_UART2
1180c7a8   _IsDataReady_UART2
1180c7cc   _IsTxReady_UART2
1181e8f0   _M
1180f424   _NormalizationFactor
1180c748   _Puts_UART2
1180be6c   _ReadCodecData
1180bbcc   _ReadSwitches
1180c788   _Read_UART2
1180c168   _Reset_AIC3106
1180bd68   _Reset_I2C
1180c190   _SetSampleRate_AIC3106
11808c74   _Solve__6SolverFiRC7QMatrixPCdPCScPddN26PQ2_6Solver12SolutionInfoT1
1181c470   _UARTdouble
1181aa00   _UARTout
1180be90   _WriteCodecData
1180bbf0   _WriteDigitalOutputs
1180bae8   _WriteLEDs
1180bd88   _Write_I2C
1180c720   _Write_UART2
1181aa08   _X
1181e750   __CIOBUF_
1181e350   __STACK_END
00000400   __STACK_SIZE
00000400   __SYSMEM_SIZE
00000001   __TI_args_main
1181a040   ___TI_cpp_init
1181ccc8   ___TI_enable_exit_profile_output
ffffffff   ___TI_pprof_out_hndl
ffffffff   ___TI_prof_data_size
ffffffff   ___TI_prof_data_start
1181a7a0   ___abort_execution
ffffffff   ___binit__
1181e8f0   ___bss__
ffffffff   ___c_args__
1181d828   ___cinit__
11808280   ___ct__5CacheFil
118087ac   ___ct__6KernelFiPCP8svm_nodeRC13svm_parameter
1181a7c0   ___default_new_handler__Fv
1181a7e0   ___dl__FPv
1181a800   ___dla__FPv
11808374   ___dt__5CacheFv
11808980   ___dt__6KernelFv
1181e944   ___end__
1181aa00   ___etext__
1181a520   ___isinf
11819180   ___nw__FUi
1181a820   ___nwa__FUi
ffffffff   ___pinit__
1181a840   ___pure_virtual_called
11800200   ___text__
1181d728   ___vtbl__6Kernel
1181d750   ___vtbl__6Solver
1181d7a0   ___vtbl__9Solver_NU
1181a5a0   __args_main
11818a20   __auto_init
118174e0   __buff_read
11818280   __c6xabi_divi
11818ba0   __c6xabi_divu
11818de0   __c6xabi_remi
11819220   __cleanup
1181ccc0   __cleanup_ptr
11817600   __closefile
1181d440   __ctypes_
1180e740   __divd
118140a0   __divf
11818280   __divi
118192c0   __divli
11818ba0   __divu
11816100   __divul
11814820   __divull
11818c60   __doflush
1181ccc4   __dtors_ptr
118194a0   __fixdli
11819cc0   __fltlid
1181a5e0   __frcmpyd_div
1181c900   __ft_end
1181c5e0   __ftable
11819d40   __llshl
1181a620   __llshru
1181ccd4   __lock
1181a880   __negll
1181cce4   __new_handler
1181a8a0   __nop
11819540   __nround
11811300   __printfi
11818d20   __rd_ok
11818de0   __remi
1181a6a0   __remli
1181a6e0   __remul
1181a0a0   __remull
1180c800   __scanfi
1181df50   __stack
1181a100   __subcull
1181e350   __sys_memory
1181c7c0   __tmpnams
1181a960   __trunc
1181ccd8   __unlock
11817dc0   __wrt_ok
1181a9a0   _abort
11818360   _atoi
1181e910   _avg
1180ac4c   _be_shrunk__6SolverFidT2
1180b614   _be_shrunk__9Solver_NUFidN32
1181e8fc   _begining
1181c5b0   _beta
11819dc0   _c_int00
1180a790   _calculate_rho__6SolverFv
1180b34c   _calculate_rho__9Solver_NUFv
11819e40   _calloc
11818440   _close
1181e914   _coeff
11819680   _copy_in
11813020   _cos
1181e928   _dd
1181e904   _denominator
1180a950   _do_shrinking__6SolverFv
1180b70c   _do_shrinking__9Solver_NUFv
11808bc0   _dot__6KernelSFPC8svm_nodeT1
1181c904   _errno
11818ea0   _exit
11815ba0   _exp
1181a160   _fclose
1181e900   _feature
1181a1c0   _ferror
11818520   _fflush
1180d100   _fft
11816fe0   _fgetc
1181a9c0   _fgets
1181a220   _fopen
11817ec0   _fprintf
11815380   _fputc
11812340   _fputs
11814320   _free
11817a80   _frexp
11818600   _fscanf
11817ba0   _fseek
11817120   _ftell
118083f8   _get_data__5CacheFiPPfT1
11816fe0   _getc
118089d0   _k_function__6KernelSFPC8svm_nodeT1RC13svm_parameter
1181e8f4   _kk
1181e92c   _label
11816d40   _ldexp
1181e930   _libsvm_version
1181e918   _llh
118157a0   _log
11808728   _lru_delete__5CacheFPQ2_5Cache6head_t
11808758   _lru_insert__5CacheFPQ2_5Cache6head_t
118197c0   _lseek
11818f60   _ltoa
1181e90c   _magnitude
1180d468   _main
118168e0   _malloc
1181a280   _memccpy
11819860   _memcpy
118186e0   _memset
1181c408   _mfcc_result
118199a0   _modf
1181e908   _numerator
11816a60   _open
1180da00   _pow
11813300   _powi
118187c0   _printf
11815380   _putc
11819ec0   _rand
11819ae0   _read
11806be0   _read_model_header__FPQ2_3std4FILEP9svm_model
11819f40   _readmsg
118138a0   _realloc
11809ec4   _reconstruct_gradient__6SolverFv
1181a9e0   _remove
1180a20c   _select_working_set__6SolverFRiT1
1180ad34   _select_working_set__9Solver_NUFRiT1
1181a2e0   _setlocale
118159a0   _setvbuf
118145a0   _sin
1181bc08   _spectrum
11817fc0   _sqrt
1181e8f8   _startflag
1181a720   _strcmp
1181a340   _strcspn
1181a760   _strlen
1181a3a0   _strrchr
11819b80   _strspn
11810180   _strtod
11819020   _strtok
118105e0   _strtol
11810a40   _strtold
11810ea0   _strtoll
11811b40   _strtoul
11811f40   _strtoull
11807d20   _svm_check_parameter
118081e0   _svm_check_probability_model
11805210   _svm_cross_validation
11807cf8   _svm_destroy_param
11807cb4   _svm_free_and_destroy_model
11807b14   _svm_free_model_content
118059e0   _svm_get_labels
118059c8   _svm_get_nr_class
11805ab0   _svm_get_nr_sv
11805a4c   _svm_get_sv_indices
118059b0   _svm_get_svm_type
11805ac8   _svm_get_svr_probability
118076f4   _svm_load_model
118060ec   _svm_predict
11806184   _svm_predict_probability
11805b28   _svm_predict_values
118072d0   _svm_read_model
11806464   _svm_save_model
11808250   _svm_set_print_string_function__FPFPCc_v
1180424c   _svm_train
11808524   _swap_index__5CacheFiT1
11809d84   _swap_index__6SolverFiT1
11816440   _tanh
1181c5c8   _tempgx
1181e920   _tempmax
118173a0   _ungetc
11819fc0   _unlink
1181a460   _vsprintf
1181ac08   _w
1180bcd8   _wait
11819c20   _write
1181a4c0   _writemsg
1181c478   _wt
ffffffff   binit
1181d828   cinit
1181e944   end
1181aa00   etext
ffffffff   pinit


GLOBAL SYMBOLS: SORTED BY Symbol Address 

address    name
--------   ----
00000001   __TI_args_main
00000400   __STACK_SIZE
00000400   __SYSMEM_SIZE
11800200   .text
11800200   ___text__
1180424c   _svm_train
11805210   _svm_cross_validation
118059b0   _svm_get_svm_type
118059c8   _svm_get_nr_class
118059e0   _svm_get_labels
11805a4c   _svm_get_sv_indices
11805ab0   _svm_get_nr_sv
11805ac8   _svm_get_svr_probability
11805b28   _svm_predict_values
118060ec   _svm_predict
11806184   _svm_predict_probability
11806464   _svm_save_model
11806be0   _read_model_header__FPQ2_3std4FILEP9svm_model
118072d0   _svm_read_model
118076f4   _svm_load_model
11807b14   _svm_free_model_content
11807cb4   _svm_free_and_destroy_model
11807cf8   _svm_destroy_param
11807d20   _svm_check_parameter
118081e0   _svm_check_probability_model
11808250   _svm_set_print_string_function__FPFPCc_v
11808280   ___ct__5CacheFil
11808374   ___dt__5CacheFv
118083f8   _get_data__5CacheFiPPfT1
11808524   _swap_index__5CacheFiT1
11808728   _lru_delete__5CacheFPQ2_5Cache6head_t
11808758   _lru_insert__5CacheFPQ2_5Cache6head_t
118087ac   ___ct__6KernelFiPCP8svm_nodeRC13svm_parameter
11808980   ___dt__6KernelFv
118089d0   _k_function__6KernelSFPC8svm_nodeT1RC13svm_parameter
11808bc0   _dot__6KernelSFPC8svm_nodeT1
11808c74   _Solve__6SolverFiRC7QMatrixPCdPCScPddN26PQ2_6Solver12SolutionInfoT1
11809d84   _swap_index__6SolverFiT1
11809ec4   _reconstruct_gradient__6SolverFv
1180a20c   _select_working_set__6SolverFRiT1
1180a790   _calculate_rho__6SolverFv
1180a950   _do_shrinking__6SolverFv
1180ac4c   _be_shrunk__6SolverFidT2
1180ad34   _select_working_set__9Solver_NUFRiT1
1180b34c   _calculate_rho__9Solver_NUFv
1180b614   _be_shrunk__9Solver_NUFidN32
1180b70c   _do_shrinking__9Solver_NUFv
1180ba40   _GetSampleFreq
1180ba48   _DSP_Init
1180ba68   _DSP_Init_EDMA
1180ba88   _InitLEDs
1180bae8   _WriteLEDs
1180bbcc   _ReadSwitches
1180bbe4   _InitDigitalOutputs
1180bbf0   _WriteDigitalOutputs
1180bc08   _Init_Interrupts
1180bc4c   _EnableInterrupts
1180bc88   _Init_Interrupts_EDMA
1180bc98   _EnableInterrupts_EDMA
1180bcd8   _wait
1180bd0c   _Init_I2C
1180bd68   _Reset_I2C
1180bd88   _Write_I2C
1180be6c   _ReadCodecData
1180be90   _WriteCodecData
1180beb4   _CheckForOverrun
1180bee4   _Init_AIC3106
1180c12c   _AIC3106_write_reg
1180c168   _Reset_AIC3106
1180c190   _SetSampleRate_AIC3106
1180c2d8   _Init_McASP0
1180c668   _Init_UART2
1180c720   _Write_UART2
1180c748   _Puts_UART2
1180c788   _Read_UART2
1180c7a8   _IsDataReady_UART2
1180c7cc   _IsTxReady_UART2
1180c800   __scanfi
1180d100   _fft
1180d468   _main
1180da00   _pow
1180e740   __divd
1180f260   _GetCoefficient
1180f424   _NormalizationFactor
1180f488   _GetFilterParameter
1180f62c   _GetMagnitudeFactor
1180f6c8   _GetCenterFrequency
11810180   _strtod
118105e0   _strtol
11810a40   _strtold
11810ea0   _strtoll
11811300   __printfi
11811b40   _strtoul
11811f40   _strtoull
11812340   _fputs
11813020   _cos
11813300   _powi
118138a0   _realloc
118140a0   __divf
11814320   _free
118145a0   _sin
11814820   __divull
11814f20   _Codec_ISR
11815380   _fputc
11815380   _putc
118157a0   _log
118159a0   _setvbuf
11815ba0   _exp
11816100   __divul
11816440   _tanh
118165e0   _HOSTrename
118168e0   _malloc
11816a60   _open
11816d40   _ldexp
11816fe0   _fgetc
11816fe0   _getc
11817120   _ftell
118173a0   _ungetc
118174e0   __buff_read
11817600   __closefile
11817a80   _frexp
11817ba0   _fseek
11817cc0   _HOSTlseek
11817dc0   __wrt_ok
11817ec0   _fprintf
11817fc0   _sqrt
118180c0   _HOSTopen
118181a0   _HOSTread
11818280   __c6xabi_divi
11818280   __divi
11818360   _atoi
11818440   _close
11818520   _fflush
11818600   _fscanf
118186e0   _memset
118187c0   _printf
118188a0   _HOSTunlink
11818960   _HOSTwrite
11818a20   __auto_init
11818ba0   __c6xabi_divu
11818ba0   __divu
11818c60   __doflush
11818d20   __rd_ok
11818de0   __c6xabi_remi
11818de0   __remi
11818ea0   _exit
11818f60   _ltoa
11819020   _strtok
118190e0   _HOSTclose
11819180   ___nw__FUi
11819220   __cleanup
118192c0   __divli
118194a0   __fixdli
11819540   __nround
11819680   _copy_in
118197c0   _lseek
11819860   _memcpy
118199a0   _modf
11819ae0   _read
11819b80   _strspn
11819c20   _write
11819cc0   __fltlid
11819d40   __llshl
11819dc0   _c_int00
11819e40   _calloc
11819ec0   _rand
11819f40   _readmsg
11819fc0   _unlink
1181a040   ___TI_cpp_init
1181a0a0   __remull
1181a100   __subcull
1181a160   _fclose
1181a1c0   _ferror
1181a220   _fopen
1181a280   _memccpy
1181a2e0   _setlocale
1181a340   _strcspn
1181a3a0   _strrchr
1181a460   _vsprintf
1181a4c0   _writemsg
1181a518   C$$IO$$
1181a520   ___isinf
1181a5a0   __args_main
1181a5e0   __frcmpyd_div
1181a620   __llshru
1181a6a0   __remli
1181a6e0   __remul
1181a720   _strcmp
1181a760   _strlen
1181a7a0   ___abort_execution
1181a7c0   ___default_new_handler__Fv
1181a7e0   ___dl__FPv
1181a800   ___dla__FPv
1181a820   ___nwa__FUi
1181a840   ___pure_virtual_called
1181a880   __negll
1181a8a0   __nop
1181a960   __trunc
1181a9a0   C$$EXIT
1181a9a0   _abort
1181a9c0   _fgets
1181a9e0   _remove
1181aa00   _UARTout
1181aa00   ___etext__
1181aa00   etext
1181aa08   _X
1181ac08   _w
1181b408   _B
1181bc08   _spectrum
1181c408   _mfcc_result
1181c470   _UARTdouble
1181c478   _wt
1181c5b0   _beta
1181c5c8   _tempgx
1181c5e0   __ftable
1181c7c0   __tmpnams
1181c900   __ft_end
1181c904   _errno
1181cbc8   _C_locale
1181ccc0   __cleanup_ptr
1181ccc4   __dtors_ptr
1181ccc8   ___TI_enable_exit_profile_output
1181cccc   _CodecDataIn
1181ccd0   _CodecDataOut
1181ccd4   __lock
1181ccd8   __unlock
1181cce4   __new_handler
1181d440   __ctypes_
1181d728   ___vtbl__6Kernel
1181d750   ___vtbl__6Solver
1181d7a0   ___vtbl__9Solver_NU
1181d828   ___cinit__
1181d828   cinit
1181df50   __stack
1181e350   __STACK_END
1181e350   __sys_memory
1181e750   __CIOBUF_
1181e8f0   $bss
1181e8f0   .bss
1181e8f0   _M
1181e8f0   ___bss__
1181e8f4   _kk
1181e8f8   _startflag
1181e8fc   _begining
1181e900   _feature
1181e904   _denominator
1181e908   _numerator
1181e90c   _magnitude
1181e910   _avg
1181e914   _coeff
1181e918   _llh
1181e920   _tempmax
1181e928   _dd
1181e92c   _label
1181e930   _libsvm_version
1181e944   ___end__
1181e944   end
ffffffff   ___TI_pprof_out_hndl
ffffffff   ___TI_prof_data_size
ffffffff   ___TI_prof_data_start
ffffffff   ___binit__
ffffffff   ___c_args__
ffffffff   ___pinit__
ffffffff   binit
ffffffff   pinit

[265 symbols]
